Archive member included to satisfy reference by file (symbol)

//usr/lib32/libc_nonshared.a(elf-init.oS)
                              /usr/lib/gcc/x86_64-linux-gnu/8/../../../../lib32/crt1.o (__libc_csu_init)
//usr/lib32/libc_nonshared.a(stack_chk_fail_local.oS)
                              /senslab/users/iot2023oulu15/test-iot/bin/native/application_example/main.o (__stack_chk_fail_local)

Discarded input sections

 .rodata        0x0000000000000000        0x4 /usr/lib/gcc/x86_64-linux-gnu/8/../../../../lib32/crt1.o
 .data          0x0000000000000000        0x4 /usr/lib/gcc/x86_64-linux-gnu/8/../../../../lib32/crt1.o
 .bss           0x0000000000000000        0x0 /usr/lib/gcc/x86_64-linux-gnu/8/../../../../lib32/crt1.o
 .note.GNU-stack
                0x0000000000000000        0x0 /usr/lib/gcc/x86_64-linux-gnu/8/../../../../lib32/crt1.o
 .text          0x0000000000000000        0x0 /usr/lib/gcc/x86_64-linux-gnu/8/../../../../lib32/crti.o
 .data          0x0000000000000000        0x0 /usr/lib/gcc/x86_64-linux-gnu/8/../../../../lib32/crti.o
 .bss           0x0000000000000000        0x0 /usr/lib/gcc/x86_64-linux-gnu/8/../../../../lib32/crti.o
 .note.GNU-stack
                0x0000000000000000        0x0 /usr/lib/gcc/x86_64-linux-gnu/8/../../../../lib32/crti.o
 .data          0x0000000000000000        0x4 /usr/lib/gcc/x86_64-linux-gnu/8/32/crtbegin.o
 .note.GNU-stack
                0x0000000000000000        0x0 /usr/lib/gcc/x86_64-linux-gnu/8/32/crtbegin.o
 .group         0x0000000000000000        0x8 /senslab/users/iot2023oulu15/test-iot/bin/native/application_example/main.o
 .group         0x0000000000000000        0xc /senslab/users/iot2023oulu15/test-iot/bin/native/application_example/main.o
 .group         0x0000000000000000        0xc /senslab/users/iot2023oulu15/test-iot/bin/native/application_example/main.o
 .group         0x0000000000000000        0xc /senslab/users/iot2023oulu15/test-iot/bin/native/application_example/main.o
 .group         0x0000000000000000        0xc /senslab/users/iot2023oulu15/test-iot/bin/native/application_example/main.o
 .group         0x0000000000000000        0xc /senslab/users/iot2023oulu15/test-iot/bin/native/application_example/main.o
 .group         0x0000000000000000        0xc /senslab/users/iot2023oulu15/test-iot/bin/native/application_example/main.o
 .group         0x0000000000000000        0xc /senslab/users/iot2023oulu15/test-iot/bin/native/application_example/main.o
 .group         0x0000000000000000        0xc /senslab/users/iot2023oulu15/test-iot/bin/native/application_example/main.o
 .group         0x0000000000000000        0xc /senslab/users/iot2023oulu15/test-iot/bin/native/application_example/main.o
 .group         0x0000000000000000        0xc /senslab/users/iot2023oulu15/test-iot/bin/native/application_example/main.o
 .group         0x0000000000000000        0xc /senslab/users/iot2023oulu15/test-iot/bin/native/application_example/main.o
 .group         0x0000000000000000        0xc /senslab/users/iot2023oulu15/test-iot/bin/native/application_example/main.o
 .group         0x0000000000000000        0xc /senslab/users/iot2023oulu15/test-iot/bin/native/application_example/main.o
 .group         0x0000000000000000        0xc /senslab/users/iot2023oulu15/test-iot/bin/native/application_example/main.o
 .group         0x0000000000000000        0xc /senslab/users/iot2023oulu15/test-iot/bin/native/application_example/main.o
 .group         0x0000000000000000        0xc /senslab/users/iot2023oulu15/test-iot/bin/native/application_example/main.o
 .group         0x0000000000000000        0xc /senslab/users/iot2023oulu15/test-iot/bin/native/application_example/main.o
 .group         0x0000000000000000        0xc /senslab/users/iot2023oulu15/test-iot/bin/native/application_example/main.o
 .group         0x0000000000000000        0xc /senslab/users/iot2023oulu15/test-iot/bin/native/application_example/main.o
 .group         0x0000000000000000        0xc /senslab/users/iot2023oulu15/test-iot/bin/native/application_example/main.o
 .text          0x0000000000000000        0x0 /senslab/users/iot2023oulu15/test-iot/bin/native/application_example/main.o
 .data          0x0000000000000000        0x0 /senslab/users/iot2023oulu15/test-iot/bin/native/application_example/main.o
 .bss           0x0000000000000000        0x0 /senslab/users/iot2023oulu15/test-iot/bin/native/application_example/main.o
 .text.__x86.get_pc_thunk.bx
                0x0000000000000000        0x4 /senslab/users/iot2023oulu15/test-iot/bin/native/application_example/main.o
 .note.GNU-stack
                0x0000000000000000        0x0 /senslab/users/iot2023oulu15/test-iot/bin/native/application_example/main.o
 .group         0x0000000000000000        0x8 /senslab/users/iot2023oulu15/test-iot/bin/native/auto_init/auto_init.o
 .group         0x0000000000000000        0xc /senslab/users/iot2023oulu15/test-iot/bin/native/auto_init/auto_init.o
[...]
Memory Configuration

Name             Origin             Length             Attributes
*default*        0x0000000000000000 0xffffffffffffffff

Linker script and memory map

                [!provide]                        PROVIDE (__executable_start = SEGMENT_START ("text-segment", 0x8048000))
                0x0000000008048194                . = (SEGMENT_START ("text-segment", 0x8048000) + SIZEOF_HEADERS)

.interp         0x0000000008048194       0x13
 *(.interp)
 .interp        0x0000000008048194       0x13 /usr/lib/gcc/x86_64-linux-gnu/8/../../../../lib32/crt1.o

.note.ABI-tag   0x00000000080481a8       0x20
 .note.ABI-tag  0x00000000080481a8       0x20 /usr/lib/gcc/x86_64-linux-gnu/8/../../../../lib32/crt1.o

.note.gnu.build-id
                0x00000000080481c8       0x24
 *(.note.gnu.build-id)
 .note.gnu.build-id
                0x00000000080481c8       0x24 /usr/lib/gcc/x86_64-linux-gnu/8/../../../../lib32/crt1.o

.hash
 *(.hash)

.gnu.hash       0x00000000080481ec       0xd4
 *(.gnu.hash)
 .gnu.hash      0x00000000080481ec       0xd4 /usr/lib/gcc/x86_64-linux-gnu/8/../../../../lib32/crt1.o

.dynsym         0x00000000080482c0      0x360
 *(.dynsym)
 .dynsym        0x00000000080482c0      0x360 /usr/lib/gcc/x86_64-linux-gnu/8/../../../../lib32/crt1.o

.dynstr         0x0000000008048620      0x1e9
 *(.dynstr)
 .dynstr        0x0000000008048620      0x1e9 /usr/lib/gcc/x86_64-linux-gnu/8/../../../../lib32/crt1.o

.gnu.version    0x000000000804880a       0x6c
 *(.gnu.version)
 .gnu.version   0x000000000804880a       0x6c /usr/lib/gcc/x86_64-linux-gnu/8/../../../../lib32/crt1.o

.gnu.version_d  0x0000000008048878        0x0
 *(.gnu.version_d)
 .gnu.version_d
                0x0000000008048878        0x0 /usr/lib/gcc/x86_64-linux-gnu/8/../../../../lib32/crt1.o

.gnu.version_r  0x0000000008048878       0x70
 *(.gnu.version_r)
 .gnu.version_r
                0x0000000008048878       0x70 /usr/lib/gcc/x86_64-linux-gnu/8/../../../../lib32/crt1.o

.rel.dyn        0x00000000080488e8       0x28
 *(.rel.init)
 *(.rel.text .rel.text.* .rel.gnu.linkonce.t.*)
 .rel.text      0x00000000080488e8        0x0 /usr/lib/gcc/x86_64-linux-gnu/8/../../../../lib32/crt1.o
 .rel.text.core_panic
                0x00000000080488e8        0x0 /usr/lib/gcc/x86_64-linux-gnu/8/../../../../lib32/crt1.o
 .rel.text.startup
                0x00000000080488e8        0x0 /usr/lib/gcc/x86_64-linux-gnu/8/../../../../lib32/crt1.o
 *(.rel.fini)
 *(.rel.rodata .rel.rodata.* .rel.gnu.linkonce.r.*)
 *(.rel.data.rel.ro .rel.data.rel.ro.* .rel.gnu.linkonce.d.rel.ro.*)
 .rel.data.rel.ro
                0x00000000080488e8        0x0 /usr/lib/gcc/x86_64-linux-gnu/8/../../../../lib32/crt1.o
 *(.rel.data .rel.data.* .rel.gnu.linkonce.d.*)
 *(.rel.tdata .rel.tdata.* .rel.gnu.linkonce.td.*)
 *(.rel.tbss .rel.tbss.* .rel.gnu.linkonce.tb.*)
 *(.rel.ctors)
 *(.rel.dtors)
 *(.rel.got)
 .rel.got       0x00000000080488e8       0x28 /usr/lib/gcc/x86_64-linux-gnu/8/../../../../lib32/crt1.o
 *(.rel.bss .rel.bss.* .rel.gnu.linkonce.b.*)
 .rel.bss       0x0000000008048910        0x0 /usr/lib/gcc/x86_64-linux-gnu/8/../../../../lib32/crt1.o
 *(.rel.ifunc)

.rel.plt        0x0000000008048910       0xc0
 *(.rel.plt)
 .rel.plt       0x0000000008048910       0xc0 /usr/lib/gcc/x86_64-linux-gnu/8/../../../../lib32/crt1.o
                [!provide]                        PROVIDE (__rel_iplt_start = .)
 *(.rel.iplt)
 .rel.iplt      0x00000000080489d0        0x0 /usr/lib/gcc/x86_64-linux-gnu/8/../../../../lib32/crt1.o
                [!provide]                        PROVIDE (__rel_iplt_end = .)
                0x0000000008049000                . = ALIGN (CONSTANT (MAXPAGESIZE))

.init           0x0000000008049000       0x20
 *(SORT_NONE(.init))
 .init          0x0000000008049000       0x1b /usr/lib/gcc/x86_64-linux-gnu/8/../../../../lib32/crti.o
                0x0000000008049000                _init
 .init          0x000000000804901b        0x5 /usr/lib/gcc/x86_64-linux-gnu/8/../../../../lib32/crtn.o

.plt            0x0000000008049020      0x190
 *(.plt)
 .plt           0x0000000008049020      0x190 /usr/lib/gcc/x86_64-linux-gnu/8/../../../../lib32/crt1.o
                0x0000000008049030                sigprocmask@@GLIBC_2.0
                0x0000000008049040                reallocarray@@GLIBC_2.26
                0x0000000008049050                setcontext@@GLIBC_2.0
                0x0000000008049060                __stack_chk_fail@@GLIBC_2.4
                0x0000000008049070                strerror@@GLIBC_2.0
                0x0000000008049080                kill@@GLIBC_2.0
                0x0000000008049090                getopt_long@@GLIBC_2.0
                0x00000000080490a0                __libc_start_main@@GLIBC_2.0
                0x00000000080490b0                sigdelset@@GLIBC_2.0
                0x00000000080490c0                getcontext@@GLIBC_2.1
                0x00000000080490d0                sigaddset@@GLIBC_2.0
                0x00000000080490e0                dlsym@@GLIBC_2.0
                0x00000000080490f0                sigfillset@@GLIBC_2.0
                0x0000000008049100                snprintf@@GLIBC_2.0
                0x0000000008049110                swapcontext@@GLIBC_2.1
                0x0000000008049120                __errno_location@@GLIBC_2.0
                0x0000000008049130                fileno@@GLIBC_2.0
                0x0000000008049140                makecontext@@GLIBC_2.1
                0x0000000008049150                strndup@@GLIBC_2.0
                0x0000000008049160                sigemptyset@@GLIBC_2.0
                0x0000000008049170                vsnprintf@@GLIBC_2.0
                0x0000000008049180                sigaction@@GLIBC_2.0
                0x0000000008049190                strtol@@GLIBC_2.0
                0x00000000080491a0                sigaltstack@@GLIBC_2.0
 *(.iplt)
 .iplt          0x00000000080491b0        0x0 /usr/lib/gcc/x86_64-linux-gnu/8/../../../../lib32/crt1.o

.plt.got        0x00000000080491b0        0x0
 *(.plt.got)
 .plt.got       0x00000000080491b0        0x0 /usr/lib/gcc/x86_64-linux-gnu/8/../../../../lib32/crt1.o

.plt.sec
 *(.plt.sec)

.text           0x00000000080491b0     0x3614
 *(.text.unlikely .text.*_unlikely .text.unlikely.*)
 *(.text.exit .text.exit.*)
 *(.text.startup .text.startup.*)
 .text.startup  0x00000000080491b0      0x301 /senslab/users/iot2023oulu15/test-iot/bin/native/cpu/startup.o
 *(.text.hot .text.hot.*)
 *(.text .stub .text.* .gnu.linkonce.t.*)
 *fill*         0x00000000080494b1        0xf 
 .text          0x00000000080494c0       0x41 /usr/lib/gcc/x86_64-linux-gnu/8/../../../../lib32/crt1.o
                0x00000000080494c0                _start
                0x0000000008049500                _dl_relocate_static_pie
 *fill*         0x0000000008049501        0xf 
 .gnu.linkonce.t.__x86.get_pc_thunk.bx
                0x0000000008049510        0x4 /usr/lib/gcc/x86_64-linux-gnu/8/../../../../lib32/crti.o
                0x0000000008049510                __x86.get_pc_thunk.bx
 *fill*         0x0000000008049514        0xc 
 .text          0x0000000008049520       0xb2 /usr/lib/gcc/x86_64-linux-gnu/8/32/crtbegin.o
 .text.main     0x00000000080495d2       0x57 /senslab/users/iot2023oulu15/test-iot/bin/native/application_example/main.o
                0x00000000080495d2                main
 .text.auto_init
                0x0000000008049629       0x5e /senslab/users/iot2023oulu15/test-iot/bin/native/auto_init/auto_init.o
                0x0000000008049629                auto_init
 .text.__x86.get_pc_thunk.si
                0x0000000008049687        0x4 /senslab/users/iot2023oulu15/test-iot/bin/native/auto_init/auto_init.o
                0x0000000008049687                __x86.get_pc_thunk.si
 .text.board_init
                0x000000000804968b       0x41 /senslab/users/iot2023oulu15/test-iot/bin/native/board/board_init.o
                0x000000000804968b                board_init
 .text._assert_failure
                0x00000000080496cc       0x40 /senslab/users/iot2023oulu15/test-iot/bin/native/core_lib/assert.o
                0x00000000080496cc                _assert_failure
 .text.main_trampoline
                0x000000000804970c       0x53 /senslab/users/iot2023oulu15/test-iot/bin/native/core_lib/init.o
 .text.idle_thread
                0x000000000804975f       0x22 /senslab/users/iot2023oulu15/test-iot/bin/native/core_lib/init.o
 .text.kernel_init
                0x0000000008049781       0x78 /senslab/users/iot2023oulu15/test-iot/bin/native/core_lib/init.o
                0x0000000008049781                kernel_init
 .text.early_init
                0x00000000080497f9       0x3c /senslab/users/iot2023oulu15/test-iot/bin/native/core_lib/init.o
                0x00000000080497f9                early_init
 .text.panic_app
                0x0000000008049835       0x23 /senslab/users/iot2023oulu15/test-iot/bin/native/core_lib/panic.o
                0x0000000008049835                panic_app
 .text.core_panic
                0x0000000008049858       0x74 /senslab/users/iot2023oulu15/test-iot/bin/native/core_lib/panic.o
                0x0000000008049858                core_panic
 .text.__x86.get_pc_thunk.ax
                0x00000000080498cc        0x4 /senslab/users/iot2023oulu15/test-iot/bin/native/core/msg.o
                0x00000000080498cc                __x86.get_pc_thunk.ax
 .text.__x86.get_pc_thunk.cx
                0x00000000080498d0        0x4 /senslab/users/iot2023oulu15/test-iot/bin/native/core/msg.o
                0x00000000080498d0                __x86.get_pc_thunk.cx
 .text._unschedule
                0x00000000080498d4       0x6e /senslab/users/iot2023oulu15/test-iot/bin/native/core/sched.o
 .text.sched_run
                0x0000000008049942       0x8e /senslab/users/iot2023oulu15/test-iot/bin/native/core/sched.o
                0x0000000008049942                sched_run
 .text.sched_set_status
                0x00000000080499d0       0xd8 /senslab/users/iot2023oulu15/test-iot/bin/native/core/sched.o
                0x00000000080499d0                sched_set_status
 .text.sched_switch
                0x0000000008049aa8       0x6b /senslab/users/iot2023oulu15/test-iot/bin/native/core/sched.o
                0x0000000008049aa8                sched_switch
 .text.sched_task_exit
                0x0000000008049b13       0x61 /senslab/users/iot2023oulu15/test-iot/bin/native/core/sched.o
                0x0000000008049b13                sched_task_exit
 .text.thread_create
                0x0000000008049b74      0x1f9 /senslab/users/iot2023oulu15/test-iot/bin/native/core/thread.o
                0x0000000008049b74                thread_create
 .text.native_async_read_cleanup
                0x0000000008049d6d       0x85 /senslab/users/iot2023oulu15/test-iot/bin/native/cpu/async_read.o
                0x0000000008049d6d                native_async_read_cleanup
 .text.native_shutdown
                0x0000000008049df2       0x37 /senslab/users/iot2023oulu15/test-iot/bin/native/cpu/irq_cpu.o
 .text.irq_disable
                0x0000000008049e29       0x82 /senslab/users/iot2023oulu15/test-iot/bin/native/cpu/irq_cpu.o
                0x0000000008049e29                irq_disable
 .text.irq_enable
                0x0000000008049eab       0xbf /senslab/users/iot2023oulu15/test-iot/bin/native/cpu/irq_cpu.o
                0x0000000008049eab                irq_enable
 .text.irq_restore
                0x0000000008049f6a       0x38 /senslab/users/iot2023oulu15/test-iot/bin/native/cpu/irq_cpu.o
                0x0000000008049f6a                irq_restore
 .text.irq_is_in
                0x0000000008049fa2       0x38 /senslab/users/iot2023oulu15/test-iot/bin/native/cpu/irq_cpu.o
                0x0000000008049fa2                irq_is_in
 .text._native_popsig
                0x0000000008049fda       0x8c /senslab/users/iot2023oulu15/test-iot/bin/native/cpu/irq_cpu.o
                0x0000000008049fda                _native_popsig
 .text.native_irq_handler
                0x000000000804a066       0x78 /senslab/users/iot2023oulu15/test-iot/bin/native/cpu/irq_cpu.o
                0x000000000804a066                native_irq_handler
 .text.isr_set_sigmask
                0x000000000804a0de       0x50 /senslab/users/iot2023oulu15/test-iot/bin/native/cpu/irq_cpu.o
                0x000000000804a0de                isr_set_sigmask
 .text.native_isr_entry
                0x000000000804a12e      0x165 /senslab/users/iot2023oulu15/test-iot/bin/native/cpu/irq_cpu.o
                0x000000000804a12e                native_isr_entry
 .text.set_signal_handler
                0x000000000804a293      0x146 /senslab/users/iot2023oulu15/test-iot/bin/native/cpu/irq_cpu.o
                0x000000000804a293                set_signal_handler
 .text.register_interrupt
                0x000000000804a3d9       0x6d /senslab/users/iot2023oulu15/test-iot/bin/native/cpu/irq_cpu.o
                0x000000000804a3d9                register_interrupt
 .text.unregister_interrupt
                0x000000000804a446       0x67 /senslab/users/iot2023oulu15/test-iot/bin/native/cpu/irq_cpu.o
                0x000000000804a446                unregister_interrupt
 .text.native_interrupt_init
                0x000000000804a4ad      0x393 /senslab/users/iot2023oulu15/test-iot/bin/native/cpu/irq_cpu.o
                0x000000000804a4ad                native_interrupt_init
 .text.__x86.get_pc_thunk.dx
                0x000000000804a840        0x4 /senslab/users/iot2023oulu15/test-iot/bin/native/cpu/irq_cpu.o
                0x000000000804a840                __x86.get_pc_thunk.dx
 .text.__x86.get_pc_thunk.bp
                0x000000000804a844        0x4 /senslab/users/iot2023oulu15/test-iot/bin/native/cpu/irq_cpu.o
                0x000000000804a844                __x86.get_pc_thunk.bp
 .text._native_mod_ctx_leave_sigh
                0x000000000804a848       0x46 /senslab/users/iot2023oulu15/test-iot/bin/native/cpu/native_cpu.o
 .text.isr_cpu_switch_context_exit
                0x000000000804a88e       0x8b /senslab/users/iot2023oulu15/test-iot/bin/native/cpu/native_cpu.o
                0x000000000804a88e                isr_cpu_switch_context_exit
 .text.isr_thread_yield
                0x000000000804a919       0x8b /senslab/users/iot2023oulu15/test-iot/bin/native/cpu/native_cpu.o
                0x000000000804a919                isr_thread_yield
 .text.thread_stack_init
                0x000000000804a9a4      0x111 /senslab/users/iot2023oulu15/test-iot/bin/native/cpu/native_cpu.o
                0x000000000804a9a4                thread_stack_init
 .text.cpu_switch_context_exit
                0x000000000804aab5       0x9f /senslab/users/iot2023oulu15/test-iot/bin/native/cpu/native_cpu.o
                0x000000000804aab5                cpu_switch_context_exit
 .text.thread_yield_higher
                0x000000000804ab54       0xce /senslab/users/iot2023oulu15/test-iot/bin/native/cpu/native_cpu.o
                0x000000000804ab54                thread_yield_higher
 .text.native_cpu_init
                0x000000000804ac22       0x9d /senslab/users/iot2023oulu15/test-iot/bin/native/cpu/native_cpu.o
                0x000000000804ac22                native_cpu_init
 .text.panic_arch
                0x000000000804acbf       0x44 /senslab/users/iot2023oulu15/test-iot/bin/native/cpu/panic.o
                0x000000000804acbf                panic_arch
 .text._reset_handler
                0x000000000804ad03       0x37 /senslab/users/iot2023oulu15/test-iot/bin/native/cpu/startup.o
 .text.filter_daemonize_argv
                0x000000000804ad3a       0x84 /senslab/users/iot2023oulu15/test-iot/bin/native/cpu/startup.o
 .text._native_input
                0x000000000804adbe       0x90 /senslab/users/iot2023oulu15/test-iot/bin/native/cpu/startup.o
                0x000000000804adbe                _native_input
 .text._native_log_output
                0x000000000804ae4e      0x144 /senslab/users/iot2023oulu15/test-iot/bin/native/cpu/startup.o
                0x000000000804ae4e                _native_log_output
 .text.daemonize
                0x000000000804af92       0xe3 /senslab/users/iot2023oulu15/test-iot/bin/native/cpu/startup.o
                0x000000000804af92                daemonize
 .text.usage_exit
                0x000000000804b075       0x85 /senslab/users/iot2023oulu15/test-iot/bin/native/cpu/startup.o
                0x000000000804b075                usage_exit
 .text._native_syscall_enter
                0x000000000804b0fa       0x3a /senslab/users/iot2023oulu15/test-iot/bin/native/cpu/syscalls.o
                0x000000000804b0fa                _native_syscall_enter
 .text.err      0x000000000804b134       0x24 /senslab/users/iot2023oulu15/test-iot/bin/native/cpu/syscalls.o
                0x000000000804b134                err
 .text._native_syscall_leave
                0x000000000804b158       0xf6 /senslab/users/iot2023oulu15/test-iot/bin/native/cpu/syscalls.o
                0x000000000804b158                _native_syscall_leave
 .text.malloc   0x000000000804b24e       0x9c /senslab/users/iot2023oulu15/test-iot/bin/native/cpu/syscalls.o
                0x000000000804b24e                malloc
 .text.free     0x000000000804b2ea       0x4f /senslab/users/iot2023oulu15/test-iot/bin/native/cpu/syscalls.o
                0x000000000804b2ea                free
 .text.calloc   0x000000000804b339       0xa3 /senslab/users/iot2023oulu15/test-iot/bin/native/cpu/syscalls.o
                0x000000000804b339                calloc
 .text.realloc  0x000000000804b3dc       0x5a /senslab/users/iot2023oulu15/test-iot/bin/native/cpu/syscalls.o
                0x000000000804b3dc                realloc
 .text.make_message
                0x000000000804b436       0xb4 /senslab/users/iot2023oulu15/test-iot/bin/native/cpu/syscalls.o
                0x000000000804b436                make_message
 .text._native_read
                0x000000000804b4ea       0x76 /senslab/users/iot2023oulu15/test-iot/bin/native/cpu/syscalls.o
                0x000000000804b4ea                _native_read
 .text.getc     0x000000000804b560       0x5e /senslab/users/iot2023oulu15/test-iot/bin/native/cpu/syscalls.o
                0x000000000804b560                getc
 .text.getchar  0x000000000804b5be       0x3f /senslab/users/iot2023oulu15/test-iot/bin/native/cpu/syscalls.o
                0x000000000804b5be                getchar
 .text.fgetc    0x000000000804b5fd       0x31 /senslab/users/iot2023oulu15/test-iot/bin/native/cpu/syscalls.o
                0x000000000804b5fd                fgetc
 .text._native_write
                0x000000000804b62e       0x7a /senslab/users/iot2023oulu15/test-iot/bin/native/cpu/syscalls.o
                0x000000000804b62e                _native_write
 .text.putchar  0x000000000804b6a8       0x3e /senslab/users/iot2023oulu15/test-iot/bin/native/cpu/syscalls.o
                0x000000000804b6a8                putchar
 .text.putc     0x000000000804b6e6       0x56 /senslab/users/iot2023oulu15/test-iot/bin/native/cpu/syscalls.o
                0x000000000804b6e6                putc
 .text.puts     0x000000000804b73c       0x59 /senslab/users/iot2023oulu15/test-iot/bin/native/cpu/syscalls.o
                0x000000000804b73c                puts
 .text.vwarn    0x000000000804b795      0x132 /senslab/users/iot2023oulu15/test-iot/bin/native/cpu/syscalls.o
                0x000000000804b795                vwarn
 .text.verr     0x000000000804b8c7       0x36 /senslab/users/iot2023oulu15/test-iot/bin/native/cpu/syscalls.o
                0x000000000804b8c7                verr
 .text.warn     0x000000000804b8fd       0x39 /senslab/users/iot2023oulu15/test-iot/bin/native/cpu/syscalls.o
                0x000000000804b8fd                warn
 .text.vwarnx   0x000000000804b936       0xea /senslab/users/iot2023oulu15/test-iot/bin/native/cpu/syscalls.o
                0x000000000804b936                vwarnx
 .text.verrx    0x000000000804ba20       0x36 /senslab/users/iot2023oulu15/test-iot/bin/native/cpu/syscalls.o
                0x000000000804ba20                verrx
 .text.warnx    0x000000000804ba56       0x39 /senslab/users/iot2023oulu15/test-iot/bin/native/cpu/syscalls.o
                0x000000000804ba56                warnx
 .text.vfprintf
                0x000000000804ba8f       0x9b /senslab/users/iot2023oulu15/test-iot/bin/native/cpu/syscalls.o
                0x000000000804ba8f                vfprintf
 .text.vprintf  0x000000000804bb2a       0x47 /senslab/users/iot2023oulu15/test-iot/bin/native/cpu/syscalls.o
                0x000000000804bb2a                vprintf
 .text.printf   0x000000000804bb71       0x4b /senslab/users/iot2023oulu15/test-iot/bin/native/cpu/syscalls.o
                0x000000000804bb71                printf
 .text.fprintf  0x000000000804bbbc       0x3d /senslab/users/iot2023oulu15/test-iot/bin/native/cpu/syscalls.o
                0x000000000804bbbc                fprintf
 .text.errx     0x000000000804bbf9       0x24 /senslab/users/iot2023oulu15/test-iot/bin/native/cpu/syscalls.o
                0x000000000804bbf9                errx
 .text.getpid   0x000000000804bc1d       0x43 /senslab/users/iot2023oulu15/test-iot/bin/native/cpu/syscalls.o
                0x000000000804bc1d                getpid
 .text._native_init_syscalls
                0x000000000804bc60      0x5c4 /senslab/users/iot2023oulu15/test-iot/bin/native/cpu/syscalls.o
                0x000000000804bc60                _native_init_syscalls
 .text          0x000000000804c224       0x3f /senslab/users/iot2023oulu15/test-iot/bin/native/cpu/tramp.o
                0x000000000804c224                _native_sig_leave_tramp
                0x000000000804c252                _native_sig_leave_handler
 .text.led_init
                0x000000000804c263       0x23 /senslab/users/iot2023oulu15/test-iot/bin/native/periph_common/init_leds.o
                0x000000000804c263                led_init
 .text.periph_init
                0x000000000804c286       0x23 /senslab/users/iot2023oulu15/test-iot/bin/native/periph_common/init.o
                0x000000000804c286                periph_init
 .text.gpio_linux_setup
                0x000000000804c2a9      0x15f /senslab/users/iot2023oulu15/test-iot/bin/native/periph/gpio_linux.o
                0x000000000804c2a9                gpio_linux_setup
 .text.gpio_linux_teardown
                0x000000000804c408       0xe5 /senslab/users/iot2023oulu15/test-iot/bin/native/periph/gpio_linux.o
                0x000000000804c408                gpio_linux_teardown
 .text.__x86.get_pc_thunk.di
                0x000000000804c4ed        0x4 /senslab/users/iot2023oulu15/test-iot/bin/native/periph/gpio_linux.o
                0x000000000804c4ed                __x86.get_pc_thunk.di
 .text._native_sleep
                0x000000000804c4f1       0x70 /senslab/users/iot2023oulu15/test-iot/bin/native/periph/pm.o
 .text.pm_set_lowest
                0x000000000804c561       0x2a /senslab/users/iot2023oulu15/test-iot/bin/native/periph/pm.o
                0x000000000804c561                pm_set_lowest
 .text.pm_off   0x000000000804c58b       0x3b /senslab/users/iot2023oulu15/test-iot/bin/native/periph/pm.o
                0x000000000804c58b                pm_off
 .text.pm_reboot
                0x000000000804c5c6       0x73 /senslab/users/iot2023oulu15/test-iot/bin/native/periph/pm.o
                0x000000000804c5c6                pm_reboot
 .text.tty_uart_setup
                0x000000000804c639       0x51 /senslab/users/iot2023oulu15/test-iot/bin/native/periph/uart.o
                0x000000000804c639                tty_uart_setup
 .text.stdio_init
                0x000000000804c68a       0x23 /senslab/users/iot2023oulu15/test-iot/bin/native/stdio_native/stdio_native.o
                0x000000000804c68a                stdio_init
 .text.stdio_read
                0x000000000804c6ad       0x44 /senslab/users/iot2023oulu15/test-iot/bin/native/stdio_native/stdio_native.o
                0x000000000804c6ad                stdio_read
 .text.stdio_write
                0x000000000804c6f1       0x44 /senslab/users/iot2023oulu15/test-iot/bin/native/stdio_native/stdio_native.o
                0x000000000804c6f1                stdio_write
 *fill*         0x000000000804c735        0xb 
 .text          0x000000000804c740       0x61 //usr/lib32/libc_nonshared.a(elf-init.oS)
                0x000000000804c740                __libc_csu_init
                0x000000000804c7a0                __libc_csu_fini
 *fill*         0x000000000804c7a1        0xf 
 .text          0x000000000804c7b0       0x14 //usr/lib32/libc_nonshared.a(stack_chk_fail_local.oS)
                0x000000000804c7b0                __stack_chk_fail_local
 *(.gnu.warning)
LOAD /usr/lib/gcc/x86_64-linux-gnu/8/../../../../lib32/crt1.o
LOAD /usr/lib/gcc/x86_64-linux-gnu/8/../../../../lib32/crti.o
LOAD /usr/lib/gcc/x86_64-linux-gnu/8/32/crtbegin.o
LOAD /senslab/users/iot2023oulu15/test-iot/bin/native/application_example/main.o
LOAD /senslab/users/iot2023oulu15/test-iot/bin/native/auto_init/auto_init.o
LOAD /senslab/users/iot2023oulu15/test-iot/bin/native/board/board_init.o
LOAD /senslab/users/iot2023oulu15/test-iot/bin/native/board_common_init/board_common.o
LOAD /senslab/users/iot2023oulu15/test-iot/bin/native/core/cond.o
LOAD /senslab/users/iot2023oulu15/test-iot/bin/native/core_lib/assert.o
LOAD /senslab/users/iot2023oulu15/test-iot/bin/native/core_lib/atomic_c11.o
LOAD /senslab/users/iot2023oulu15/test-iot/bin/native/core_lib/atomic_sync.o
LOAD /senslab/users/iot2023oulu15/test-iot/bin/native/core_lib/bitarithm.o
LOAD /senslab/users/iot2023oulu15/test-iot/bin/native/core_lib/clist.o
LOAD /senslab/users/iot2023oulu15/test-iot/bin/native/core_lib/init.o
LOAD /senslab/users/iot2023oulu15/test-iot/bin/native/core_lib/panic.o
LOAD /senslab/users/iot2023oulu15/test-iot/bin/native/core_lib/priority_queue.o
LOAD /senslab/users/iot2023oulu15/test-iot/bin/native/core_lib/ringbuffer.o
LOAD /senslab/users/iot2023oulu15/test-iot/bin/native/core_lib/rmutex.o
LOAD /senslab/users/iot2023oulu15/test-iot/bin/native/core/msg.o
LOAD /senslab/users/iot2023oulu15/test-iot/bin/native/core/mutex.o
LOAD /senslab/users/iot2023oulu15/test-iot/bin/native/core/sched.o
LOAD /senslab/users/iot2023oulu15/test-iot/bin/native/core/thread.o
LOAD /senslab/users/iot2023oulu15/test-iot/bin/native/cpu/async_read.o
LOAD /senslab/users/iot2023oulu15/test-iot/bin/native/cpu/irq_cpu.o
LOAD /senslab/users/iot2023oulu15/test-iot/bin/native/cpu/native_cpu.o
LOAD /senslab/users/iot2023oulu15/test-iot/bin/native/cpu/panic.o
LOAD /senslab/users/iot2023oulu15/test-iot/bin/native/cpu/startup.o
LOAD /senslab/users/iot2023oulu15/test-iot/bin/native/cpu/syscalls.o
LOAD /senslab/users/iot2023oulu15/test-iot/bin/native/cpu/tramp.o
LOAD /senslab/users/iot2023oulu15/test-iot/bin/native/libc/string.o
LOAD /senslab/users/iot2023oulu15/test-iot/bin/native/native_drivers/native-led.o
LOAD /senslab/users/iot2023oulu15/test-iot/bin/native/native_drivers/native-qdec.o
LOAD /senslab/users/iot2023oulu15/test-iot/bin/native/periph_common/gpio.o
LOAD /senslab/users/iot2023oulu15/test-iot/bin/native/periph_common/init_leds.o
LOAD /senslab/users/iot2023oulu15/test-iot/bin/native/periph_common/init.o
LOAD /senslab/users/iot2023oulu15/test-iot/bin/native/periph_common/pm.o
LOAD /senslab/users/iot2023oulu15/test-iot/bin/native/periph/gpio_linux.o
LOAD /senslab/users/iot2023oulu15/test-iot/bin/native/periph/pm.o
LOAD /senslab/users/iot2023oulu15/test-iot/bin/native/periph/uart.o
LOAD /senslab/users/iot2023oulu15/test-iot/bin/native/stdio_native/stdio_native.o
LOAD /usr/lib/gcc/x86_64-linux-gnu/8/../../../../lib32/libm.so
LOAD /usr/lib/gcc/x86_64-linux-gnu/8/../../../../lib32/libdl.so
LOAD /usr/lib/gcc/x86_64-linux-gnu/8/32/libgcc.a
LOAD /usr/lib/gcc/x86_64-linux-gnu/8/32/libgcc_s.so
START GROUP
LOAD /usr/lib/gcc/x86_64-linux-gnu/8/32/libgcc_s.so.1
LOAD /usr/lib/gcc/x86_64-linux-gnu/8/32/libgcc.a
END GROUP
LOAD /usr/lib/gcc/x86_64-linux-gnu/8/../../../../lib32/libc.so
START GROUP
LOAD //lib32/libc.so.6
LOAD //usr/lib32/libc_nonshared.a
LOAD //lib32/ld-linux.so.2
END GROUP
LOAD /usr/lib/gcc/x86_64-linux-gnu/8/32/libgcc.a
LOAD /usr/lib/gcc/x86_64-linux-gnu/8/32/libgcc_s.so
START GROUP
LOAD /usr/lib/gcc/x86_64-linux-gnu/8/32/libgcc_s.so.1
LOAD /usr/lib/gcc/x86_64-linux-gnu/8/32/libgcc.a
END GROUP
LOAD /usr/lib/gcc/x86_64-linux-gnu/8/32/crtend.o
LOAD /usr/lib/gcc/x86_64-linux-gnu/8/../../../../lib32/crtn.o

.rodata         0x000000000804c7c4      0xd0c
 *(SORT_BY_NAME(.roxfa.*))
 .roxfa.auto_init_xfa.0_
                0x000000000804c7c4        0x0 /senslab/users/iot2023oulu15/test-iot/bin/native/auto_init/auto_init.o
                0x000000000804c7c4                auto_init_xfa
 .roxfa.auto_init_xfa.9_
                0x000000000804c7c4        0x0 /senslab/users/iot2023oulu15/test-iot/bin/native/auto_init/auto_init.o
                0x000000000804c7c4                auto_init_xfa_end
 *(.rodata .rodata.* .gnu.linkonce.r.*)
 .rodata.cst4   0x000000000804c7c4        0x4 /usr/lib/gcc/x86_64-linux-gnu/8/../../../../lib32/crt1.o
                0x000000000804c7c4                _IO_stdin_used
 .rodata.main.str1.1
                0x000000000804c7c8       0x1a /senslab/users/iot2023oulu15/test-iot/bin/native/application_example/main.o
 *fill*         0x000000000804c7e2        0x2 
 .rodata.board_init.str1.4
                0x000000000804c7e4       0x1f /senslab/users/iot2023oulu15/test-iot/bin/native/board/board_init.o
 .rodata._assert_failure.str1.1
                0x000000000804c803       0x1c /senslab/users/iot2023oulu15/test-iot/bin/native/core_lib/assert.o
 *fill*         0x000000000804c81f        0x1 
 .rodata.main_trampoline.str1.4
                0x000000000804c820       0x3a /senslab/users/iot2023oulu15/test-iot/bin/native/core_lib/init.o
 .rodata.kernel_init.str1.1
                0x000000000804c85a        0xa /senslab/users/iot2023oulu15/test-iot/bin/native/core_lib/init.o
 .rodata.core_panic.str1.1
                0x000000000804c864       0x29 /senslab/users/iot2023oulu15/test-iot/bin/native/core_lib/panic.o
 *fill*         0x000000000804c88d        0x3 
 .rodata._unschedule.str1.4
                0x000000000804c890       0x2e /senslab/users/iot2023oulu15/test-iot/bin/native/core/sched.o
 .rodata._unschedule.str1.1
                0x000000000804c8be        0xf /senslab/users/iot2023oulu15/test-iot/bin/native/core/sched.o
 .rodata.irq_disable.str1.1
                0x000000000804c8cd       0x19 /senslab/users/iot2023oulu15/test-iot/bin/native/cpu/irq_cpu.o
 .rodata.irq_enable.str1.1
                0x000000000804c8e6       0x35 /senslab/users/iot2023oulu15/test-iot/bin/native/cpu/irq_cpu.o
 .rodata._native_popsig.str1.1
                0x000000000804c91b       0x1a /senslab/users/iot2023oulu15/test-iot/bin/native/cpu/irq_cpu.o
 *fill*         0x000000000804c935        0x3 
 .rodata.native_irq_handler.str1.4
                0x000000000804c938       0x6b /senslab/users/iot2023oulu15/test-iot/bin/native/cpu/irq_cpu.o
 *fill*         0x000000000804c9a3        0x1 
 .rodata.native_isr_entry.str1.4
                0x000000000804c9a4       0x8a /senslab/users/iot2023oulu15/test-iot/bin/native/cpu/irq_cpu.o
 .rodata.set_signal_handler.str1.1
                0x000000000804ca2e       0x3c /senslab/users/iot2023oulu15/test-iot/bin/native/cpu/irq_cpu.o
 *fill*         0x000000000804ca6a        0x2 
 .rodata.native_interrupt_init.str1.4
                0x000000000804ca6c      0x104 /senslab/users/iot2023oulu15/test-iot/bin/native/cpu/irq_cpu.o
 .rodata.native_interrupt_init.str1.1
                0x000000000804cb70       0x1c /senslab/users/iot2023oulu15/test-iot/bin/native/cpu/irq_cpu.o
 .rodata.isr_cpu_switch_context_exit.str1.4
                0x000000000804cb8c       0x50 /senslab/users/iot2023oulu15/test-iot/bin/native/cpu/native_cpu.o
 .rodata.isr_thread_yield.str1.1
                0x000000000804cbdc       0x1d /senslab/users/iot2023oulu15/test-iot/bin/native/cpu/native_cpu.o
 .rodata.thread_stack_init.str1.1
                0x000000000804cbf9       0x1e /senslab/users/iot2023oulu15/test-iot/bin/native/cpu/native_cpu.o
 *fill*         0x000000000804cc17        0x1 
 .rodata.thread_stack_init.str1.4
                0x000000000804cc18       0x1f /senslab/users/iot2023oulu15/test-iot/bin/native/cpu/native_cpu.o
 *fill*         0x000000000804cc37        0x1 
 .rodata.cpu_switch_context_exit.str1.4
                0x000000000804cc38       0x28 /senslab/users/iot2023oulu15/test-iot/bin/native/cpu/native_cpu.o
                                         0x4c (size before relaxing)
 .rodata.thread_yield_higher.str1.4
                0x000000000804cc60       0x21 /senslab/users/iot2023oulu15/test-iot/bin/native/cpu/native_cpu.o
 .rodata.native_cpu_init.str1.1
                0x000000000804cc81       0x1c /senslab/users/iot2023oulu15/test-iot/bin/native/cpu/native_cpu.o
 .rodata.filter_daemonize_argv.str1.1
                0x000000000804cc9d        0x3 /senslab/users/iot2023oulu15/test-iot/bin/native/cpu/startup.o
 .rodata._native_input.str1.1
                0x000000000804cca0       0x1a /senslab/users/iot2023oulu15/test-iot/bin/native/cpu/startup.o
 *fill*         0x000000000804ccba        0x2 
 .rodata._native_input.str1.4
                0x000000000804ccbc       0x24 /senslab/users/iot2023oulu15/test-iot/bin/native/cpu/startup.o
 .rodata._native_log_output.str1.1
                0x000000000804cce0       0x4f /senslab/users/iot2023oulu15/test-iot/bin/native/cpu/startup.o
                                         0x53 (size before relaxing)
 *fill*         0x000000000804cd2f        0x1 
 .rodata._native_log_output.str1.4
                0x000000000804cd30       0x49 /senslab/users/iot2023oulu15/test-iot/bin/native/cpu/startup.o
 .rodata.daemonize.str1.1
                0x000000000804cd79       0x43 /senslab/users/iot2023oulu15/test-iot/bin/native/cpu/startup.o
 .rodata.usage_exit.str1.1
                0x000000000804cdbc       0x28 /senslab/users/iot2023oulu15/test-iot/bin/native/cpu/startup.o
                                         0x2b (size before relaxing)
 .rodata.usage_exit.str1.4
                0x000000000804cde4      0x3d4 /senslab/users/iot2023oulu15/test-iot/bin/native/cpu/startup.o
 .rodata.startup.str1.4
                0x000000000804d1b8       0x2f /senslab/users/iot2023oulu15/test-iot/bin/native/cpu/startup.o
 .rodata.str1.1
                0x000000000804d1e7       0x4c /senslab/users/iot2023oulu15/test-iot/bin/native/cpu/startup.o
                                         0x4f (size before relaxing)
 *fill*         0x000000000804d233        0x1 
 .rodata.short_opts
                0x000000000804d234        0xf /senslab/users/iot2023oulu15/test-iot/bin/native/cpu/startup.o
 *fill*         0x000000000804d243        0x1 
 .rodata._native_syscall_leave.str1.4
                0x000000000804d244       0x23 /senslab/users/iot2023oulu15/test-iot/bin/native/cpu/syscalls.o
 .rodata.malloc.str1.1
                0x000000000804d267        0x7 /senslab/users/iot2023oulu15/test-iot/bin/native/cpu/syscalls.o
 .rodata.calloc.str1.1
                0x000000000804d26e        0x7 /senslab/users/iot2023oulu15/test-iot/bin/native/cpu/syscalls.o
 .rodata.vwarn.str1.1
                0x000000000804d275        0xb /senslab/users/iot2023oulu15/test-iot/bin/native/cpu/syscalls.o
                                          0xd (size before relaxing)
 .rodata.getpid.str1.1
                0x000000000804d280       0x1a /senslab/users/iot2023oulu15/test-iot/bin/native/cpu/syscalls.o
 .rodata._native_init_syscalls.str1.1
                0x000000000804d29a      0x172 /senslab/users/iot2023oulu15/test-iot/bin/native/cpu/syscalls.o
                                        0x1a7 (size before relaxing)
 .rodata.gpio_linux_setup.str1.1
                0x000000000804d40c       0x43 /senslab/users/iot2023oulu15/test-iot/bin/native/periph/gpio_linux.o
 *fill*         0x000000000804d44f        0x1 
 .rodata.gpio_linux_setup.str1.4
                0x000000000804d450       0x20 /senslab/users/iot2023oulu15/test-iot/bin/native/periph/gpio_linux.o
 .rodata.pm_off.str1.1
                0x000000000804d470       0x11 /senslab/users/iot2023oulu15/test-iot/bin/native/periph/pm.o
 .rodata.pm_reboot.str1.1
                0x000000000804d481       0x21 /senslab/users/iot2023oulu15/test-iot/bin/native/periph/pm.o
 *fill*         0x000000000804d4a2        0x2 
 .rodata.pm_reboot.str1.4
                0x000000000804d4a4       0x2c /senslab/users/iot2023oulu15/test-iot/bin/native/periph/pm.o
                                         0x2a (size before relaxing)

.data           0x000000000804d4e0       0xa0
 *(SORT_BY_NAME(.xfa.*))
 *(.data .data.* .gnu.linkonce.d.*)
 .data.rel.ro   0x000000000804d4e0        0x0 /usr/lib/gcc/x86_64-linux-gnu/8/../../../../lib32/crt1.o
 .data.rel.ro.local.long_opts
                0x000000000804d4e0       0xa0 /senslab/users/iot2023oulu15/test-iot/bin/native/cpu/startup.o

.tm_clone_table
                0x000000000804d580        0x0
 .tm_clone_table
                0x000000000804d580        0x0 /usr/lib/gcc/x86_64-linux-gnu/8/32/crtbegin.o
 .tm_clone_table
                0x000000000804d580        0x0 /usr/lib/gcc/x86_64-linux-gnu/8/32/crtend.o

.fini           0x000000000804d580       0x14
 *(SORT_NONE(.fini))
 .fini          0x000000000804d580        0xf /usr/lib/gcc/x86_64-linux-gnu/8/../../../../lib32/crti.o
                0x000000000804d580                _fini
 .fini          0x000000000804d58f        0x5 /usr/lib/gcc/x86_64-linux-gnu/8/../../../../lib32/crtn.o
                [!provide]                        PROVIDE (__etext = .)
                [!provide]                        PROVIDE (_etext = .)
                [!provide]                        PROVIDE (etext = .)
                0x000000000804e000                . = ALIGN (CONSTANT (MAXPAGESIZE))
                0x000000000804e000                . = SEGMENT_START ("rodata-segment", (ALIGN (CONSTANT (MAXPAGESIZE)) + (. & (CONSTANT (MAXPAGESIZE) - 0x1))))

.rodata1
 *(.rodata1)

.eh_frame_hdr   0x000000000804e000      0x31c
 *(.eh_frame_hdr)
 .eh_frame_hdr  0x000000000804e000      0x31c /usr/lib/gcc/x86_64-linux-gnu/8/../../../../lib32/crt1.o
                0x000000000804e000                __GNU_EH_FRAME_HDR
 *(.eh_frame_entry .eh_frame_entry.*)

.eh_frame       0x000000000804e31c     0x1ba8
 *(.eh_frame)
 .eh_frame      0x000000000804e31c       0x58 /usr/lib/gcc/x86_64-linux-gnu/8/../../../../lib32/crt1.o
 .eh_frame      0x000000000804e374       0x24 /usr/lib/gcc/x86_64-linux-gnu/8/../../../../lib32/crt1.o
                                         0x40 (size before relaxing)
 .eh_frame      0x000000000804e398        0x0 /usr/lib/gcc/x86_64-linux-gnu/8/../../../../lib32/crt1.o
 .eh_frame      0x000000000804e398       0x40 /senslab/users/iot2023oulu15/test-iot/bin/native/application_example/main.o
                                         0x6c (size before relaxing)
 .eh_frame      0x000000000804e3d8       0x44 /senslab/users/iot2023oulu15/test-iot/bin/native/auto_init/auto_init.o
                                         0x5c (size before relaxing)
 .eh_frame      0x000000000804e41c       0x34 /senslab/users/iot2023oulu15/test-iot/bin/native/board/board_init.o
                                         0x60 (size before relaxing)
 .eh_frame      0x000000000804e450        0x0 /senslab/users/iot2023oulu15/test-iot/bin/native/board_common_init/board_common.o
                                         0x34 (size before relaxing)
 .eh_frame      0x000000000804e450        0x0 /senslab/users/iot2023oulu15/test-iot/bin/native/core/cond.o
                                        0x158 (size before relaxing)
 .eh_frame      0x000000000804e450       0x2c /senslab/users/iot2023oulu15/test-iot/bin/native/core_lib/assert.o
                                         0x80 (size before relaxing)
 .eh_frame      0x000000000804e47c        0x0 /senslab/users/iot2023oulu15/test-iot/bin/native/core_lib/atomic_c11.o
                                       0x13d0 (size before relaxing)
 .eh_frame      0x000000000804e47c        0x0 /senslab/users/iot2023oulu15/test-iot/bin/native/core_lib/bitarithm.o
                                         0x50 (size before relaxing)
 .eh_frame      0x000000000804e47c        0x0 /senslab/users/iot2023oulu15/test-iot/bin/native/core_lib/clist.o
                                         0x64 (size before relaxing)
 .eh_frame      0x000000000804e47c       0xcc /senslab/users/iot2023oulu15/test-iot/bin/native/core_lib/init.o
                                         0xf8 (size before relaxing)
 .eh_frame      0x000000000804e548       0x50 /senslab/users/iot2023oulu15/test-iot/bin/native/core_lib/panic.o
                                         0x98 (size before relaxing)
 .eh_frame      0x000000000804e598        0x0 /senslab/users/iot2023oulu15/test-iot/bin/native/core_lib/priority_queue.o
                                         0x9c (size before relaxing)
 .eh_frame      0x000000000804e598        0x0 /senslab/users/iot2023oulu15/test-iot/bin/native/core_lib/ringbuffer.o
                                        0x1f4 (size before relaxing)
 .eh_frame      0x000000000804e598        0x0 /senslab/users/iot2023oulu15/test-iot/bin/native/core_lib/rmutex.o
                                        0x110 (size before relaxing)
 .eh_frame      0x000000000804e598       0x28 /senslab/users/iot2023oulu15/test-iot/bin/native/core/msg.o
                                        0x5e0 (size before relaxing)
 .eh_frame      0x000000000804e5c0        0x0 /senslab/users/iot2023oulu15/test-iot/bin/native/core/mutex.o
                                        0x244 (size before relaxing)
 .eh_frame      0x000000000804e5c0       0xf0 /senslab/users/iot2023oulu15/test-iot/bin/native/core/sched.o
                                        0x184 (size before relaxing)
 .eh_frame      0x000000000804e6b0       0x84 /senslab/users/iot2023oulu15/test-iot/bin/native/core/thread.o
                                        0x2b8 (size before relaxing)
 .eh_frame      0x000000000804e734       0x48 /senslab/users/iot2023oulu15/test-iot/bin/native/cpu/async_read.o
                                        0x304 (size before relaxing)
 .eh_frame      0x000000000804e77c      0x528 /senslab/users/iot2023oulu15/test-iot/bin/native/cpu/irq_cpu.o
                                        0x794 (size before relaxing)
 .eh_frame      0x000000000804eca4      0x200 /senslab/users/iot2023oulu15/test-iot/bin/native/cpu/native_cpu.o
                                        0x2c0 (size before relaxing)
 .eh_frame      0x000000000804eea4       0x38 /senslab/users/iot2023oulu15/test-iot/bin/native/cpu/panic.o
                                         0x64 (size before relaxing)
 .eh_frame      0x000000000804eedc      0x2ec /senslab/users/iot2023oulu15/test-iot/bin/native/cpu/startup.o
                                        0x318 (size before relaxing)
 .eh_frame      0x000000000804f1c8      0x9b0 /senslab/users/iot2023oulu15/test-iot/bin/native/cpu/syscalls.o
                                        0xa60 (size before relaxing)
 .eh_frame      0x000000000804fb78        0x0 /senslab/users/iot2023oulu15/test-iot/bin/native/libc/string.o
                                         0x64 (size before relaxing)
 .eh_frame      0x000000000804fb78        0x0 /senslab/users/iot2023oulu15/test-iot/bin/native/native_drivers/native-led.o
                                        0x164 (size before relaxing)
 .eh_frame      0x000000000804fb78        0x0 /senslab/users/iot2023oulu15/test-iot/bin/native/periph_common/gpio.o
                                         0x7c (size before relaxing)
 .eh_frame      0x000000000804fb78       0x1c /senslab/users/iot2023oulu15/test-iot/bin/native/periph_common/init_leds.o
                                         0x34 (size before relaxing)
 .eh_frame      0x000000000804fb94       0x1c /senslab/users/iot2023oulu15/test-iot/bin/native/periph_common/init.o
                                         0x34 (size before relaxing)
 .eh_frame      0x000000000804fbb0      0x128 /senslab/users/iot2023oulu15/test-iot/bin/native/periph/gpio_linux.o
                                        0x2d0 (size before relaxing)
 .eh_frame      0x000000000804fcd8       0xb0 /senslab/users/iot2023oulu15/test-iot/bin/native/periph/pm.o
                                         0xf8 (size before relaxing)
 .eh_frame      0x000000000804fd88       0x40 /senslab/users/iot2023oulu15/test-iot/bin/native/periph/uart.o
                                        0x1c0 (size before relaxing)
 .eh_frame      0x000000000804fdc8       0x7c /senslab/users/iot2023oulu15/test-iot/bin/native/stdio_native/stdio_native.o
                                         0xa8 (size before relaxing)
 .eh_frame      0x000000000804fe44       0x60 //usr/lib32/libc_nonshared.a(elf-init.oS)
                                         0x8c (size before relaxing)
 .eh_frame      0x000000000804fea4       0x1c //usr/lib32/libc_nonshared.a(stack_chk_fail_local.oS)
                                         0x48 (size before relaxing)
 .eh_frame      0x000000000804fec0        0x4 /usr/lib/gcc/x86_64-linux-gnu/8/32/crtend.o
 *(.eh_frame.*)

.gcc_except_table
 *(.gcc_except_table .gcc_except_table.*)

.gnu_extab
 *(.gnu_extab*)

.exception_ranges
 *(.exception_ranges .exception_ranges*)
                0x0000000008050ee0                . = DATA_SEGMENT_ALIGN (CONSTANT (MAXPAGESIZE), CONSTANT (COMMONPAGESIZE))

.eh_frame
 *(.eh_frame)
 *(.eh_frame.*)

.gnu_extab
 *(.gnu_extab)

.gcc_except_table
 *(.gcc_except_table .gcc_except_table.*)

.exception_ranges
 *(.exception_ranges .exception_ranges*)

.tdata          0x0000000008050ee0        0x0
                [!provide]                        PROVIDE (__tdata_start = .)
 *(.tdata .tdata.* .gnu.linkonce.td.*)

.tbss
 *(.tbss .tbss.* .gnu.linkonce.tb.*)
 *(.tcommon)

.preinit_array  0x0000000008050ee0        0x0
                [!provide]                        PROVIDE (__preinit_array_start = .)
 *(.preinit_array)
                [!provide]                        PROVIDE (__preinit_array_end = .)

.init_array     0x0000000008050ee0        0x8
                0x0000000008050ee0                PROVIDE (__init_array_start = .)
 *(SORT_BY_INIT_PRIORITY(.init_array.*) SORT_BY_INIT_PRIORITY(.ctors.*))
 *(.init_array EXCLUDE_FILE(*crtend?.o *crtend.o *crtbegin?.o *crtbegin.o) .ctors)
 .init_array    0x0000000008050ee0        0x4 /usr/lib/gcc/x86_64-linux-gnu/8/32/crtbegin.o
 .init_array    0x0000000008050ee4        0x4 /senslab/users/iot2023oulu15/test-iot/bin/native/cpu/startup.o
                0x0000000008050ee8                PROVIDE (__init_array_end = .)

.fini_array     0x0000000008050ee8        0x4
                [!provide]                        PROVIDE (__fini_array_start = .)
 *(SORT_BY_INIT_PRIORITY(.fini_array.*) SORT_BY_INIT_PRIORITY(.dtors.*))
 *(.fini_array EXCLUDE_FILE(*crtend?.o *crtend.o *crtbegin?.o *crtbegin.o) .dtors)
 .fini_array    0x0000000008050ee8        0x4 /usr/lib/gcc/x86_64-linux-gnu/8/32/crtbegin.o
                [!provide]                        PROVIDE (__fini_array_end = .)

.ctors
 *crtbegin.o(.ctors)
 *crtbegin?.o(.ctors)
 *(EXCLUDE_FILE(*crtend?.o *crtend.o) .ctors)
 *(SORT_BY_NAME(.ctors.*))
 *(.ctors)

.dtors
 *crtbegin.o(.dtors)
 *crtbegin?.o(.dtors)
 *(EXCLUDE_FILE(*crtend?.o *crtend.o) .dtors)
 *(SORT_BY_NAME(.dtors.*))
 *(.dtors)

.jcr
 *(.jcr)

.data.rel.ro
 *(.data.rel.ro.local* .gnu.linkonce.d.rel.ro.local.*)
 *(.data.rel.ro .data.rel.ro.* .gnu.linkonce.d.rel.ro.*)

.dynamic        0x0000000008050eec       0xf8
 *(.dynamic)
 .dynamic       0x0000000008050eec       0xf8 /usr/lib/gcc/x86_64-linux-gnu/8/../../../../lib32/crt1.o
                0x0000000008050eec                _DYNAMIC

.got            0x0000000008050fe4       0x1c
 *(.got)
 .got           0x0000000008050fe4       0x1c /usr/lib/gcc/x86_64-linux-gnu/8/../../../../lib32/crt1.o
 *(.igot)
                0x0000000008051ff4                . = DATA_SEGMENT_RELRO_END (., (SIZEOF (.got.plt) >= 0xc)?0xc:0x0)

.got.plt        0x0000000008051000       0x6c
 *(.got.plt)
 .got.plt       0x0000000008051000       0x6c /usr/lib/gcc/x86_64-linux-gnu/8/../../../../lib32/crt1.o
                0x0000000008051000                _GLOBAL_OFFSET_TABLE_
 *(.igot.plt)
 .igot.plt      0x000000000805106c        0x0 /usr/lib/gcc/x86_64-linux-gnu/8/../../../../lib32/crt1.o

.data1
 *(.data1)
                0x000000000805106c                _edata = .
                [!provide]                        PROVIDE (edata = .)
                0x000000000805106c                . = .
                0x000000000805106c                __bss_start = .

.bss            0x0000000008051080     0xbadc
 *(.dynbss)
 .dynbss        0x0000000008051080        0x0 /usr/lib/gcc/x86_64-linux-gnu/8/../../../../lib32/crt1.o
 *(.bss .bss.* .gnu.linkonce.b.*)
 .bss           0x0000000008051080        0x1 /usr/lib/gcc/x86_64-linux-gnu/8/32/crtbegin.o
 *fill*         0x0000000008051081       0x1f 
 .bss.idle_stack
                0x00000000080510a0     0x2000 /senslab/users/iot2023oulu15/test-iot/bin/native/core_lib/init.o
 .bss.main_stack
                0x00000000080530a0     0x3000 /senslab/users/iot2023oulu15/test-iot/bin/native/core_lib/init.o
 .bss.crashed   0x00000000080560a0        0x4 /senslab/users/iot2023oulu15/test-iot/bin/native/core_lib/panic.o
 .bss.runqueue_bitcache
                0x00000000080560a4        0x4 /senslab/users/iot2023oulu15/test-iot/bin/native/core/sched.o
 *fill*         0x00000000080560a8       0x18 
 .bss.sched_runqueues
                0x00000000080560c0       0x40 /senslab/users/iot2023oulu15/test-iot/bin/native/core/sched.o
                0x00000000080560c0                sched_runqueues
 .bss.sched_context_switch_request
                0x0000000008056100        0x4 /senslab/users/iot2023oulu15/test-iot/bin/native/core/sched.o
                0x0000000008056100                sched_context_switch_request
 .bss.sched_active_thread
                0x0000000008056104        0x4 /senslab/users/iot2023oulu15/test-iot/bin/native/core/sched.o
                0x0000000008056104                sched_active_thread
 .bss.sched_num_threads
                0x0000000008056108        0x4 /senslab/users/iot2023oulu15/test-iot/bin/native/core/sched.o
                0x0000000008056108                sched_num_threads
 *fill*         0x000000000805610c       0x14 
 .bss.sched_threads
                0x0000000008056120       0x84 /senslab/users/iot2023oulu15/test-iot/bin/native/core/sched.o
                0x0000000008056120                sched_threads
 .bss.sched_active_pid
                0x00000000080561a4        0x2 /senslab/users/iot2023oulu15/test-iot/bin/native/core/sched.o
                0x00000000080561a4                sched_active_pid
 *fill*         0x00000000080561a6       0x1a 
 .bss.pollers   0x00000000080561c0       0x20 /senslab/users/iot2023oulu15/test-iot/bin/native/cpu/async_read.o
 .bss._fds      0x00000000080561e0       0x10 /senslab/users/iot2023oulu15/test-iot/bin/native/cpu/async_read.o
 .bss._next_index
                0x00000000080561f0        0x4 /senslab/users/iot2023oulu15/test-iot/bin/native/cpu/async_read.o
 .bss.sigstk.5631
                0x00000000080561f4        0xc /senslab/users/iot2023oulu15/test-iot/bin/native/cpu/irq_cpu.o
 .bss.sigalt_stk
                0x0000000008056200     0x2000 /senslab/users/iot2023oulu15/test-iot/bin/native/cpu/irq_cpu.o
                0x0000000008056200                sigalt_stk
 .bss.native_irq_handlers
                0x0000000008058200      0x3fc /senslab/users/iot2023oulu15/test-iot/bin/native/cpu/irq_cpu.o
 .bss._sig_pipefd
                0x00000000080585fc        0x8 /senslab/users/iot2023oulu15/test-iot/bin/native/cpu/irq_cpu.o
                0x00000000080585fc                _sig_pipefd
 .bss._native_sigpend
                0x0000000008058604        0x4 /senslab/users/iot2023oulu15/test-iot/bin/native/cpu/irq_cpu.o
                0x0000000008058604                _native_sigpend
 .bss._native_saved_eip
                0x0000000008058608        0x4 /senslab/users/iot2023oulu15/test-iot/bin/native/cpu/irq_cpu.o
                0x0000000008058608                _native_saved_eip
 .bss._native_isr_ctx
                0x000000000805860c        0x4 /senslab/users/iot2023oulu15/test-iot/bin/native/cpu/irq_cpu.o
                0x000000000805860c                _native_isr_ctx
 .bss._native_cur_ctx
                0x0000000008058610        0x4 /senslab/users/iot2023oulu15/test-iot/bin/native/cpu/irq_cpu.o
                0x0000000008058610                _native_cur_ctx
 *fill*         0x0000000008058614        0xc 
 .bss.native_isr_context
                0x0000000008058620      0x16c /senslab/users/iot2023oulu15/test-iot/bin/native/cpu/irq_cpu.o
                0x0000000008058620                native_isr_context
 *fill*         0x000000000805878c       0x14 
 .bss.__isr_stack
                0x00000000080587a0     0x2000 /senslab/users/iot2023oulu15/test-iot/bin/native/cpu/irq_cpu.o
                0x00000000080587a0                __isr_stack
 .bss._native_sig_set_dint
                0x000000000805a7a0       0x80 /senslab/users/iot2023oulu15/test-iot/bin/native/cpu/irq_cpu.o
 .bss._native_sig_set
                0x000000000805a820       0x80 /senslab/users/iot2023oulu15/test-iot/bin/native/cpu/irq_cpu.o
 .bss._native_in_syscall
                0x000000000805a8a0        0x4 /senslab/users/iot2023oulu15/test-iot/bin/native/cpu/irq_cpu.o
                0x000000000805a8a0                _native_in_syscall
 .bss._native_in_isr
                0x000000000805a8a4        0x4 /senslab/users/iot2023oulu15/test-iot/bin/native/cpu/irq_cpu.o
                0x000000000805a8a4                _native_in_isr
 .bss.native_interrupts_enabled
                0x000000000805a8a8        0x4 /senslab/users/iot2023oulu15/test-iot/bin/native/cpu/irq_cpu.o
                0x000000000805a8a8                native_interrupts_enabled
 *fill*         0x000000000805a8ac       0x14 
 .bss.__end_stack
                0x000000000805a8c0     0x2000 /senslab/users/iot2023oulu15/test-iot/bin/native/cpu/native_cpu.o
                0x000000000805a8c0                __end_stack
 .bss.end_context
                0x000000000805c8c0      0x16c /senslab/users/iot2023oulu15/test-iot/bin/native/cpu/native_cpu.o
                0x000000000805c8c0                end_context
 .bss._native_rng_mode
                0x000000000805ca2c        0x4 /senslab/users/iot2023oulu15/test-iot/bin/native/cpu/startup.o
                0x000000000805ca2c                _native_rng_mode
 .bss._native_rng_seed
                0x000000000805ca30        0x4 /senslab/users/iot2023oulu15/test-iot/bin/native/cpu/startup.o
                0x000000000805ca30                _native_rng_seed
 .bss._native_id
                0x000000000805ca34        0x4 /senslab/users/iot2023oulu15/test-iot/bin/native/cpu/startup.o
                0x000000000805ca34                _native_id
 .bss._native_pid
                0x000000000805ca38        0x4 /senslab/users/iot2023oulu15/test-iot/bin/native/cpu/startup.o
                0x000000000805ca38                _native_pid
 .bss._native_argv
                0x000000000805ca3c        0x4 /senslab/users/iot2023oulu15/test-iot/bin/native/cpu/startup.o
                0x000000000805ca3c                _native_argv
 .bss._progname
                0x000000000805ca40        0x4 /senslab/users/iot2023oulu15/test-iot/bin/native/cpu/startup.o
                0x000000000805ca40                _progname
 .bss._native_null_out_file
                0x000000000805ca44        0x4 /senslab/users/iot2023oulu15/test-iot/bin/native/cpu/startup.o
                0x000000000805ca44                _native_null_out_file
 .bss._native_null_in_pipe
                0x000000000805ca48        0x8 /senslab/users/iot2023oulu15/test-iot/bin/native/cpu/startup.o
                0x000000000805ca48                _native_null_in_pipe
 .bss._native_in_calloc
                0x000000000805ca50        0x4 /senslab/users/iot2023oulu15/test-iot/bin/native/cpu/syscalls.o
                0x000000000805ca50                _native_in_calloc
 .bss._native_in_malloc
                0x000000000805ca54        0x4 /senslab/users/iot2023oulu15/test-iot/bin/native/cpu/syscalls.o
                0x000000000805ca54                _native_in_malloc
 .bss.real_statvfs
                0x000000000805ca58        0x4 /senslab/users/iot2023oulu15/test-iot/bin/native/cpu/syscalls.o
                0x000000000805ca58                real_statvfs
 .bss.real_rename
                0x000000000805ca5c        0x4 /senslab/users/iot2023oulu15/test-iot/bin/native/cpu/syscalls.o
                0x000000000805ca5c                real_rename
 .bss.real_closedir
                0x000000000805ca60        0x4 /senslab/users/iot2023oulu15/test-iot/bin/native/cpu/syscalls.o
                0x000000000805ca60                real_closedir
 .bss.real_readdir
                0x000000000805ca64        0x4 /senslab/users/iot2023oulu15/test-iot/bin/native/cpu/syscalls.o
                0x000000000805ca64                real_readdir
 .bss.real_opendir
                0x000000000805ca68        0x4 /senslab/users/iot2023oulu15/test-iot/bin/native/cpu/syscalls.o
                0x000000000805ca68                real_opendir
 .bss.real_rmdir
                0x000000000805ca6c        0x4 /senslab/users/iot2023oulu15/test-iot/bin/native/cpu/syscalls.o
                0x000000000805ca6c                real_rmdir
 .bss.real_mkdir
                0x000000000805ca70        0x4 /senslab/users/iot2023oulu15/test-iot/bin/native/cpu/syscalls.o
                0x000000000805ca70                real_mkdir
 .bss.real_fsync
                0x000000000805ca74        0x4 /senslab/users/iot2023oulu15/test-iot/bin/native/cpu/syscalls.o
                0x000000000805ca74                real_fsync
 .bss.real_fstat
                0x000000000805ca78        0x4 /senslab/users/iot2023oulu15/test-iot/bin/native/cpu/syscalls.o
                0x000000000805ca78                real_fstat
 .bss.real_lseek
                0x000000000805ca7c        0x4 /senslab/users/iot2023oulu15/test-iot/bin/native/cpu/syscalls.o
                0x000000000805ca7c                real_lseek
 .bss.real_send
                0x000000000805ca80        0x4 /senslab/users/iot2023oulu15/test-iot/bin/native/cpu/syscalls.o
                0x000000000805ca80                real_send
 .bss.real_writev
                0x000000000805ca84        0x4 /senslab/users/iot2023oulu15/test-iot/bin/native/cpu/syscalls.o
                0x000000000805ca84                real_writev
 .bss.real_umask
                0x000000000805ca88        0x4 /senslab/users/iot2023oulu15/test-iot/bin/native/cpu/syscalls.o
                0x000000000805ca88                real_umask
 .bss.real_fgetc
                0x000000000805ca8c        0x4 /senslab/users/iot2023oulu15/test-iot/bin/native/cpu/syscalls.o
                0x000000000805ca8c                real_fgetc
 .bss.real_fputc
                0x000000000805ca90        0x4 /senslab/users/iot2023oulu15/test-iot/bin/native/cpu/syscalls.o
                0x000000000805ca90                real_fputc
 .bss.real_ftell
                0x000000000805ca94        0x4 /senslab/users/iot2023oulu15/test-iot/bin/native/cpu/syscalls.o
                0x000000000805ca94                real_ftell
 .bss.real_fseek
                0x000000000805ca98        0x4 /senslab/users/iot2023oulu15/test-iot/bin/native/cpu/syscalls.o
                0x000000000805ca98                real_fseek
 .bss.real_fclose
                0x000000000805ca9c        0x4 /senslab/users/iot2023oulu15/test-iot/bin/native/cpu/syscalls.o
                0x000000000805ca9c                real_fclose
 .bss.real_fopen
                0x000000000805caa0        0x4 /senslab/users/iot2023oulu15/test-iot/bin/native/cpu/syscalls.o
                0x000000000805caa0                real_fopen
 .bss.real_gai_strerror
                0x000000000805caa4        0x4 /senslab/users/iot2023oulu15/test-iot/bin/native/cpu/syscalls.o
                0x000000000805caa4                real_gai_strerror
 .bss.real_random
                0x000000000805caa8        0x4 /senslab/users/iot2023oulu15/test-iot/bin/native/cpu/syscalls.o
                0x000000000805caa8                real_random
 .bss.real_unlink
                0x000000000805caac        0x4 /senslab/users/iot2023oulu15/test-iot/bin/native/cpu/syscalls.o
                0x000000000805caac                real_unlink
 .bss.real_socket
                0x000000000805cab0        0x4 /senslab/users/iot2023oulu15/test-iot/bin/native/cpu/syscalls.o
                0x000000000805cab0                real_socket
 .bss.real_setsockopt
                0x000000000805cab4        0x4 /senslab/users/iot2023oulu15/test-iot/bin/native/cpu/syscalls.o
                0x000000000805cab4                real_setsockopt
 .bss.real_setsid
                0x000000000805cab8        0x4 /senslab/users/iot2023oulu15/test-iot/bin/native/cpu/syscalls.o
                0x000000000805cab8                real_setsid
 .bss.real_poll
                0x000000000805cabc        0x4 /senslab/users/iot2023oulu15/test-iot/bin/native/cpu/syscalls.o
                0x000000000805cabc                real_poll
 .bss.real_select
                0x000000000805cac0        0x4 /senslab/users/iot2023oulu15/test-iot/bin/native/cpu/syscalls.o
                0x000000000805cac0                real_select
 .bss.real_pipe
                0x000000000805cac4        0x4 /senslab/users/iot2023oulu15/test-iot/bin/native/cpu/syscalls.o
                0x000000000805cac4                real_pipe
 .bss.real_pause
                0x000000000805cac8        0x4 /senslab/users/iot2023oulu15/test-iot/bin/native/cpu/syscalls.o
                0x000000000805cac8                real_pause
 .bss.real_open
                0x000000000805cacc        0x4 /senslab/users/iot2023oulu15/test-iot/bin/native/cpu/syscalls.o
                0x000000000805cacc                real_open
 .bss.real_ioctl
                0x000000000805cad0        0x4 /senslab/users/iot2023oulu15/test-iot/bin/native/cpu/syscalls.o
                0x000000000805cad0                real_ioctl
 .bss.real_listen
                0x000000000805cad4        0x4 /senslab/users/iot2023oulu15/test-iot/bin/native/cpu/syscalls.o
                0x000000000805cad4                real_listen
 .bss.real_ferror
                0x000000000805cad8        0x4 /senslab/users/iot2023oulu15/test-iot/bin/native/cpu/syscalls.o
                0x000000000805cad8                real_ferror
 .bss.real_feof
                0x000000000805cadc        0x4 /senslab/users/iot2023oulu15/test-iot/bin/native/cpu/syscalls.o
                0x000000000805cadc                real_feof
 .bss.real_fork
                0x000000000805cae0        0x4 /senslab/users/iot2023oulu15/test-iot/bin/native/cpu/syscalls.o
                0x000000000805cae0                real_fork
 .bss.real_execve
                0x000000000805cae4        0x4 /senslab/users/iot2023oulu15/test-iot/bin/native/cpu/syscalls.o
                0x000000000805cae4                real_execve
 .bss.real_dup2
                0x000000000805cae8        0x4 /senslab/users/iot2023oulu15/test-iot/bin/native/cpu/syscalls.o
                0x000000000805cae8                real_dup2
 .bss.real_creat
                0x000000000805caec        0x4 /senslab/users/iot2023oulu15/test-iot/bin/native/cpu/syscalls.o
                0x000000000805caec                real_creat
 .bss.real_fcntl
                0x000000000805caf0        0x4 /senslab/users/iot2023oulu15/test-iot/bin/native/cpu/syscalls.o
                0x000000000805caf0                real_fcntl
 .bss.real_close
                0x000000000805caf4        0x4 /senslab/users/iot2023oulu15/test-iot/bin/native/cpu/syscalls.o
                0x000000000805caf4                real_close
 .bss.real_chdir
                0x000000000805caf8        0x4 /senslab/users/iot2023oulu15/test-iot/bin/native/cpu/syscalls.o
                0x000000000805caf8                real_chdir
 .bss.real_getpid
                0x000000000805cafc        0x4 /senslab/users/iot2023oulu15/test-iot/bin/native/cpu/syscalls.o
                0x000000000805cafc                real_getpid
 .bss.real_gettimeofday
                0x000000000805cb00        0x4 /senslab/users/iot2023oulu15/test-iot/bin/native/cpu/syscalls.o
                0x000000000805cb00                real_gettimeofday
 .bss.real_getifaddrs
                0x000000000805cb04        0x4 /senslab/users/iot2023oulu15/test-iot/bin/native/cpu/syscalls.o
                0x000000000805cb04                real_getifaddrs
 .bss.real_getaddrinfo
                0x000000000805cb08        0x4 /senslab/users/iot2023oulu15/test-iot/bin/native/cpu/syscalls.o
                0x000000000805cb08                real_getaddrinfo
 .bss.real_printf
                0x000000000805cb0c        0x4 /senslab/users/iot2023oulu15/test-iot/bin/native/cpu/syscalls.o
                0x000000000805cb0c                real_printf
 .bss.real_connect
                0x000000000805cb10        0x4 /senslab/users/iot2023oulu15/test-iot/bin/native/cpu/syscalls.o
                0x000000000805cb10                real_connect
 .bss.real_bind
                0x000000000805cb14        0x4 /senslab/users/iot2023oulu15/test-iot/bin/native/cpu/syscalls.o
                0x000000000805cb14                real_bind
 .bss.real_accept
                0x000000000805cb18        0x4 /senslab/users/iot2023oulu15/test-iot/bin/native/cpu/syscalls.o
                0x000000000805cb18                real_accept
 .bss.real_srandom
                0x000000000805cb1c        0x4 /senslab/users/iot2023oulu15/test-iot/bin/native/cpu/syscalls.o
                0x000000000805cb1c                real_srandom
 .bss.real_freeifaddrs
                0x000000000805cb20        0x4 /senslab/users/iot2023oulu15/test-iot/bin/native/cpu/syscalls.o
                0x000000000805cb20                real_freeifaddrs
 .bss.real_freeaddrinfo
                0x000000000805cb24        0x4 /senslab/users/iot2023oulu15/test-iot/bin/native/cpu/syscalls.o
                0x000000000805cb24                real_freeaddrinfo
 .bss.real_realloc
                0x000000000805cb28        0x4 /senslab/users/iot2023oulu15/test-iot/bin/native/cpu/syscalls.o
                0x000000000805cb28                real_realloc
 .bss.real_calloc
                0x000000000805cb2c        0x4 /senslab/users/iot2023oulu15/test-iot/bin/native/cpu/syscalls.o
                0x000000000805cb2c                real_calloc
 .bss.real_malloc
                0x000000000805cb30        0x4 /senslab/users/iot2023oulu15/test-iot/bin/native/cpu/syscalls.o
                0x000000000805cb30                real_malloc
 .bss.real_free
                0x000000000805cb34        0x4 /senslab/users/iot2023oulu15/test-iot/bin/native/cpu/syscalls.o
                0x000000000805cb34                real_free
 .bss.real_exit
                0x000000000805cb38        0x4 /senslab/users/iot2023oulu15/test-iot/bin/native/cpu/syscalls.o
                0x000000000805cb38                real_exit
 .bss.real_clearerr
                0x000000000805cb3c        0x4 /senslab/users/iot2023oulu15/test-iot/bin/native/cpu/syscalls.o
                0x000000000805cb3c                real_clearerr
 .bss.real_recv
                0x000000000805cb40        0x4 /senslab/users/iot2023oulu15/test-iot/bin/native/cpu/syscalls.o
                0x000000000805cb40                real_recv
 .bss.real_fread
                0x000000000805cb44        0x4 /senslab/users/iot2023oulu15/test-iot/bin/native/cpu/syscalls.o
                0x000000000805cb44                real_fread
 .bss.real_write
                0x000000000805cb48        0x4 /senslab/users/iot2023oulu15/test-iot/bin/native/cpu/syscalls.o
                0x000000000805cb48                real_write
 .bss.real_read
                0x000000000805cb4c        0x4 /senslab/users/iot2023oulu15/test-iot/bin/native/cpu/syscalls.o
                0x000000000805cb4c                real_read
 .bss.port_numof
                0x000000000805cb50        0x4 /senslab/users/iot2023oulu15/test-iot/bin/native/periph/gpio_linux.o
 .bss.ports     0x000000000805cb54        0x4 /senslab/users/iot2023oulu15/test-iot/bin/native/periph/gpio_linux.o
 .bss.tty_device_filenames
                0x000000000805cb58        0x4 /senslab/users/iot2023oulu15/test-iot/bin/native/periph/uart.o
 *(COMMON)
                0x000000000805cb5c                . = ALIGN ((. != 0x0)?0x4:0x1)
                0x000000000805cb5c                . = ALIGN (0x4)
                0x000000000805cb5c                . = SEGMENT_START ("ldata-segment", .)
                0x000000000805cb5c                . = ALIGN (0x4)
                0x000000000805cb5c                _end = .
                [!provide]                        PROVIDE (end = .)
                0x000000000805cb5c                . = DATA_SEGMENT_END (.)

.stab
 *(.stab)

.stabstr
 *(.stabstr)

.stab.excl
 *(.stab.excl)

.stab.exclstr
 *(.stab.exclstr)

.stab.index
 *(.stab.index)

.stab.indexstr
 *(.stab.indexstr)

.comment        0x0000000000000000       0x1c
 *(.comment)
 .comment       0x0000000000000000       0x1c /usr/lib/gcc/x86_64-linux-gnu/8/32/crtbegin.o
                                         0x1d (size before relaxing)
 .comment       0x000000000000001c       0x1d /senslab/users/iot2023oulu15/test-iot/bin/native/application_example/main.o
 .comment       0x000000000000001c       0x1d /senslab/users/iot2023oulu15/test-iot/bin/native/auto_init/auto_init.o
 .comment       0x000000000000001c       0x1d /senslab/users/iot2023oulu15/test-iot/bin/native/board/board_init.o
 .comment       0x000000000000001c       0x1d /senslab/users/iot2023oulu15/test-iot/bin/native/board_common_init/board_common.o
 .comment       0x000000000000001c       0x1d /senslab/users/iot2023oulu15/test-iot/bin/native/core/cond.o
 .comment       0x000000000000001c       0x1d /senslab/users/iot2023oulu15/test-iot/bin/native/core_lib/assert.o
 .comment       0x000000000000001c       0x1d /senslab/users/iot2023oulu15/test-iot/bin/native/core_lib/atomic_c11.o
 .comment       0x000000000000001c       0x1d /senslab/users/iot2023oulu15/test-iot/bin/native/core_lib/bitarithm.o
 .comment       0x000000000000001c       0x1d /senslab/users/iot2023oulu15/test-iot/bin/native/core_lib/clist.o
 .comment       0x000000000000001c       0x1d /senslab/users/iot2023oulu15/test-iot/bin/native/core_lib/init.o
 .comment       0x000000000000001c       0x1d /senslab/users/iot2023oulu15/test-iot/bin/native/core_lib/panic.o
 .comment       0x000000000000001c       0x1d /senslab/users/iot2023oulu15/test-iot/bin/native/core_lib/priority_queue.o
 .comment       0x000000000000001c       0x1d /senslab/users/iot2023oulu15/test-iot/bin/native/core_lib/ringbuffer.o
 .comment       0x000000000000001c       0x1d /senslab/users/iot2023oulu15/test-iot/bin/native/core_lib/rmutex.o
 .comment       0x000000000000001c       0x1d /senslab/users/iot2023oulu15/test-iot/bin/native/core/msg.o
 .comment       0x000000000000001c       0x1d /senslab/users/iot2023oulu15/test-iot/bin/native/core/mutex.o
 .comment       0x000000000000001c       0x1d /senslab/users/iot2023oulu15/test-iot/bin/native/core/sched.o
 .comment       0x000000000000001c       0x1d /senslab/users/iot2023oulu15/test-iot/bin/native/core/thread.o
 .comment       0x000000000000001c       0x1d /senslab/users/iot2023oulu15/test-iot/bin/native/cpu/async_read.o
 .comment       0x000000000000001c       0x1d /senslab/users/iot2023oulu15/test-iot/bin/native/cpu/irq_cpu.o
 .comment       0x000000000000001c       0x1d /senslab/users/iot2023oulu15/test-iot/bin/native/cpu/native_cpu.o
 .comment       0x000000000000001c       0x1d /senslab/users/iot2023oulu15/test-iot/bin/native/cpu/panic.o
 .comment       0x000000000000001c       0x1d /senslab/users/iot2023oulu15/test-iot/bin/native/cpu/startup.o
 .comment       0x000000000000001c       0x1d /senslab/users/iot2023oulu15/test-iot/bin/native/cpu/syscalls.o
 .comment       0x000000000000001c       0x1d /senslab/users/iot2023oulu15/test-iot/bin/native/libc/string.o
 .comment       0x000000000000001c       0x1d /senslab/users/iot2023oulu15/test-iot/bin/native/native_drivers/native-led.o
 .comment       0x000000000000001c       0x1d /senslab/users/iot2023oulu15/test-iot/bin/native/periph_common/gpio.o
 .comment       0x000000000000001c       0x1d /senslab/users/iot2023oulu15/test-iot/bin/native/periph_common/init_leds.o
 .comment       0x000000000000001c       0x1d /senslab/users/iot2023oulu15/test-iot/bin/native/periph_common/init.o
 .comment       0x000000000000001c       0x1d /senslab/users/iot2023oulu15/test-iot/bin/native/periph/gpio_linux.o
 .comment       0x000000000000001c       0x1d /senslab/users/iot2023oulu15/test-iot/bin/native/periph/pm.o
 .comment       0x000000000000001c       0x1d /senslab/users/iot2023oulu15/test-iot/bin/native/periph/uart.o
 .comment       0x000000000000001c       0x1d /senslab/users/iot2023oulu15/test-iot/bin/native/stdio_native/stdio_native.o
 .comment       0x000000000000001c       0x1d /usr/lib/gcc/x86_64-linux-gnu/8/32/crtend.o

.debug
 *(.debug)

.line
 *(.line)

.debug_srcinfo
 *(.debug_srcinfo)

.debug_sfnames
 *(.debug_sfnames)

.debug_aranges  0x0000000000000000      0xb40
 *(.debug_aranges)
 .debug_aranges
                0x0000000000000000       0x20 /senslab/users/iot2023oulu15/test-iot/bin/native/application_example/main.o
 .debug_aranges
                0x0000000000000020       0x20 /senslab/users/iot2023oulu15/test-iot/bin/native/auto_init/auto_init.o
 .debug_aranges
                0x0000000000000040       0x20 /senslab/users/iot2023oulu15/test-iot/bin/native/board/board_init.o
 .debug_aranges
                0x0000000000000060       0x20 /senslab/users/iot2023oulu15/test-iot/bin/native/board_common_init/board_common.o
 .debug_aranges
                0x0000000000000080       0x40 /senslab/users/iot2023oulu15/test-iot/bin/native/core/cond.o
 .debug_aranges
                0x00000000000000c0       0x28 /senslab/users/iot2023oulu15/test-iot/bin/native/core_lib/assert.o
 .debug_aranges
                0x00000000000000e8      0x240 /senslab/users/iot2023oulu15/test-iot/bin/native/core_lib/atomic_c11.o
 .debug_aranges
                0x0000000000000328       0x28 /senslab/users/iot2023oulu15/test-iot/bin/native/core_lib/bitarithm.o
 .debug_aranges
                0x0000000000000350       0x20 /senslab/users/iot2023oulu15/test-iot/bin/native/core_lib/clist.o
 .debug_aranges
                0x0000000000000370       0x38 /senslab/users/iot2023oulu15/test-iot/bin/native/core_lib/init.o
 .debug_aranges
                0x00000000000003a8       0x30 /senslab/users/iot2023oulu15/test-iot/bin/native/core_lib/panic.o
 .debug_aranges
                0x00000000000003d8       0x30 /senslab/users/iot2023oulu15/test-iot/bin/native/core_lib/priority_queue.o
 .debug_aranges
                0x0000000000000408       0x60 /senslab/users/iot2023oulu15/test-iot/bin/native/core_lib/ringbuffer.o
 .debug_aranges
                0x0000000000000468       0x38 /senslab/users/iot2023oulu15/test-iot/bin/native/core_lib/rmutex.o
 .debug_aranges
                0x00000000000004a0       0xb8 /senslab/users/iot2023oulu15/test-iot/bin/native/core/msg.o
 .debug_aranges
                0x0000000000000558       0x40 /senslab/users/iot2023oulu15/test-iot/bin/native/core/mutex.o
 .debug_aranges
                0x0000000000000598       0x48 /senslab/users/iot2023oulu15/test-iot/bin/native/core/sched.o
 .debug_aranges
                0x00000000000005e0       0x70 /senslab/users/iot2023oulu15/test-iot/bin/native/core/thread.o
 .debug_aranges
                0x0000000000000650       0x58 /senslab/users/iot2023oulu15/test-iot/bin/native/cpu/async_read.o
 .debug_aranges
                0x00000000000006a8       0xb0 /senslab/users/iot2023oulu15/test-iot/bin/native/cpu/irq_cpu.o
 .debug_aranges
                0x0000000000000758       0x68 /senslab/users/iot2023oulu15/test-iot/bin/native/cpu/native_cpu.o
 .debug_aranges
                0x00000000000007c0       0x20 /senslab/users/iot2023oulu15/test-iot/bin/native/cpu/panic.o
 .debug_aranges
                0x00000000000007e0       0x50 /senslab/users/iot2023oulu15/test-iot/bin/native/cpu/startup.o
 .debug_aranges
                0x0000000000000830      0x108 /senslab/users/iot2023oulu15/test-iot/bin/native/cpu/syscalls.o
 .debug_aranges
                0x0000000000000938       0x20 /senslab/users/iot2023oulu15/test-iot/bin/native/cpu/tramp.o
 .debug_aranges
                0x0000000000000958       0x28 /senslab/users/iot2023oulu15/test-iot/bin/native/libc/string.o
 .debug_aranges
                0x0000000000000980       0x48 /senslab/users/iot2023oulu15/test-iot/bin/native/native_drivers/native-led.o
 .debug_aranges
                0x00000000000009c8       0x20 /senslab/users/iot2023oulu15/test-iot/bin/native/periph_common/gpio.o
 .debug_aranges
                0x00000000000009e8       0x20 /senslab/users/iot2023oulu15/test-iot/bin/native/periph_common/init_leds.o
 .debug_aranges
                0x0000000000000a08       0x20 /senslab/users/iot2023oulu15/test-iot/bin/native/periph_common/init.o
 .debug_aranges
                0x0000000000000a28       0x60 /senslab/users/iot2023oulu15/test-iot/bin/native/periph/gpio_linux.o
 .debug_aranges
                0x0000000000000a88       0x40 /senslab/users/iot2023oulu15/test-iot/bin/native/periph/pm.o
 .debug_aranges
                0x0000000000000ac8       0x48 /senslab/users/iot2023oulu15/test-iot/bin/native/periph/uart.o
 .debug_aranges
                0x0000000000000b10       0x30 /senslab/users/iot2023oulu15/test-iot/bin/native/stdio_native/stdio_native.o

.debug_pubnames
 *(.debug_pubnames)

.debug_info     0x0000000000000000    0x1ef89
 *(.debug_info .gnu.linkonce.wi.*)
 .debug_info    0x0000000000000000      0x33c /senslab/users/iot2023oulu15/test-iot/bin/native/application_example/main.o
 .debug_info    0x000000000000033c      0x722 /senslab/users/iot2023oulu15/test-iot/bin/native/auto_init/auto_init.o
 .debug_info    0x0000000000000a5e      0x338 /senslab/users/iot2023oulu15/test-iot/bin/native/board/board_init.o
 .debug_info    0x0000000000000d96       0xae /senslab/users/iot2023oulu15/test-iot/bin/native/board_common_init/board_common.o
 .debug_info    0x0000000000000e44      0xa04 /senslab/users/iot2023oulu15/test-iot/bin/native/core/cond.o
 .debug_info    0x0000000000001848      0x6f0 /senslab/users/iot2023oulu15/test-iot/bin/native/core_lib/assert.o
 .debug_info    0x0000000000001f38     0x2760 /senslab/users/iot2023oulu15/test-iot/bin/native/core_lib/atomic_c11.o
 .debug_info    0x0000000000004698      0x40f /senslab/users/iot2023oulu15/test-iot/bin/native/core_lib/bitarithm.o
 .debug_info    0x0000000000004aa7      0x1e1 /senslab/users/iot2023oulu15/test-iot/bin/native/core_lib/clist.o
 .debug_info    0x0000000000004c88      0x849 /senslab/users/iot2023oulu15/test-iot/bin/native/core_lib/init.o
 .debug_info    0x00000000000054d1      0x4bc /senslab/users/iot2023oulu15/test-iot/bin/native/core_lib/panic.o
 .debug_info    0x000000000000598d      0x77f /senslab/users/iot2023oulu15/test-iot/bin/native/core_lib/priority_queue.o
 .debug_info    0x000000000000610c      0x4e7 /senslab/users/iot2023oulu15/test-iot/bin/native/core_lib/ringbuffer.o
 .debug_info    0x00000000000065f3      0xb39 /senslab/users/iot2023oulu15/test-iot/bin/native/core_lib/rmutex.o
 .debug_info    0x000000000000712c     0x1b62 /senslab/users/iot2023oulu15/test-iot/bin/native/core/msg.o
 .debug_info    0x0000000000008c8e      0xd0e /senslab/users/iot2023oulu15/test-iot/bin/native/core/mutex.o
 .debug_info    0x000000000000999c      0xee4 /senslab/users/iot2023oulu15/test-iot/bin/native/core/sched.o
 .debug_info    0x000000000000a880     0x1035 /senslab/users/iot2023oulu15/test-iot/bin/native/core/thread.o
 .debug_info    0x000000000000b8b5     0x1aca /senslab/users/iot2023oulu15/test-iot/bin/native/cpu/async_read.o
 .debug_info    0x000000000000d37f     0x26cd /senslab/users/iot2023oulu15/test-iot/bin/native/cpu/irq_cpu.o
 .debug_info    0x000000000000fa4c     0x1deb /senslab/users/iot2023oulu15/test-iot/bin/native/cpu/native_cpu.o
 .debug_info    0x0000000000011837     0x164b /senslab/users/iot2023oulu15/test-iot/bin/native/cpu/panic.o
 .debug_info    0x0000000000012e82     0x21a4 /senslab/users/iot2023oulu15/test-iot/bin/native/cpu/startup.o
 .debug_info    0x0000000000015026     0x2cd1 /senslab/users/iot2023oulu15/test-iot/bin/native/cpu/syscalls.o
 .debug_info    0x0000000000017cf7       0x26 /senslab/users/iot2023oulu15/test-iot/bin/native/cpu/tramp.o
 .debug_info    0x0000000000017d1d      0x1d6 /senslab/users/iot2023oulu15/test-iot/bin/native/libc/string.o
 .debug_info    0x0000000000017ef3      0x403 /senslab/users/iot2023oulu15/test-iot/bin/native/native_drivers/native-led.o
 .debug_info    0x00000000000182f6      0x155 /senslab/users/iot2023oulu15/test-iot/bin/native/periph_common/gpio.o
 .debug_info    0x000000000001844b       0xae /senslab/users/iot2023oulu15/test-iot/bin/native/periph_common/init_leds.o
 .debug_info    0x00000000000184f9       0xbc /senslab/users/iot2023oulu15/test-iot/bin/native/periph_common/init.o
 .debug_info    0x00000000000185b5     0x1da9 /senslab/users/iot2023oulu15/test-iot/bin/native/periph/gpio_linux.o
 .debug_info    0x000000000001a35e     0x1918 /senslab/users/iot2023oulu15/test-iot/bin/native/periph/pm.o
 .debug_info    0x000000000001bc76     0x1c5b /senslab/users/iot2023oulu15/test-iot/bin/native/periph/uart.o
 .debug_info    0x000000000001d8d1     0x16b8 /senslab/users/iot2023oulu15/test-iot/bin/native/stdio_native/stdio_native.o

.debug_abbrev   0x0000000000000000     0x4abd
 *(.debug_abbrev)
 .debug_abbrev  0x0000000000000000       0xfe /senslab/users/iot2023oulu15/test-iot/bin/native/application_example/main.o
 .debug_abbrev  0x00000000000000fe      0x1e6 /senslab/users/iot2023oulu15/test-iot/bin/native/auto_init/auto_init.o
 .debug_abbrev  0x00000000000002e4       0xfc /senslab/users/iot2023oulu15/test-iot/bin/native/board/board_init.o
 .debug_abbrev  0x00000000000003e0       0x61 /senslab/users/iot2023oulu15/test-iot/bin/native/board_common_init/board_common.o
 .debug_abbrev  0x0000000000000441      0x2d0 /senslab/users/iot2023oulu15/test-iot/bin/native/core/cond.o
 .debug_abbrev  0x0000000000000711      0x1b8 /senslab/users/iot2023oulu15/test-iot/bin/native/core_lib/assert.o
 .debug_abbrev  0x00000000000008c9      0x1e6 /senslab/users/iot2023oulu15/test-iot/bin/native/core_lib/atomic_c11.o
 .debug_abbrev  0x0000000000000aaf      0x13f /senslab/users/iot2023oulu15/test-iot/bin/native/core_lib/bitarithm.o
 .debug_abbrev  0x0000000000000bee      0x122 /senslab/users/iot2023oulu15/test-iot/bin/native/core_lib/clist.o
 .debug_abbrev  0x0000000000000d10      0x238 /senslab/users/iot2023oulu15/test-iot/bin/native/core_lib/init.o
 .debug_abbrev  0x0000000000000f48      0x186 /senslab/users/iot2023oulu15/test-iot/bin/native/core_lib/panic.o
 .debug_abbrev  0x00000000000010ce      0x1b8 /senslab/users/iot2023oulu15/test-iot/bin/native/core_lib/priority_queue.o
 .debug_abbrev  0x0000000000001286      0x1cb /senslab/users/iot2023oulu15/test-iot/bin/native/core_lib/ringbuffer.o
 .debug_abbrev  0x0000000000001451      0x315 /senslab/users/iot2023oulu15/test-iot/bin/native/core_lib/rmutex.o
 .debug_abbrev  0x0000000000001766      0x491 /senslab/users/iot2023oulu15/test-iot/bin/native/core/msg.o
 .debug_abbrev  0x0000000000001bf7      0x361 /senslab/users/iot2023oulu15/test-iot/bin/native/core/mutex.o
 .debug_abbrev  0x0000000000001f58      0x3cd /senslab/users/iot2023oulu15/test-iot/bin/native/core/sched.o
 .debug_abbrev  0x0000000000002325      0x3d7 /senslab/users/iot2023oulu15/test-iot/bin/native/core/thread.o
 .debug_abbrev  0x00000000000026fc      0x30f /senslab/users/iot2023oulu15/test-iot/bin/native/cpu/async_read.o
 .debug_abbrev  0x0000000000002a0b      0x46d /senslab/users/iot2023oulu15/test-iot/bin/native/cpu/irq_cpu.o
 .debug_abbrev  0x0000000000002e78      0x3ab /senslab/users/iot2023oulu15/test-iot/bin/native/cpu/native_cpu.o
 .debug_abbrev  0x0000000000003223      0x1eb /senslab/users/iot2023oulu15/test-iot/bin/native/cpu/panic.o
 .debug_abbrev  0x000000000000340e      0x3ce /senslab/users/iot2023oulu15/test-iot/bin/native/cpu/startup.o
 .debug_abbrev  0x00000000000037dc      0x489 /senslab/users/iot2023oulu15/test-iot/bin/native/cpu/syscalls.o
 .debug_abbrev  0x0000000000003c65       0x14 /senslab/users/iot2023oulu15/test-iot/bin/native/cpu/tramp.o
 .debug_abbrev  0x0000000000003c79      0x104 /senslab/users/iot2023oulu15/test-iot/bin/native/libc/string.o
 .debug_abbrev  0x0000000000003d7d       0xfa /senslab/users/iot2023oulu15/test-iot/bin/native/native_drivers/native-led.o
 .debug_abbrev  0x0000000000003e77       0xc7 /senslab/users/iot2023oulu15/test-iot/bin/native/periph_common/gpio.o
 .debug_abbrev  0x0000000000003f3e       0x61 /senslab/users/iot2023oulu15/test-iot/bin/native/periph_common/init_leds.o
 .debug_abbrev  0x0000000000003f9f       0x7b /senslab/users/iot2023oulu15/test-iot/bin/native/periph_common/init.o
 .debug_abbrev  0x000000000000401a      0x317 /senslab/users/iot2023oulu15/test-iot/bin/native/periph/gpio_linux.o
 .debug_abbrev  0x0000000000004331      0x29d /senslab/users/iot2023oulu15/test-iot/bin/native/periph/pm.o
 .debug_abbrev  0x00000000000045ce      0x2d7 /senslab/users/iot2023oulu15/test-iot/bin/native/periph/uart.o
 .debug_abbrev  0x00000000000048a5      0x218 /senslab/users/iot2023oulu15/test-iot/bin/native/stdio_native/stdio_native.o

.debug_line     0x0000000000000000    0x12ea3
 *(.debug_line .debug_line.* .debug_line_end)
 .debug_line    0x0000000000000000      0x26a /senslab/users/iot2023oulu15/test-iot/bin/native/application_example/main.o
 .debug_line    0x000000000000026a      0x62f /senslab/users/iot2023oulu15/test-iot/bin/native/auto_init/auto_init.o
 .debug_line    0x0000000000000899      0x5df /senslab/users/iot2023oulu15/test-iot/bin/native/board/board_init.o
 .debug_line    0x0000000000000e78      0x5b6 /senslab/users/iot2023oulu15/test-iot/bin/native/board_common_init/board_common.o
 .debug_line    0x000000000000142e      0x5f7 /senslab/users/iot2023oulu15/test-iot/bin/native/core/cond.o
 .debug_line    0x0000000000001a25      0x4e5 /senslab/users/iot2023oulu15/test-iot/bin/native/core_lib/assert.o
 .debug_line    0x0000000000001f0a      0xe0b /senslab/users/iot2023oulu15/test-iot/bin/native/core_lib/atomic_c11.o
 .debug_line    0x0000000000002d15      0x46c /senslab/users/iot2023oulu15/test-iot/bin/native/core_lib/bitarithm.o
 .debug_line    0x0000000000003181      0x304 /senslab/users/iot2023oulu15/test-iot/bin/native/core_lib/clist.o
 .debug_line    0x0000000000003485      0x7ea /senslab/users/iot2023oulu15/test-iot/bin/native/core_lib/init.o
 .debug_line    0x0000000000003c6f      0x5da /senslab/users/iot2023oulu15/test-iot/bin/native/core_lib/panic.o
 .debug_line    0x0000000000004249      0x592 /senslab/users/iot2023oulu15/test-iot/bin/native/core_lib/priority_queue.o
 .debug_line    0x00000000000047db      0x4f0 /senslab/users/iot2023oulu15/test-iot/bin/native/core_lib/ringbuffer.o
 .debug_line    0x0000000000004ccb      0x82a /senslab/users/iot2023oulu15/test-iot/bin/native/core_lib/rmutex.o
 .debug_line    0x00000000000054f5     0x1034 /senslab/users/iot2023oulu15/test-iot/bin/native/core/msg.o
 .debug_line    0x0000000000006529      0x8bd /senslab/users/iot2023oulu15/test-iot/bin/native/core/mutex.o
 .debug_line    0x0000000000006de6      0x978 /senslab/users/iot2023oulu15/test-iot/bin/native/core/sched.o
 .debug_line    0x000000000000775e      0xaf6 /senslab/users/iot2023oulu15/test-iot/bin/native/core/thread.o
 .debug_line    0x0000000000008254      0xc3a /senslab/users/iot2023oulu15/test-iot/bin/native/cpu/async_read.o
 .debug_line    0x0000000000008e8e     0x1358 /senslab/users/iot2023oulu15/test-iot/bin/native/cpu/irq_cpu.o
 .debug_line    0x000000000000a1e6      0xdc0 /senslab/users/iot2023oulu15/test-iot/bin/native/cpu/native_cpu.o
 .debug_line    0x000000000000afa6      0x918 /senslab/users/iot2023oulu15/test-iot/bin/native/cpu/panic.o
 .debug_line    0x000000000000b8be     0x121c /senslab/users/iot2023oulu15/test-iot/bin/native/cpu/startup.o
 .debug_line    0x000000000000cada     0x14cd /senslab/users/iot2023oulu15/test-iot/bin/native/cpu/syscalls.o
 .debug_line    0x000000000000dfa7       0x73 /senslab/users/iot2023oulu15/test-iot/bin/native/cpu/tramp.o
 .debug_line    0x000000000000e01a      0x50d /senslab/users/iot2023oulu15/test-iot/bin/native/libc/string.o
 .debug_line    0x000000000000e527      0x667 /senslab/users/iot2023oulu15/test-iot/bin/native/native_drivers/native-led.o
 .debug_line    0x000000000000eb8e      0x4cf /senslab/users/iot2023oulu15/test-iot/bin/native/periph_common/gpio.o
 .debug_line    0x000000000000f05d      0x5b8 /senslab/users/iot2023oulu15/test-iot/bin/native/periph_common/init_leds.o
 .debug_line    0x000000000000f615      0x452 /senslab/users/iot2023oulu15/test-iot/bin/native/periph_common/init.o
 .debug_line    0x000000000000fa67      0xeef /senslab/users/iot2023oulu15/test-iot/bin/native/periph/gpio_linux.o
 .debug_line    0x0000000000010956      0xd0d /senslab/users/iot2023oulu15/test-iot/bin/native/periph/pm.o
 .debug_line    0x0000000000011663      0xe9c /senslab/users/iot2023oulu15/test-iot/bin/native/periph/uart.o
 .debug_line    0x00000000000124ff      0x9a4 /senslab/users/iot2023oulu15/test-iot/bin/native/stdio_native/stdio_native.o

.debug_frame
 *(.debug_frame)

.debug_str      0x0000000000000000    0x612e6
 *(.debug_str)
 .debug_str     0x0000000000000000     0x4f91 /senslab/users/iot2023oulu15/test-iot/bin/native/application_example/main.o
                                       0x50e8 (size before relaxing)
 .debug_str     0x0000000000004f91    0x474b9 /senslab/users/iot2023oulu15/test-iot/bin/native/auto_init/auto_init.o
                                      0x4c6e6 (size before relaxing)
 .debug_str     0x000000000004c44a     0x1b6b /senslab/users/iot2023oulu15/test-iot/bin/native/board/board_init.o
                                       0x73c7 (size before relaxing)
 .debug_str     0x000000000004dfb5       0xd2 /senslab/users/iot2023oulu15/test-iot/bin/native/board_common_init/board_common.o
                                       0x70c0 (size before relaxing)
 .debug_str     0x000000000004e087      0x247 /senslab/users/iot2023oulu15/test-iot/bin/native/core/cond.o
                                       0x7cbe (size before relaxing)
 .debug_str     0x000000000004e2ce      0x19c /senslab/users/iot2023oulu15/test-iot/bin/native/core_lib/assert.o
                                       0x7bab (size before relaxing)
 .debug_str     0x000000000004e46a     0x32be /senslab/users/iot2023oulu15/test-iot/bin/native/core_lib/atomic_c11.o
                                       0x83fd (size before relaxing)
 .debug_str     0x0000000000051728      0x368 /senslab/users/iot2023oulu15/test-iot/bin/native/core_lib/bitarithm.o
                                       0x5cf4 (size before relaxing)
 .debug_str     0x0000000000051a90       0xb4 /senslab/users/iot2023oulu15/test-iot/bin/native/core_lib/clist.o
                                       0x2f60 (size before relaxing)
 .debug_str     0x0000000000051b44     0x4300 /senslab/users/iot2023oulu15/test-iot/bin/native/core_lib/init.o
                                       0xccf2 (size before relaxing)
 .debug_str     0x0000000000055e44       0xb0 /senslab/users/iot2023oulu15/test-iot/bin/native/core_lib/panic.o
                                       0x7495 (size before relaxing)
 .debug_str     0x0000000000055ef4      0x178 /senslab/users/iot2023oulu15/test-iot/bin/native/core_lib/priority_queue.o
                                       0x7bd6 (size before relaxing)
 .debug_str     0x000000000005606c      0x193 /senslab/users/iot2023oulu15/test-iot/bin/native/core_lib/ringbuffer.o
                                       0x40c6 (size before relaxing)
 .debug_str     0x00000000000561ff      0x51c /senslab/users/iot2023oulu15/test-iot/bin/native/core_lib/rmutex.o
                                       0x8f82 (size before relaxing)
 .debug_str     0x000000000005671b      0x2e6 /senslab/users/iot2023oulu15/test-iot/bin/native/core/msg.o
                                       0x7e7b (size before relaxing)
 .debug_str     0x0000000000056a01       0xfa /senslab/users/iot2023oulu15/test-iot/bin/native/core/mutex.o
                                       0x8382 (size before relaxing)
 .debug_str     0x0000000000056afb      0x1fc /senslab/users/iot2023oulu15/test-iot/bin/native/core/sched.o
                                       0x8243 (size before relaxing)
 .debug_str     0x0000000000056cf7      0x22b /senslab/users/iot2023oulu15/test-iot/bin/native/core/thread.o
                                       0x86f2 (size before relaxing)
 .debug_str     0x0000000000056f22     0x63e9 /senslab/users/iot2023oulu15/test-iot/bin/native/cpu/async_read.o
                                      0x129f4 (size before relaxing)
 .debug_str     0x000000000005d30b      0x4b5 /senslab/users/iot2023oulu15/test-iot/bin/native/cpu/irq_cpu.o
                                      0x14241 (size before relaxing)
 .debug_str     0x000000000005d7c0      0x165 /senslab/users/iot2023oulu15/test-iot/bin/native/cpu/native_cpu.o
                                      0x131ac (size before relaxing)
 .debug_str     0x000000000005d925       0x5d /senslab/users/iot2023oulu15/test-iot/bin/native/cpu/panic.o
                                      0x11b3e (size before relaxing)
 .debug_str     0x000000000005d982     0x21e6 /senslab/users/iot2023oulu15/test-iot/bin/native/cpu/startup.o
                                      0x171e9 (size before relaxing)
 .debug_str     0x000000000005fb68      0x25a /senslab/users/iot2023oulu15/test-iot/bin/native/cpu/syscalls.o
                                      0x14fbe (size before relaxing)
 .debug_str     0x000000000005fdc2       0x43 /senslab/users/iot2023oulu15/test-iot/bin/native/cpu/tramp.o
                                         0x70 (size before relaxing)
 .debug_str     0x000000000005fe05       0xc1 /senslab/users/iot2023oulu15/test-iot/bin/native/libc/string.o
                                       0x633a (size before relaxing)
 .debug_str     0x000000000005fec6      0x157 /senslab/users/iot2023oulu15/test-iot/bin/native/native_drivers/native-led.o
                                       0x7453 (size before relaxing)