Archive member included to satisfy reference by file (symbol)

/opt/gcc-arm-none-eabi-9-2020-q2-update/bin/../lib/gcc/arm-none-eabi/9.3.1/../../../../arm-none-eabi/lib/thumb/v7-m/nofp/libc_nano.a(lib_a-errno.o)
                              /senslab/users/iot2023oulu15/test-iot/bin/iotlab-m3/newlib_syscalls_default/syscalls.o (__errno)
/opt/gcc-arm-none-eabi-9-2020-q2-update/bin/../lib/gcc/arm-none-eabi/9.3.1/../../../../arm-none-eabi/lib/thumb/v7-m/nofp/libc_nano.a(lib_a-impure.o)
                              /opt/gcc-arm-none-eabi-9-2020-q2-update/bin/../lib/gcc/arm-none-eabi/9.3.1/../../../../arm-none-eabi/lib/thumb/v7-m/nofp/libc_nano.a(lib_a-errno.o) (_impure_ptr)
/opt/gcc-arm-none-eabi-9-2020-q2-update/bin/../lib/gcc/arm-none-eabi/9.3.1/../../../../arm-none-eabi/lib/thumb/v7-m/nofp/libc_nano.a(lib_a-init.o)
                              /senslab/users/iot2023oulu15/test-iot/bin/iotlab-m3/cortexm_common/vectors_cortexm.o (__libc_init_array)
/opt/gcc-arm-none-eabi-9-2020-q2-update/bin/../lib/gcc/arm-none-eabi/9.3.1/../../../../arm-none-eabi/lib/thumb/v7-m/nofp/libc_nano.a(lib_a-malloc.o)
                              /senslab/users/iot2023oulu15/test-iot/bin/iotlab-m3/malloc_thread_safe/malloc_wrappers.o (malloc)
/opt/gcc-arm-none-eabi-9-2020-q2-update/bin/../lib/gcc/arm-none-eabi/9.3.1/../../../../arm-none-eabi/lib/thumb/v7-m/nofp/libc_nano.a(lib_a-memcmp.o)
                              /senslab/users/iot2023oulu15/test-iot/bin/iotlab-m3/core_lib/atomic_c11.o (memcmp)
/opt/gcc-arm-none-eabi-9-2020-q2-update/bin/../lib/gcc/arm-none-eabi/9.3.1/../../../../arm-none-eabi/lib/thumb/v7-m/nofp/libc_nano.a(lib_a-memcpy-stub.o)
                              /senslab/users/iot2023oulu15/test-iot/bin/iotlab-m3/core_lib/atomic_c11.o (memcpy)
/opt/gcc-arm-none-eabi-9-2020-q2-update/bin/../lib/gcc/arm-none-eabi/9.3.1/../../../../arm-none-eabi/lib/thumb/v7-m/nofp/libc_nano.a(lib_a-memset.o)
                              /senslab/users/iot2023oulu15/test-iot/bin/iotlab-m3/malloc_thread_safe/malloc_wrappers.o (memset)
/opt/gcc-arm-none-eabi-9-2020-q2-update/bin/../lib/gcc/arm-none-eabi/9.3.1/../../../../arm-none-eabi/lib/thumb/v7-m/nofp/libc_nano.a(lib_a-mstats.o)
                              /senslab/users/iot2023oulu15/test-iot/bin/iotlab-m3/newlib_syscalls_default/syscalls.o (mallinfo)
/opt/gcc-arm-none-eabi-9-2020-q2-update/bin/../lib/gcc/arm-none-eabi/9.3.1/../../../../arm-none-eabi/lib/thumb/v7-m/nofp/libc_nano.a(lib_a-nano-freer.o)
                              /opt/gcc-arm-none-eabi-9-2020-q2-update/bin/../lib/gcc/arm-none-eabi/9.3.1/../../../../arm-none-eabi/lib/thumb/v7-m/nofp/libc_nano.a(lib_a-malloc.o) (_free_r)
/opt/gcc-arm-none-eabi-9-2020-q2-update/bin/../lib/gcc/arm-none-eabi/9.3.1/../../../../arm-none-eabi/lib/thumb/v7-m/nofp/libc_nano.a(lib_a-nano-mallinfor.o)
                              /opt/gcc-arm-none-eabi-9-2020-q2-update/bin/../lib/gcc/arm-none-eabi/9.3.1/../../../../arm-none-eabi/lib/thumb/v7-m/nofp/libc_nano.a(lib_a-mstats.o) (_mallinfo_r)
/opt/gcc-arm-none-eabi-9-2020-q2-update/bin/../lib/gcc/arm-none-eabi/9.3.1/../../../../arm-none-eabi/lib/thumb/v7-m/nofp/libc_nano.a(lib_a-nano-mallocr.o)
                              /opt/gcc-arm-none-eabi-9-2020-q2-update/bin/../lib/gcc/arm-none-eabi/9.3.1/../../../../arm-none-eabi/lib/thumb/v7-m/nofp/libc_nano.a(lib_a-malloc.o) (_malloc_r)
/opt/gcc-arm-none-eabi-9-2020-q2-update/bin/../lib/gcc/arm-none-eabi/9.3.1/../../../../arm-none-eabi/lib/thumb/v7-m/nofp/libc_nano.a(lib_a-nano-malloptr.o)
                              /opt/gcc-arm-none-eabi-9-2020-q2-update/bin/../lib/gcc/arm-none-eabi/9.3.1/../../../../arm-none-eabi/lib/thumb/v7-m/nofp/libc_nano.a(lib_a-mstats.o) (_mallopt_r)
/opt/gcc-arm-none-eabi-9-2020-q2-update/bin/../lib/gcc/arm-none-eabi/9.3.1/../../../../arm-none-eabi/lib/thumb/v7-m/nofp/libc_nano.a(lib_a-nano-mallstatsr.o)
                              /opt/gcc-arm-none-eabi-9-2020-q2-update/bin/../lib/gcc/arm-none-eabi/9.3.1/../../../../arm-none-eabi/lib/thumb/v7-m/nofp/libc_nano.a(lib_a-mstats.o) (_malloc_stats_r)
/opt/gcc-arm-none-eabi-9-2020-q2-update/bin/../lib/gcc/arm-none-eabi/9.3.1/../../../../arm-none-eabi/lib/thumb/v7-m/nofp/libc_nano.a(lib_a-printf.o)
                              /senslab/users/iot2023oulu15/test-iot/bin/iotlab-m3/core_lib/assert.o (printf)
/opt/gcc-arm-none-eabi-9-2020-q2-update/bin/../lib/gcc/arm-none-eabi/9.3.1/../../../../arm-none-eabi/lib/thumb/v7-m/nofp/libc_nano.a(lib_a-puts.o)
                              /senslab/users/iot2023oulu15/test-iot/bin/iotlab-m3/application_example/main.o (puts)
/opt/gcc-arm-none-eabi-9-2020-q2-update/bin/../lib/gcc/arm-none-eabi/9.3.1/../../../../arm-none-eabi/lib/thumb/v7-m/nofp/libc_nano.a(lib_a-realloc.o)
                              /senslab/users/iot2023oulu15/test-iot/bin/iotlab-m3/malloc_thread_safe/malloc_wrappers.o (realloc)
[...]
Memory Configuration

Name             Origin             Length             Attributes
ccmram           0x0000000010000000 0x0000000000000000
sram4            0x0000000000000000 0x0000000000000000
fmcram           0x0000000000000000 0x0000000000000000
rom              0x0000000008000000 0x0000000000080000 xr
ram              0x0000000020000000 0x0000000000010000 w !xr
bkup_ram         0x0000000000000000 0x0000000000000000 w !xr
*default*        0x0000000000000000 0xffffffffffffffff

Linker script and memory map

LOAD /senslab/users/iot2023oulu15/test-iot/bin/iotlab-m3/application_example/main.o
LOAD /senslab/users/iot2023oulu15/test-iot/bin/iotlab-m3/auto_init/auto_init.o
LOAD /senslab/users/iot2023oulu15/test-iot/bin/iotlab-m3/board_common_init/board_common.o
LOAD /senslab/users/iot2023oulu15/test-iot/bin/iotlab-m3/board/mtd.o
LOAD /senslab/users/iot2023oulu15/test-iot/bin/iotlab-m3/core/cond.o
LOAD /senslab/users/iot2023oulu15/test-iot/bin/iotlab-m3/core_lib/assert.o
LOAD /senslab/users/iot2023oulu15/test-iot/bin/iotlab-m3/core_lib/atomic_c11.o
LOAD /senslab/users/iot2023oulu15/test-iot/bin/iotlab-m3/core_lib/atomic_sync.o
LOAD /senslab/users/iot2023oulu15/test-iot/bin/iotlab-m3/core_lib/bitarithm.o
LOAD /senslab/users/iot2023oulu15/test-iot/bin/iotlab-m3/core_lib/clist.o
LOAD /senslab/users/iot2023oulu15/test-iot/bin/iotlab-m3/core_lib/init.o
LOAD /senslab/users/iot2023oulu15/test-iot/bin/iotlab-m3/core_lib/panic.o
LOAD /senslab/users/iot2023oulu15/test-iot/bin/iotlab-m3/core_lib/priority_queue.o
LOAD /senslab/users/iot2023oulu15/test-iot/bin/iotlab-m3/core_lib/ringbuffer.o
LOAD /senslab/users/iot2023oulu15/test-iot/bin/iotlab-m3/core_lib/rmutex.o
LOAD /senslab/users/iot2023oulu15/test-iot/bin/iotlab-m3/core/msg.o
LOAD /senslab/users/iot2023oulu15/test-iot/bin/iotlab-m3/core/mutex.o
LOAD /senslab/users/iot2023oulu15/test-iot/bin/iotlab-m3/core/sched.o
LOAD /senslab/users/iot2023oulu15/test-iot/bin/iotlab-m3/core/thread.o
LOAD /senslab/users/iot2023oulu15/test-iot/bin/iotlab-m3/cortexm_common/cortexm_init.o
LOAD /senslab/users/iot2023oulu15/test-iot/bin/iotlab-m3/cortexm_common/mpu.o
LOAD /senslab/users/iot2023oulu15/test-iot/bin/iotlab-m3/cortexm_common/panic.o
LOAD /senslab/users/iot2023oulu15/test-iot/bin/iotlab-m3/cortexm_common_periph/pm.o
LOAD /senslab/users/iot2023oulu15/test-iot/bin/iotlab-m3/cortexm_common/thread_arch.o
LOAD /senslab/users/iot2023oulu15/test-iot/bin/iotlab-m3/cortexm_common/vectors_cortexm.o
LOAD /senslab/users/iot2023oulu15/test-iot/bin/iotlab-m3/cpu/cpu_common.o
LOAD /senslab/users/iot2023oulu15/test-iot/bin/iotlab-m3/cpu/cpu_init.o
LOAD /senslab/users/iot2023oulu15/test-iot/bin/iotlab-m3/div/div.o
LOAD /senslab/users/iot2023oulu15/test-iot/bin/iotlab-m3/libc/string.o
LOAD /senslab/users/iot2023oulu15/test-iot/bin/iotlab-m3/malloc_thread_safe/malloc_wrappers.o
LOAD /senslab/users/iot2023oulu15/test-iot/bin/iotlab-m3/newlib_syscalls_default/syscalls.o
LOAD /senslab/users/iot2023oulu15/test-iot/bin/iotlab-m3/periph_common/gpio.o
LOAD /senslab/users/iot2023oulu15/test-iot/bin/iotlab-m3/periph_common/init_leds.o
LOAD /senslab/users/iot2023oulu15/test-iot/bin/iotlab-m3/periph_common/init.o
LOAD /senslab/users/iot2023oulu15/test-iot/bin/iotlab-m3/periph_common/pm.o
LOAD /senslab/users/iot2023oulu15/test-iot/bin/iotlab-m3/periph/gpio_f1.o
LOAD /senslab/users/iot2023oulu15/test-iot/bin/iotlab-m3/periph/pm.o
LOAD /senslab/users/iot2023oulu15/test-iot/bin/iotlab-m3/periph/uart.o
LOAD /senslab/users/iot2023oulu15/test-iot/bin/iotlab-m3/pm_layered/pm.o
LOAD /senslab/users/iot2023oulu15/test-iot/bin/iotlab-m3/stdio_uart/stdio_uart.o
LOAD /senslab/users/iot2023oulu15/test-iot/bin/iotlab-m3/stm32_clk/stmclk_common.o
LOAD /senslab/users/iot2023oulu15/test-iot/bin/iotlab-m3/stm32_clk/stmclk_f0f1f3.o
LOAD /senslab/users/iot2023oulu15/test-iot/bin/iotlab-m3/stm32_vectors/STM32F103xE.o
LOAD /opt/gcc-arm-none-eabi-9-2020-q2-update/bin/../lib/gcc/arm-none-eabi/9.3.1/../../../../arm-none-eabi/lib/thumb/v7-m/nofp/libm.a
LOAD /opt/gcc-arm-none-eabi-9-2020-q2-update/bin/../lib/gcc/arm-none-eabi/9.3.1/thumb/v7-m/nofp/libgcc.a
                0x0000000008000000                _rom_start_addr = 0x8000000
                0x0000000020000000                _ram_start_addr = 0x20000000
                0x0000000000080000                _rom_length = 0x80000
                0x0000000000010000                _ram_length = 0x10000
LOAD /opt/gcc-arm-none-eabi-9-2020-q2-update/bin/../lib/gcc/arm-none-eabi/9.3.1/../../../../arm-none-eabi/lib/thumb/v7-m/nofp/libc_nano.a
START GROUP
LOAD /opt/gcc-arm-none-eabi-9-2020-q2-update/bin/../lib/gcc/arm-none-eabi/9.3.1/thumb/v7-m/nofp/libgcc.a
LOAD /opt/gcc-arm-none-eabi-9-2020-q2-update/bin/../lib/gcc/arm-none-eabi/9.3.1/../../../../arm-none-eabi/lib/thumb/v7-m/nofp/libg_nano.a
LOAD /opt/gcc-arm-none-eabi-9-2020-q2-update/bin/../lib/gcc/arm-none-eabi/9.3.1/../../../../arm-none-eabi/lib/thumb/v7-m/nofp/libc_nano.a
END GROUP
START GROUP
LOAD /opt/gcc-arm-none-eabi-9-2020-q2-update/bin/../lib/gcc/arm-none-eabi/9.3.1/thumb/v7-m/nofp/libgcc.a
LOAD /opt/gcc-arm-none-eabi-9-2020-q2-update/bin/../lib/gcc/arm-none-eabi/9.3.1/../../../../arm-none-eabi/lib/thumb/v7-m/nofp/libc_nano.a
END GROUP
                0x0000000000000000                ccmram_length = DEFINED (_ccmram_len)?_ccmram_len:0x0
                0x0000000000000000                sram4_addr = DEFINED (_sram4_length)?0x28000000:0x0
                0x0000000000000000                sram4_length = DEFINED (_sram4_length)?_sram4_length:0x0
                0x0000000000000000                fmc_ram_addr = DEFINED (_fmc_ram_addr)?_fmc_ram_addr:0x0
                0x0000000000000000                fmc_ram_len = DEFINED (_fmc_ram_len)?_fmc_ram_len:0x0

.heap2          0x0000000000000000        0x0
                0x0000000000000000                _sheap2 = ORIGIN (sram4)
                0x0000000000000000                _eheap2 = (ORIGIN (sram4) + LENGTH (sram4))

.heap4          0x0000000000000000        0x0
                0x0000000000000000                _sheap3 = ORIGIN (fmcram)
                0x0000000000000000                _eheap3 = (ORIGIN (fmcram) + LENGTH (fmcram))
                0x0000000000000000                _rom_offset = DEFINED (_rom_offset)?_rom_offset:0x0
                0x0000000000080000                _fw_rom_length = DEFINED (_fw_rom_length)?_fw_rom_length:(_rom_length - _rom_offset)
                0x0000000000000001                ASSERT ((_fw_rom_length <= (_rom_length - _rom_offset)), Specified firmware size does not fit in ROM)
                0x0000000000000000                _backup_ram_start_addr = DEFINED (_backup_ram_start_addr)?_backup_ram_start_addr:0x0
                0x0000000000000000                _backup_ram_len = DEFINED (_backup_ram_len)?_backup_ram_len:0x0

.text           0x0000000008000000     0x2160
                0x0000000008000000                . = ALIGN (0x4)
                0x0000000008000000                _sfixed = .
                0x0000000008000000                _isr_vectors = DEFINED (_isr_vectors)?_isr_vectors:.
 *(SORT_BY_NAME(.vectors*))
 .vectors.0     0x0000000008000000       0x40 /senslab/users/iot2023oulu15/test-iot/bin/iotlab-m3/cortexm_common/vectors_cortexm.o
                0x0000000008000000                cortex_vector_base
 .vectors.1     0x0000000008000040       0xf0 /senslab/users/iot2023oulu15/test-iot/bin/iotlab-m3/stm32_vectors/STM32F103xE.o
                0x0000000008000040                vector_cpu
 *(.text .text.* .gnu.linkonce.t.*)
 .text.startup.main
                0x0000000008000130       0x10 /senslab/users/iot2023oulu15/test-iot/bin/iotlab-m3/application_example/main.o
                0x0000000008000130                main
 .text.auto_init
                0x0000000008000140       0x24 /senslab/users/iot2023oulu15/test-iot/bin/iotlab-m3/auto_init/auto_init.o
                0x0000000008000140                auto_init
 .text.board_init
                0x0000000008000164        0x2 /senslab/users/iot2023oulu15/test-iot/bin/iotlab-m3/board_common_init/board_common.o
                0x0000000008000164                board_init
 *fill*         0x0000000008000166        0x2 
 .text._assert_panic
                0x0000000008000168       0x1c /senslab/users/iot2023oulu15/test-iot/bin/iotlab-m3/core_lib/assert.o
                0x0000000008000168                _assert_panic
 .text.main_trampoline
                0x0000000008000184       0x18 /senslab/users/iot2023oulu15/test-iot/bin/iotlab-m3/core_lib/init.o
 .text.kernel_init
                0x000000000800019c       0x34 /senslab/users/iot2023oulu15/test-iot/bin/iotlab-m3/core_lib/init.o
                0x000000000800019c                kernel_init
 .text.early_init
                0x00000000080001d0        0xe /senslab/users/iot2023oulu15/test-iot/bin/iotlab-m3/core_lib/init.o
                0x00000000080001d0                early_init
 .text.panic_app
                0x00000000080001de        0x2 /senslab/users/iot2023oulu15/test-iot/bin/iotlab-m3/core_lib/panic.o
                0x00000000080001de                panic_app
 .text.core_panic
                0x00000000080001e0       0x3c /senslab/users/iot2023oulu15/test-iot/bin/iotlab-m3/core_lib/panic.o
                0x00000000080001e0                core_panic
 .text._unschedule
                0x000000000800021c       0x30 /senslab/users/iot2023oulu15/test-iot/bin/iotlab-m3/core/sched.o
 .text.sched_run
                0x000000000800024c       0x6c /senslab/users/iot2023oulu15/test-iot/bin/iotlab-m3/core/sched.o
                0x000000000800024c                sched_run
 .text.sched_set_status
                0x00000000080002b8       0x80 /senslab/users/iot2023oulu15/test-iot/bin/iotlab-m3/core/sched.o
                0x00000000080002b8                sched_set_status
 .text.sched_switch
                0x0000000008000338       0x3c /senslab/users/iot2023oulu15/test-iot/bin/iotlab-m3/core/sched.o
                0x0000000008000338                sched_switch
 .text.sched_task_exit
                0x0000000008000374       0x3c /senslab/users/iot2023oulu15/test-iot/bin/iotlab-m3/core/sched.o
                0x0000000008000374                sched_task_exit
 .text.thread_getname
                0x00000000080003b0       0x1c /senslab/users/iot2023oulu15/test-iot/bin/iotlab-m3/core/thread.o
                0x00000000080003b0                thread_getname
 .text.thread_create
                0x00000000080003cc       0xe8 /senslab/users/iot2023oulu15/test-iot/bin/iotlab-m3/core/thread.o
                0x00000000080003cc                thread_create
 .text.cortexm_init
                0x00000000080004b4       0x40 /senslab/users/iot2023oulu15/test-iot/bin/iotlab-m3/cortexm_common/cortexm_init.o
                0x00000000080004b4                cortexm_init
 .text.panic_arch
                0x00000000080004f4       0x1c /senslab/users/iot2023oulu15/test-iot/bin/iotlab-m3/cortexm_common/panic.o
                0x00000000080004f4                panic_arch
 .text.thread_stack_init
                0x0000000008000510       0x68 /senslab/users/iot2023oulu15/test-iot/bin/iotlab-m3/cortexm_common/thread_arch.o
                0x0000000008000510                thread_stack_init
 .text.cpu_switch_context_exit
                0x0000000008000578       0x18 /senslab/users/iot2023oulu15/test-iot/bin/iotlab-m3/cortexm_common/thread_arch.o
                0x0000000008000578                cpu_switch_context_exit
 .text.isr_pendsv
                0x0000000008000590       0x38 /senslab/users/iot2023oulu15/test-iot/bin/iotlab-m3/cortexm_common/thread_arch.o
                0x0000000008000590                isr_pendsv
 .text.isr_svc  0x00000000080005c8       0x10 /senslab/users/iot2023oulu15/test-iot/bin/iotlab-m3/cortexm_common/thread_arch.o
                0x00000000080005c8                isr_svc
 .text.sched_arch_idle
                0x00000000080005d8       0x10 /senslab/users/iot2023oulu15/test-iot/bin/iotlab-m3/cortexm_common/thread_arch.o
                0x00000000080005d8                sched_arch_idle
 .text.hard_fault_default
                0x00000000080005e8       0x44 /senslab/users/iot2023oulu15/test-iot/bin/iotlab-m3/cortexm_common/vectors_cortexm.o
                0x00000000080005e8                hard_fault_default
 .text.nmi_handler
                0x000000000800062c       0x10 /senslab/users/iot2023oulu15/test-iot/bin/iotlab-m3/cortexm_common/vectors_cortexm.o
                0x000000000800062c                nmi_handler
 .text.mem_manage_default
                0x000000000800063c       0x10 /senslab/users/iot2023oulu15/test-iot/bin/iotlab-m3/cortexm_common/vectors_cortexm.o
                0x000000000800063c                mem_manage_default
 .text.bus_fault_default
                0x000000000800064c       0x10 /senslab/users/iot2023oulu15/test-iot/bin/iotlab-m3/cortexm_common/vectors_cortexm.o
                0x000000000800064c                bus_fault_default
 .text.usage_fault_default
                0x000000000800065c       0x10 /senslab/users/iot2023oulu15/test-iot/bin/iotlab-m3/cortexm_common/vectors_cortexm.o
                0x000000000800065c                usage_fault_default
 .text.debug_mon_default
                0x000000000800066c       0x10 /senslab/users/iot2023oulu15/test-iot/bin/iotlab-m3/cortexm_common/vectors_cortexm.o
                0x000000000800066c                debug_mon_default
 .text.dummy_handler_default
                0x000000000800067c       0x10 /senslab/users/iot2023oulu15/test-iot/bin/iotlab-m3/cortexm_common/vectors_cortexm.o
                0x000000000800067c                dummy_handler_default
                0x000000000800067c                isr_systick
 .text.pre_startup
                0x000000000800068c        0x2 /senslab/users/iot2023oulu15/test-iot/bin/iotlab-m3/cortexm_common/vectors_cortexm.o
                0x000000000800068c                pre_startup
 .text.post_startup
                0x000000000800068e        0x2 /senslab/users/iot2023oulu15/test-iot/bin/iotlab-m3/cortexm_common/vectors_cortexm.o
                0x000000000800068e                post_startup
 .text.reset_handler_default
                0x0000000008000690       0x70 /senslab/users/iot2023oulu15/test-iot/bin/iotlab-m3/cortexm_common/vectors_cortexm.o
                0x0000000008000690                reset_handler_default
 .text.hard_fault_handler
                0x0000000008000700      0x1bc /senslab/users/iot2023oulu15/test-iot/bin/iotlab-m3/cortexm_common/vectors_cortexm.o
                0x0000000008000700                hard_fault_handler
 .text.periph_apb_clk
                0x00000000080008bc       0x18 /senslab/users/iot2023oulu15/test-iot/bin/iotlab-m3/cpu/cpu_common.o
                0x00000000080008bc                periph_apb_clk
 .text.periph_clk_en
                0x00000000080008d4       0x30 /senslab/users/iot2023oulu15/test-iot/bin/iotlab-m3/cpu/cpu_common.o
                0x00000000080008d4                periph_clk_en
 .text.cpu_init
                0x0000000008000904       0xa0 /senslab/users/iot2023oulu15/test-iot/bin/iotlab-m3/cpu/cpu_init.o
                0x0000000008000904                cpu_init
 .text._init    0x00000000080009a4        0x2 /senslab/users/iot2023oulu15/test-iot/bin/iotlab-m3/newlib_syscalls_default/syscalls.o
                0x00000000080009a4                _init
 .text._fini    0x00000000080009a6        0x2 /senslab/users/iot2023oulu15/test-iot/bin/iotlab-m3/newlib_syscalls_default/syscalls.o
                0x00000000080009a6                _fini
 .text._sbrk_r  0x00000000080009a8       0x40 /senslab/users/iot2023oulu15/test-iot/bin/iotlab-m3/newlib_syscalls_default/syscalls.o
                0x00000000080009a8                _sbrk_r
 .text._read_r  0x00000000080009e8        0x8 /senslab/users/iot2023oulu15/test-iot/bin/iotlab-m3/newlib_syscalls_default/syscalls.o
                0x00000000080009e8                _read_r
 .text._write_r
                0x00000000080009f0        0x8 /senslab/users/iot2023oulu15/test-iot/bin/iotlab-m3/newlib_syscalls_default/syscalls.o
                0x00000000080009f0                _write_r
 .text._close_r
                0x00000000080009f8        0xa /senslab/users/iot2023oulu15/test-iot/bin/iotlab-m3/newlib_syscalls_default/syscalls.o
                0x00000000080009f8                _close_r
 .text._lseek_r
                0x0000000008000a02        0xa /senslab/users/iot2023oulu15/test-iot/bin/iotlab-m3/newlib_syscalls_default/syscalls.o
                0x0000000008000a02                _lseek_r
 .text._fstat_r
                0x0000000008000a0c        0xa /senslab/users/iot2023oulu15/test-iot/bin/iotlab-m3/newlib_syscalls_default/syscalls.o
                0x0000000008000a0c                _fstat_r
 .text._isatty_r
                0x0000000008000a16        0xe /senslab/users/iot2023oulu15/test-iot/bin/iotlab-m3/newlib_syscalls_default/syscalls.o
                0x0000000008000a16                _isatty_r
 .text.led_init
                0x0000000008000a24       0x4c /senslab/users/iot2023oulu15/test-iot/bin/iotlab-m3/periph_common/init_leds.o
                0x0000000008000a24                led_init
 .text.periph_init
                0x0000000008000a70        0x2 /senslab/users/iot2023oulu15/test-iot/bin/iotlab-m3/periph_common/init.o
                0x0000000008000a70                periph_init
 .text.set_mode_or_af
                0x0000000008000a72       0x26 /senslab/users/iot2023oulu15/test-iot/bin/iotlab-m3/periph/gpio_f1.o
 .text.gpio_init
                0x0000000008000a98       0x4e /senslab/users/iot2023oulu15/test-iot/bin/iotlab-m3/periph/gpio_f1.o
                0x0000000008000a98                gpio_init
 .text.gpio_init_af
                0x0000000008000ae6       0x28 /senslab/users/iot2023oulu15/test-iot/bin/iotlab-m3/periph/gpio_f1.o
                0x0000000008000ae6                gpio_init_af
 *fill*         0x0000000008000b0e        0x2 
 .text.pm_set   0x0000000008000b10       0x6c /senslab/users/iot2023oulu15/test-iot/bin/iotlab-m3/periph/pm.o
                0x0000000008000b10                pm_set
 .text.irq_handler
                0x0000000008000b7c       0x50 /senslab/users/iot2023oulu15/test-iot/bin/iotlab-m3/periph/uart.o
 .text.uart_enable_clock
                0x0000000008000bcc       0x30 /senslab/users/iot2023oulu15/test-iot/bin/iotlab-m3/periph/uart.o
 .text.uart_init
                0x0000000008000bfc       0x8c /senslab/users/iot2023oulu15/test-iot/bin/iotlab-m3/periph/uart.o
                0x0000000008000bfc                uart_init
 .text.uart_write
                0x0000000008000c88       0x38 /senslab/users/iot2023oulu15/test-iot/bin/iotlab-m3/periph/uart.o
                0x0000000008000c88                uart_write
 .text.isr_usart1
                0x0000000008000cc0        0x6 /senslab/users/iot2023oulu15/test-iot/bin/iotlab-m3/periph/uart.o
                0x0000000008000cc0                isr_usart1
 .text.isr_usart2
                0x0000000008000cc6        0x6 /senslab/users/iot2023oulu15/test-iot/bin/iotlab-m3/periph/uart.o
                0x0000000008000cc6                isr_usart2
 .text.pm_set_lowest
                0x0000000008000ccc       0x2c /senslab/users/iot2023oulu15/test-iot/bin/iotlab-m3/pm_layered/pm.o
                0x0000000008000ccc                pm_set_lowest
 .text.pm_block
                0x0000000008000cf8       0x24 /senslab/users/iot2023oulu15/test-iot/bin/iotlab-m3/pm_layered/pm.o
                0x0000000008000cf8                pm_block
 .text.pm_off   0x0000000008000d1c       0x10 /senslab/users/iot2023oulu15/test-iot/bin/iotlab-m3/pm_layered/pm.o
                0x0000000008000d1c                pm_off
 .text.stdio_init
                0x0000000008000d2c       0x10 /senslab/users/iot2023oulu15/test-iot/bin/iotlab-m3/stdio_uart/stdio_uart.o
                0x0000000008000d2c                stdio_init
 .text.stdio_read
                0x0000000008000d3c        0x6 /senslab/users/iot2023oulu15/test-iot/bin/iotlab-m3/stdio_uart/stdio_uart.o
                0x0000000008000d3c                stdio_read
 .text.stdio_write
                0x0000000008000d42       0x12 /senslab/users/iot2023oulu15/test-iot/bin/iotlab-m3/stdio_uart/stdio_uart.o
                0x0000000008000d42                stdio_write
 .text.stmclk_enable_hsi
                0x0000000008000d54       0x18 /senslab/users/iot2023oulu15/test-iot/bin/iotlab-m3/stm32_clk/stmclk_common.o
                0x0000000008000d54                stmclk_enable_hsi
 .text.stmclk_disable_hsi
                0x0000000008000d6c       0x10 /senslab/users/iot2023oulu15/test-iot/bin/iotlab-m3/stm32_clk/stmclk_common.o
                0x0000000008000d6c                stmclk_disable_hsi
 .text.stmclk_init_sysclk
                0x0000000008000d7c       0x84 /senslab/users/iot2023oulu15/test-iot/bin/iotlab-m3/stm32_clk/stmclk_f0f1f3.o
                0x0000000008000d7c                stmclk_init_sysclk
 .text.dummy_handler
                0x0000000008000e00        0x4 /senslab/users/iot2023oulu15/test-iot/bin/iotlab-m3/stm32_vectors/STM32F103xE.o
                0x0000000008000e00                isr_pvd
                0x0000000008000e00                isr_usb_lp_can1_rx0
                0x0000000008000e00                isr_exti
                0x0000000008000e00                isr_dma1_channel4
                0x0000000008000e00                isr_tim7
                0x0000000008000e00                isr_tim5
                0x0000000008000e00                isr_i2c1_ev
                0x0000000008000e00                isr_tim1_brk
                0x0000000008000e00                isr_dma1_channel5
                0x0000000008000e00                isr_tim4
                0x0000000008000e00                isr_dma1_channel2
                0x0000000008000e00                isr_adc3
                0x0000000008000e00                isr_can1_sce
                0x0000000008000e00                isr_dma1_channel7
                0x0000000008000e00                isr_usb_hp_can1_tx
                0x0000000008000e00                isr_tim1_up
                0x0000000008000e00                isr_tim2
                0x0000000008000e00                isr_sdio
                0x0000000008000e00                isr_spi2
                0x0000000008000e00                isr_tim1_trg_com
                0x0000000008000e00                isr_dma1_channel1
                0x0000000008000e00                dummy_handler
                0x0000000008000e00                isr_adc1_2
                0x0000000008000e00                isr_can1_rx1
                0x0000000008000e00                isr_fsmc
                0x0000000008000e00                isr_spi1
                0x0000000008000e00                isr_tim6
                0x0000000008000e00                isr_rcc
                0x0000000008000e00                isr_flash
                0x0000000008000e00                isr_uart5
                0x0000000008000e00                isr_rtc
                0x0000000008000e00                isr_tim1_cc
                0x0000000008000e00                isr_usbwakeup
                0x0000000008000e00                isr_dma2_channel1
                0x0000000008000e00                isr_uart4
                0x0000000008000e00                isr_tim8_brk
                0x0000000008000e00                isr_i2c2_er
                0x0000000008000e00                isr_dma2_channel4_5
                0x0000000008000e00                isr_dma1_channel6
                0x0000000008000e00                isr_spi3
                0x0000000008000e00                isr_tim3
                0x0000000008000e00                isr_tim8_up
                0x0000000008000e00                isr_usart3
                0x0000000008000e00                isr_tim8_cc
                0x0000000008000e00                isr_i2c2_ev
                0x0000000008000e00                isr_dma2_channel2
                0x0000000008000e00                isr_dma2_channel3
                0x0000000008000e00                isr_rtc_alarm
                0x0000000008000e00                isr_tamper
                0x0000000008000e00                isr_dma1_channel3
                0x0000000008000e00                isr_tim8_trg_com
                0x0000000008000e00                isr_i2c1_er
                0x0000000008000e00                isr_wwdg
 .text.__libc_init_array
                0x0000000008000e04       0x48 /opt/gcc-arm-none-eabi-9-2020-q2-update/bin/../lib/gcc/arm-none-eabi/9.3.1/../../../../arm-none-eabi/lib/thumb/v7-m/nofp/libc_nano.a(lib_a-init.o)
                0x0000000008000e04                __libc_init_array
 .text.memset   0x0000000008000e4c       0x10 /opt/gcc-arm-none-eabi-9-2020-q2-update/bin/../lib/gcc/arm-none-eabi/9.3.1/../../../../arm-none-eabi/lib/thumb/v7-m/nofp/libc_nano.a(lib_a-memset.o)
                0x0000000008000e4c                memset
 .text._free_r  0x0000000008000e5c       0x98 /opt/gcc-arm-none-eabi-9-2020-q2-update/bin/../lib/gcc/arm-none-eabi/9.3.1/../../../../arm-none-eabi/lib/thumb/v7-m/nofp/libc_nano.a(lib_a-nano-freer.o)
                0x0000000008000e5c                _free_r
 .text._malloc_r
                0x0000000008000ef4       0xb4 /opt/gcc-arm-none-eabi-9-2020-q2-update/bin/../lib/gcc/arm-none-eabi/9.3.1/../../../../arm-none-eabi/lib/thumb/v7-m/nofp/libc_nano.a(lib_a-nano-mallocr.o)
                0x0000000008000ef4                _malloc_r
 .text.printf   0x0000000008000fa8       0x30 /opt/gcc-arm-none-eabi-9-2020-q2-update/bin/../lib/gcc/arm-none-eabi/9.3.1/../../../../arm-none-eabi/lib/thumb/v7-m/nofp/libc_nano.a(lib_a-printf.o)
                0x0000000008000fa8                printf
                0x0000000008000fa8                iprintf
 .text._puts_r  0x0000000008000fd8       0xdc /opt/gcc-arm-none-eabi-9-2020-q2-update/bin/../lib/gcc/arm-none-eabi/9.3.1/../../../../arm-none-eabi/lib/thumb/v7-m/nofp/libc_nano.a(lib_a-puts.o)
                0x0000000008000fd8                _puts_r
 .text.puts     0x00000000080010b4       0x10 /opt/gcc-arm-none-eabi-9-2020-q2-update/bin/../lib/gcc/arm-none-eabi/9.3.1/../../../../arm-none-eabi/lib/thumb/v7-m/nofp/libc_nano.a(lib_a-puts.o)
                0x00000000080010b4                puts
 .text.__swbuf_r
                0x00000000080010c4       0xa4 /opt/gcc-arm-none-eabi-9-2020-q2-update/bin/../lib/gcc/arm-none-eabi/9.3.1/../../../../arm-none-eabi/lib/thumb/v7-m/nofp/libc_nano.a(lib_a-wbuf.o)
                0x00000000080010c4                __swbuf_r
 .text.__swsetup_r
                0x0000000008001168       0xdc /opt/gcc-arm-none-eabi-9-2020-q2-update/bin/../lib/gcc/arm-none-eabi/9.3.1/../../../../arm-none-eabi/lib/thumb/v7-m/nofp/libc_nano.a(lib_a-wsetup.o)
                0x0000000008001168                __swsetup_r
 .text.__sflush_r
                0x0000000008001244      0x10c /opt/gcc-arm-none-eabi-9-2020-q2-update/bin/../lib/gcc/arm-none-eabi/9.3.1/../../../../arm-none-eabi/lib/thumb/v7-m/nofp/libc_nano.a(lib_a-fflush.o)
                0x0000000008001244                __sflush_r
 .text._fflush_r
                0x0000000008001350       0x78 /opt/gcc-arm-none-eabi-9-2020-q2-update/bin/../lib/gcc/arm-none-eabi/9.3.1/../../../../arm-none-eabi/lib/thumb/v7-m/nofp/libc_nano.a(lib_a-fflush.o)
                0x0000000008001350                _fflush_r
 .text.std      0x00000000080013c8       0x48 /opt/gcc-arm-none-eabi-9-2020-q2-update/bin/../lib/gcc/arm-none-eabi/9.3.1/../../../../arm-none-eabi/lib/thumb/v7-m/nofp/libc_nano.a(lib_a-findfp.o)
 .text._cleanup_r
                0x0000000008001410        0xc /opt/gcc-arm-none-eabi-9-2020-q2-update/bin/../lib/gcc/arm-none-eabi/9.3.1/../../../../arm-none-eabi/lib/thumb/v7-m/nofp/libc_nano.a(lib_a-findfp.o)
                0x0000000008001410                _cleanup_r
 .text.__sfmoreglue
                0x000000000800141c       0x2c /opt/gcc-arm-none-eabi-9-2020-q2-update/bin/../lib/gcc/arm-none-eabi/9.3.1/../../../../arm-none-eabi/lib/thumb/v7-m/nofp/libc_nano.a(lib_a-findfp.o)
                0x000000000800141c                __sfmoreglue
 .text.__sfp_lock_acquire
                0x0000000008001448        0xc /opt/gcc-arm-none-eabi-9-2020-q2-update/bin/../lib/gcc/arm-none-eabi/9.3.1/../../../../arm-none-eabi/lib/thumb/v7-m/nofp/libc_nano.a(lib_a-findfp.o)
                0x0000000008001448                __sfp_lock_acquire
 .text.__sfp_lock_release
                0x0000000008001454        0xc /opt/gcc-arm-none-eabi-9-2020-q2-update/bin/../lib/gcc/arm-none-eabi/9.3.1/../../../../arm-none-eabi/lib/thumb/v7-m/nofp/libc_nano.a(lib_a-findfp.o)
                0x0000000008001454                __sfp_lock_release
 .text.__sinit_lock_acquire
                0x0000000008001460        0xc /opt/gcc-arm-none-eabi-9-2020-q2-update/bin/../lib/gcc/arm-none-eabi/9.3.1/../../../../arm-none-eabi/lib/thumb/v7-m/nofp/libc_nano.a(lib_a-findfp.o)
                0x0000000008001460                __sinit_lock_acquire
 .text.__sinit_lock_release
                0x000000000800146c        0xc /opt/gcc-arm-none-eabi-9-2020-q2-update/bin/../lib/gcc/arm-none-eabi/9.3.1/../../../../arm-none-eabi/lib/thumb/v7-m/nofp/libc_nano.a(lib_a-findfp.o)
                0x000000000800146c                __sinit_lock_release
 .text.__sinit  0x0000000008001478       0x70 /opt/gcc-arm-none-eabi-9-2020-q2-update/bin/../lib/gcc/arm-none-eabi/9.3.1/../../../../arm-none-eabi/lib/thumb/v7-m/nofp/libc_nano.a(lib_a-findfp.o)
                0x0000000008001478                __sinit
 .text.__sfp    0x00000000080014e8       0x8c /opt/gcc-arm-none-eabi-9-2020-q2-update/bin/../lib/gcc/arm-none-eabi/9.3.1/../../../../arm-none-eabi/lib/thumb/v7-m/nofp/libc_nano.a(lib_a-findfp.o)
                0x00000000080014e8                __sfp
 .text._fwalk_reent
                0x0000000008001574       0x3e /opt/gcc-arm-none-eabi-9-2020-q2-update/bin/../lib/gcc/arm-none-eabi/9.3.1/../../../../arm-none-eabi/lib/thumb/v7-m/nofp/libc_nano.a(lib_a-fwalk.o)
                0x0000000008001574                _fwalk_reent
 .text.__retarget_lock_init_recursive
                0x00000000080015b2        0x2 /opt/gcc-arm-none-eabi-9-2020-q2-update/bin/../lib/gcc/arm-none-eabi/9.3.1/../../../../arm-none-eabi/lib/thumb/v7-m/nofp/libc_nano.a(lib_a-lock.o)
                0x00000000080015b2                __retarget_lock_init_recursive
 .text.__retarget_lock_acquire_recursive
                0x00000000080015b4        0x2 /opt/gcc-arm-none-eabi-9-2020-q2-update/bin/../lib/gcc/arm-none-eabi/9.3.1/../../../../arm-none-eabi/lib/thumb/v7-m/nofp/libc_nano.a(lib_a-lock.o)
                0x00000000080015b4                __retarget_lock_acquire_recursive
 .text.__retarget_lock_release_recursive
                0x00000000080015b6        0x2 /opt/gcc-arm-none-eabi-9-2020-q2-update/bin/../lib/gcc/arm-none-eabi/9.3.1/../../../../arm-none-eabi/lib/thumb/v7-m/nofp/libc_nano.a(lib_a-lock.o)
                0x00000000080015b6                __retarget_lock_release_recursive
 .text.__swhatbuf_r
                0x00000000080015b8       0x48 /opt/gcc-arm-none-eabi-9-2020-q2-update/bin/../lib/gcc/arm-none-eabi/9.3.1/../../../../arm-none-eabi/lib/thumb/v7-m/nofp/libc_nano.a(lib_a-makebuf.o)
                0x00000000080015b8                __swhatbuf_r
 .text.__smakebuf_r
                0x0000000008001600       0x80 /opt/gcc-arm-none-eabi-9-2020-q2-update/bin/../lib/gcc/arm-none-eabi/9.3.1/../../../../arm-none-eabi/lib/thumb/v7-m/nofp/libc_nano.a(lib_a-makebuf.o)
                0x0000000008001600                __smakebuf_r
 .text.__malloc_lock
                0x0000000008001680        0xc /opt/gcc-arm-none-eabi-9-2020-q2-update/bin/../lib/gcc/arm-none-eabi/9.3.1/../../../../arm-none-eabi/lib/thumb/v7-m/nofp/libc_nano.a(lib_a-mlock.o)
                0x0000000008001680                __malloc_lock
 .text.__malloc_unlock
                0x000000000800168c        0xc /opt/gcc-arm-none-eabi-9-2020-q2-update/bin/../lib/gcc/arm-none-eabi/9.3.1/../../../../arm-none-eabi/lib/thumb/v7-m/nofp/libc_nano.a(lib_a-mlock.o)
                0x000000000800168c                __malloc_unlock
 .text.__sfputc_r
                0x0000000008001698       0x2a /opt/gcc-arm-none-eabi-9-2020-q2-update/bin/../lib/gcc/arm-none-eabi/9.3.1/../../../../arm-none-eabi/lib/thumb/v7-m/nofp/libc_nano.a(lib_a-nano-vfprintf.o)
 .text.__sfputs_r
                0x00000000080016c2       0x24 /opt/gcc-arm-none-eabi-9-2020-q2-update/bin/../lib/gcc/arm-none-eabi/9.3.1/../../../../arm-none-eabi/lib/thumb/v7-m/nofp/libc_nano.a(lib_a-nano-vfprintf.o)
                0x00000000080016c2                __sfputs_r
 *fill*         0x00000000080016e6        0x2 
 .text._vfprintf_r
                0x00000000080016e8      0x260 /opt/gcc-arm-none-eabi-9-2020-q2-update/bin/../lib/gcc/arm-none-eabi/9.3.1/../../../../arm-none-eabi/lib/thumb/v7-m/nofp/libc_nano.a(lib_a-nano-vfprintf.o)
                0x00000000080016e8                _vfiprintf_r
                0x00000000080016e8                _vfprintf_r
 .text._printf_common
                0x0000000008001948       0xde /opt/gcc-arm-none-eabi-9-2020-q2-update/bin/../lib/gcc/arm-none-eabi/9.3.1/../../../../arm-none-eabi/lib/thumb/v7-m/nofp/libc_nano.a(lib_a-nano-vfprintf_i.o)
                0x0000000008001948                _printf_common
 *fill*         0x0000000008001a26        0x2 
 .text._printf_i
                0x0000000008001a28      0x24c /opt/gcc-arm-none-eabi-9-2020-q2-update/bin/../lib/gcc/arm-none-eabi/9.3.1/../../../../arm-none-eabi/lib/thumb/v7-m/nofp/libc_nano.a(lib_a-nano-vfprintf_i.o)
                0x0000000008001a28                _printf_i
 .text.__sread  0x0000000008001c74       0x22 /opt/gcc-arm-none-eabi-9-2020-q2-update/bin/../lib/gcc/arm-none-eabi/9.3.1/../../../../arm-none-eabi/lib/thumb/v7-m/nofp/libc_nano.a(lib_a-stdio.o)
                0x0000000008001c74                __sread
 .text.__swrite
                0x0000000008001c96       0x38 /opt/gcc-arm-none-eabi-9-2020-q2-update/bin/../lib/gcc/arm-none-eabi/9.3.1/../../../../arm-none-eabi/lib/thumb/v7-m/nofp/libc_nano.a(lib_a-stdio.o)
                0x0000000008001c96                __swrite
 .text.__sseek  0x0000000008001cce       0x24 /opt/gcc-arm-none-eabi-9-2020-q2-update/bin/../lib/gcc/arm-none-eabi/9.3.1/../../../../arm-none-eabi/lib/thumb/v7-m/nofp/libc_nano.a(lib_a-stdio.o)
                0x0000000008001cce                __sseek
 .text.__sclose
                0x0000000008001cf2        0x8 /opt/gcc-arm-none-eabi-9-2020-q2-update/bin/../lib/gcc/arm-none-eabi/9.3.1/../../../../arm-none-eabi/lib/thumb/v7-m/nofp/libc_nano.a(lib_a-stdio.o)
                0x0000000008001cf2                __sclose
 .text.memchr   0x0000000008001cfa       0x1c /opt/gcc-arm-none-eabi-9-2020-q2-update/bin/../lib/gcc/arm-none-eabi/9.3.1/../../../../arm-none-eabi/lib/thumb/v7-m/nofp/libc_nano.a(lib_a-memchr-stub.o)
                0x0000000008001cfa                memchr
 *(.glue_7t)
 .glue_7t       0x0000000008001d16        0x0 linker stubs
 *(.glue_7)
 .glue_7        0x0000000008001d16        0x0 linker stubs
 *(.rodata .rodata* .gnu.linkonce.r.*)
 .rodata.main.str1.1
                0x0000000008001d16       0x1a /senslab/users/iot2023oulu15/test-iot/bin/iotlab-m3/application_example/main.o
 .rodata._assert_failure.str1.1
                0x0000000008001d30       0x1c /senslab/users/iot2023oulu15/test-iot/bin/iotlab-m3/core_lib/assert.o
 .rodata._assert_panic.str1.1
                0x0000000008001d4c        0x4 /senslab/users/iot2023oulu15/test-iot/bin/iotlab-m3/core_lib/assert.o
 .rodata.main_trampoline.str1.1
                0x0000000008001d50       0x3a /senslab/users/iot2023oulu15/test-iot/bin/iotlab-m3/core_lib/init.o
 .rodata.kernel_init.str1.1
                0x0000000008001d8a        0x5 /senslab/users/iot2023oulu15/test-iot/bin/iotlab-m3/core_lib/init.o
 .rodata.core_panic.str1.1
                0x0000000008001d8f       0x29 /senslab/users/iot2023oulu15/test-iot/bin/iotlab-m3/core_lib/panic.o
 .rodata._unschedule.str1.1
                0x0000000008001db8       0x3e /senslab/users/iot2023oulu15/test-iot/bin/iotlab-m3/core/sched.o
 .rodata.panic_arch.str1.1
                0x0000000008001df6        0xf /senslab/users/iot2023oulu15/test-iot/bin/iotlab-m3/cortexm_common/panic.o
 .rodata.nmi_handler.str1.1
                0x0000000008001e05        0xc /senslab/users/iot2023oulu15/test-iot/bin/iotlab-m3/cortexm_common/vectors_cortexm.o
 .rodata.mem_manage_default.str1.1
                0x0000000008001e11       0x13 /senslab/users/iot2023oulu15/test-iot/bin/iotlab-m3/cortexm_common/vectors_cortexm.o
 .rodata.bus_fault_default.str1.1
                0x0000000008001e24       0x12 /senslab/users/iot2023oulu15/test-iot/bin/iotlab-m3/cortexm_common/vectors_cortexm.o
 .rodata.usage_fault_default.str1.1
                0x0000000008001e36       0x14 /senslab/users/iot2023oulu15/test-iot/bin/iotlab-m3/cortexm_common/vectors_cortexm.o
 .rodata.debug_mon_default.str1.1
                0x0000000008001e4a       0x12 /senslab/users/iot2023oulu15/test-iot/bin/iotlab-m3/cortexm_common/vectors_cortexm.o
 .rodata.dummy_handler_default.str1.1
                0x0000000008001e5c        0xe /senslab/users/iot2023oulu15/test-iot/bin/iotlab-m3/cortexm_common/vectors_cortexm.o
 .rodata.hard_fault_handler.str1.1
                0x0000000008001e6a      0x233 /senslab/users/iot2023oulu15/test-iot/bin/iotlab-m3/cortexm_common/vectors_cortexm.o
 *fill*         0x000000000800209d        0x3 
 .rodata.uart_config
                0x00000000080020a0       0x28 /senslab/users/iot2023oulu15/test-iot/bin/iotlab-m3/periph/uart.o
 .rodata._global_impure_ptr
                0x00000000080020c8        0x4 /opt/gcc-arm-none-eabi-9-2020-q2-update/bin/../lib/gcc/arm-none-eabi/9.3.1/../../../../arm-none-eabi/lib/thumb/v7-m/nofp/libc_nano.a(lib_a-impure.o)
                0x00000000080020c8                _global_impure_ptr
 .rodata.__sf_fake_stderr
                0x00000000080020cc       0x20 /opt/gcc-arm-none-eabi-9-2020-q2-update/bin/../lib/gcc/arm-none-eabi/9.3.1/../../../../arm-none-eabi/lib/thumb/v7-m/nofp/libc_nano.a(lib_a-findfp.o)
                0x00000000080020cc                __sf_fake_stderr
 .rodata.__sf_fake_stdin
                0x00000000080020ec       0x20 /opt/gcc-arm-none-eabi-9-2020-q2-update/bin/../lib/gcc/arm-none-eabi/9.3.1/../../../../arm-none-eabi/lib/thumb/v7-m/nofp/libc_nano.a(lib_a-findfp.o)
                0x00000000080020ec                __sf_fake_stdin
 .rodata.__sf_fake_stdout
                0x000000000800210c       0x20 /opt/gcc-arm-none-eabi-9-2020-q2-update/bin/../lib/gcc/arm-none-eabi/9.3.1/../../../../arm-none-eabi/lib/thumb/v7-m/nofp/libc_nano.a(lib_a-findfp.o)
                0x000000000800210c                __sf_fake_stdout
 .rodata._vfprintf_r.str1.1
                0x000000000800212c       0x11 /opt/gcc-arm-none-eabi-9-2020-q2-update/bin/../lib/gcc/arm-none-eabi/9.3.1/../../../../arm-none-eabi/lib/thumb/v7-m/nofp/libc_nano.a(lib_a-nano-vfprintf.o)
 .rodata._printf_i.str1.1
                0x000000000800213d       0x22 /opt/gcc-arm-none-eabi-9-2020-q2-update/bin/../lib/gcc/arm-none-eabi/9.3.1/../../../../arm-none-eabi/lib/thumb/v7-m/nofp/libc_nano.a(lib_a-nano-vfprintf_i.o)
 *(SORT_BY_NAME(.roxfa.*))
 *fill*         0x000000000800215f        0x1 
 .roxfa.auto_init_xfa.0_
                0x0000000008002160        0x0 /senslab/users/iot2023oulu15/test-iot/bin/iotlab-m3/auto_init/auto_init.o
                0x0000000008002160                auto_init_xfa
 .roxfa.auto_init_xfa.9_
                0x0000000008002160        0x0 /senslab/users/iot2023oulu15/test-iot/bin/iotlab-m3/auto_init/auto_init.o
                0x0000000008002160                auto_init_xfa_end
 *(.ARM.extab* .gnu.linkonce.armextab.*)
                0x0000000008002160                . = ALIGN (0x4)
 *(.init)
                0x0000000008002160                . = ALIGN (0x4)
                0x0000000008002160                __preinit_array_start = .
 *(.preinit_array)
                0x0000000008002160                __preinit_array_end = .
                0x0000000008002160                . = ALIGN (0x4)
                0x0000000008002160                __init_array_start = .
 *(SORT_BY_NAME(.init_array.*))
 *(.init_array)
                0x0000000008002160                __init_array_end = .
                0x0000000008002160                . = ALIGN (0x4)
 *crtbegin.o(.ctors)
 *(EXCLUDE_FILE(*crtend.o) .ctors)
 *(SORT_BY_NAME(.ctors.*))
 *crtend.o(.ctors)
                0x0000000008002160                . = ALIGN (0x4)
 *(.fini)
                0x0000000008002160                . = ALIGN (0x4)
                0x0000000008002160                __fini_array_start = .
 *(.fini_array)
 *(SORT_BY_NAME(.fini_array.*))
                0x0000000008002160                __fini_array_end = .
 *crtbegin.o(.dtors)
 *(EXCLUDE_FILE(*crtend.o) .dtors)
 *(SORT_BY_NAME(.dtors.*))
 *crtend.o(.dtors)
                0x0000000008002160                . = ALIGN (0x4)
                0x0000000008002160                _efixed = .

.vfp11_veneer   0x0000000008002160        0x0
 .vfp11_veneer  0x0000000008002160        0x0 linker stubs

.v4_bx          0x0000000008002160        0x0
 .v4_bx         0x0000000008002160        0x0 linker stubs

.iplt           0x0000000008002160        0x0
 .iplt          0x0000000008002160        0x0 /senslab/users/iot2023oulu15/test-iot/bin/iotlab-m3/application_example/main.o

.igot.plt       0x0000000008002160        0x0
 .igot.plt      0x0000000008002160        0x0 /senslab/users/iot2023oulu15/test-iot/bin/iotlab-m3/application_example/main.o

.rel.dyn        0x0000000008002160        0x0
 .rel.iplt      0x0000000008002160        0x0 /senslab/users/iot2023oulu15/test-iot/bin/iotlab-m3/application_example/main.o

.tdata          0x0000000008002160        0x0
                0x0000000008002160                __tdata_start = .
 *(.tdata .tdata.* .gnu.linkonce.td.*)
                0x0000000008002160                __tdata_end = .
                0x0000000008002160                __tdata_source = LOADADDR (.tdata)
                0x0000000000000000                __tdata_size = SIZEOF (.tdata)

.tbss           0x0000000008002160        0x0
 *(.tbss .tbss.* .gnu.linkonce.tb.*)
 *(.tcommon)
                0x0000000008002160                __tbss_end = .
                0x0000000000000000                __tls_size = (__tbss_end - __tdata_start)
                0x0000000000000000                __tbss_size = (__tls_size - __tdata_size)
                [!provide]                        PROVIDE (__tbss_offset = (ADDR (.tbss) - ADDR (.tdata)))
                [!provide]                        PROVIDE (__tls_align = MAX (ALIGNOF (.tdata), ALIGNOF (.tbss)))
                [!provide]                        PROVIDE (__arm32_tls_tcb_offset = MAX (0x8, __tls_align))
                [!provide]                        PROVIDE (__arm64_tls_tcb_offset = MAX (0x10, __tls_align))
                [!provide]                        PROVIDE (__exidx_start = .)

.ARM.exidx
 *(.ARM.exidx* .gnu.linkonce.armexidx.*)
                [!provide]                        PROVIDE (__exidx_end = .)
                0x0000000008002160                . = ALIGN (0x4)

.eh_frame
 *(.eh_frame)
                0x0000000008002160                . = ALIGN (0x4)
                0x0000000008002160                _etext = .

.stack          0x0000000020000000      0x200
 *(.puf)
                0x0000000020000000                . = ALIGN (0x8)
                0x0000000020000000                _sstack = .
 *(.isr_stack)
 .isr_stack     0x0000000020000000      0x200 /senslab/users/iot2023oulu15/test-iot/bin/iotlab-m3/cortexm_common/vectors_cortexm.o
                0x0000000020000000                isr_stack
                0x0000000020000200                . = ALIGN (0x8)
                0x0000000020000200                _estack = .

.relocate       0x0000000020000200       0x70 load address 0x0000000008002160
                0x0000000020000200                . = ALIGN (0x4)
                0x0000000020000200                _srelocate = .
 *(.ramfunc .ramfunc.*)
 *(.data .data.*)
 .data.heap_top
                0x0000000020000200        0x4 /senslab/users/iot2023oulu15/test-iot/bin/iotlab-m3/newlib_syscalls_default/syscalls.o
 .data.pm_blocker
                0x0000000020000204        0x4 /senslab/users/iot2023oulu15/test-iot/bin/iotlab-m3/pm_layered/pm.o
 .data._impure_ptr
                0x0000000020000208        0x4 /opt/gcc-arm-none-eabi-9-2020-q2-update/bin/../lib/gcc/arm-none-eabi/9.3.1/../../../../arm-none-eabi/lib/thumb/v7-m/nofp/libc_nano.a(lib_a-impure.o)
                0x0000000020000208                _impure_ptr
 .data.impure_data
                0x000000002000020c       0x60 /opt/gcc-arm-none-eabi-9-2020-q2-update/bin/../lib/gcc/arm-none-eabi/9.3.1/../../../../arm-none-eabi/lib/thumb/v7-m/nofp/libc_nano.a(lib_a-impure.o)
 *(SORT_BY_NAME(.xfa.*))
 *(.openocd .openocd.*)
 .openocd       0x000000002000026c        0x2 /senslab/users/iot2023oulu15/test-iot/bin/iotlab-m3/core/sched.o
                0x000000002000026c                _tcb_name_offset
                0x000000002000026d                max_threads
                0x0000000020000270                . = ALIGN (0x4)
 *fill*         0x000000002000026e        0x2 
                0x0000000020000270                _erelocate = .

.bss            0x0000000020000270      0x708 load address 0x00000000080021d0
                0x0000000020000270                . = ALIGN (0x4)
                0x0000000020000270                _sbss = .
                0x0000000020000270                _szero = .
 *(.bss .bss.*)
 .bss.main_stack
                0x0000000020000270      0x600 /senslab/users/iot2023oulu15/test-iot/bin/iotlab-m3/core_lib/init.o
 .bss.crashed   0x0000000020000870        0x4 /senslab/users/iot2023oulu15/test-iot/bin/iotlab-m3/core_lib/panic.o
 .bss.runqueue_bitcache
                0x0000000020000874        0x4 /senslab/users/iot2023oulu15/test-iot/bin/iotlab-m3/core/sched.o
 .bss.sched_active_pid
                0x0000000020000878        0x2 /senslab/users/iot2023oulu15/test-iot/bin/iotlab-m3/core/sched.o
                0x0000000020000878                sched_active_pid
 *fill*         0x000000002000087a        0x2 
 .bss.sched_active_thread
                0x000000002000087c        0x4 /senslab/users/iot2023oulu15/test-iot/bin/iotlab-m3/core/sched.o
                0x000000002000087c                sched_active_thread
 .bss.sched_context_switch_request
                0x0000000020000880        0x4 /senslab/users/iot2023oulu15/test-iot/bin/iotlab-m3/core/sched.o
                0x0000000020000880                sched_context_switch_request
 .bss.sched_num_threads
                0x0000000020000884        0x4 /senslab/users/iot2023oulu15/test-iot/bin/iotlab-m3/core/sched.o
                0x0000000020000884                sched_num_threads
 .bss.sched_runqueues
                0x0000000020000888       0x40 /senslab/users/iot2023oulu15/test-iot/bin/iotlab-m3/core/sched.o
                0x0000000020000888                sched_runqueues
 .bss.sched_threads
                0x00000000200008c8       0x84 /senslab/users/iot2023oulu15/test-iot/bin/iotlab-m3/core/sched.o
                0x00000000200008c8                sched_threads
 .bss.isr_ctx   0x000000002000094c       0x18 /senslab/users/iot2023oulu15/test-iot/bin/iotlab-m3/periph/uart.o
 .bss.__malloc_free_list
                0x0000000020000964        0x4 /opt/gcc-arm-none-eabi-9-2020-q2-update/bin/../lib/gcc/arm-none-eabi/9.3.1/../../../../arm-none-eabi/lib/thumb/v7-m/nofp/libc_nano.a(lib_a-nano-mallocr.o)
                0x0000000020000964                __malloc_free_list
 .bss.__malloc_sbrk_start
                0x0000000020000968        0x4 /opt/gcc-arm-none-eabi-9-2020-q2-update/bin/../lib/gcc/arm-none-eabi/9.3.1/../../../../arm-none-eabi/lib/thumb/v7-m/nofp/libc_nano.a(lib_a-nano-mallocr.o)
                0x0000000020000968                __malloc_sbrk_start
 *(COMMON)
 COMMON         0x000000002000096c        0x9 /opt/gcc-arm-none-eabi-9-2020-q2-update/bin/../lib/gcc/arm-none-eabi/9.3.1/../../../../arm-none-eabi/lib/thumb/v7-m/nofp/libc_nano.a(lib_a-lock.o)
                0x000000002000096c                __lock___atexit_recursive_mutex
                0x000000002000096d                __lock___arc4random_mutex
                0x000000002000096e                __lock___env_recursive_mutex
                0x000000002000096f                __lock___sinit_recursive_mutex
                0x0000000020000970                __lock___malloc_recursive_mutex
                0x0000000020000971                __lock___at_quick_exit_mutex
                0x0000000020000972                __lock___dd_hash_mutex
                0x0000000020000973                __lock___tz_mutex
                0x0000000020000974                __lock___sfp_recursive_mutex
                0x0000000020000978                . = ALIGN (0x4)
 *fill*         0x0000000020000975        0x3 
                0x0000000020000978                _ebss = .
                0x0000000020000978                _ezero = .

.noinit         0x0000000020000978        0x0 load address 0x00000000080021d0
                0x0000000020000978                __noinit_start = .
 *(.noinit)
                0x0000000020000978                . = ALIGN (0x4)
                0x0000000020000978                __noinit_end = .
                0x0000000020000978                . = ALIGN (0x4)
                0x0000000020000978                _sheap = .
                0x0000000020010000                _eheap = (ORIGIN (ram) + LENGTH (ram))
                0x0000000020000000                _sram = ORIGIN (ram)
                0x0000000020010000                _eram = (ORIGIN (ram) + LENGTH (ram))
                0x0000000008000000                _srom = ORIGIN (rom)
                0x0000000008080000                _erom = (ORIGIN (rom) + LENGTH (rom))
                0x00000000080021d0                _sbackup_data_load = LOADADDR (.backup.data)

.backup.data    0x0000000000000000        0x0 load address 0x00000000080021d0
                0x0000000000000000                _sbackup_data = .
 *(.backup.data)
                0x0000000000000000                _ebackup_data = .
                0x0000000000000000                . = ALIGN (0x4)

.backup.bss     0x0000000000000000        0x0 load address 0x00000000080021d0
                0x0000000000000000                _sbackup_bss = .
 *(.backup.bss)
                0x0000000000000000                _ebackup_bss = .
                0x0000000000000000                . = ALIGN (0x4)

.heap3          0x0000000000000000        0x0 load address 0x00000000080021d0
                0x0000000000000000                _sheap1 = .
                0x0000000000000000                _eheap1 = (ORIGIN (bkup_ram) + LENGTH (bkup_ram))

.flash_writable
 *(SORT_BY_NAME(.flash_writable.*))

.end_fw         0x00000000080021d0        0x0
                0x00000000080021d0                _end_fw = .
OUTPUT(/senslab/users/iot2023oulu15/test-iot/bin/iotlab-m3/example.elf elf32-littlearm)
LOAD linker stubs

.debug_info     0x0000000000000000    0x228e7
 .debug_info    0x0000000000000000      0x953 /senslab/users/iot2023oulu15/test-iot/bin/iotlab-m3/application_example/main.o
 .debug_info    0x0000000000000953      0xd81 /senslab/users/iot2023oulu15/test-iot/bin/iotlab-m3/auto_init/auto_init.o
 .debug_info    0x00000000000016d4     0x1819 /senslab/users/iot2023oulu15/test-iot/bin/iotlab-m3/board_common_init/board_common.o
 .debug_info    0x0000000000002eed      0xe9d /senslab/users/iot2023oulu15/test-iot/bin/iotlab-m3/core_lib/assert.o
 .debug_info    0x0000000000003d8a      0xfd7 /senslab/users/iot2023oulu15/test-iot/bin/iotlab-m3/core_lib/init.o
 .debug_info    0x0000000000004d61      0xf38 /senslab/users/iot2023oulu15/test-iot/bin/iotlab-m3/core_lib/panic.o
 .debug_info    0x0000000000005c99     0x1968 /senslab/users/iot2023oulu15/test-iot/bin/iotlab-m3/core/sched.o
 .debug_info    0x0000000000007601     0x1eba /senslab/users/iot2023oulu15/test-iot/bin/iotlab-m3/core/thread.o
 .debug_info    0x00000000000094bb     0x140b /senslab/users/iot2023oulu15/test-iot/bin/iotlab-m3/cortexm_common/cortexm_init.o
 .debug_info    0x000000000000a8c6      0xdec /senslab/users/iot2023oulu15/test-iot/bin/iotlab-m3/cortexm_common/panic.o
 .debug_info    0x000000000000b6b2     0x1337 /senslab/users/iot2023oulu15/test-iot/bin/iotlab-m3/cortexm_common/thread_arch.o
 .debug_info    0x000000000000c9e9     0x22c2 /senslab/users/iot2023oulu15/test-iot/bin/iotlab-m3/cortexm_common/vectors_cortexm.o
 .debug_info    0x000000000000ecab     0x15fb /senslab/users/iot2023oulu15/test-iot/bin/iotlab-m3/cpu/cpu_common.o
 .debug_info    0x00000000000102a6     0x1bab /senslab/users/iot2023oulu15/test-iot/bin/iotlab-m3/cpu/cpu_init.o
 .debug_info    0x0000000000011e51     0x2448 /senslab/users/iot2023oulu15/test-iot/bin/iotlab-m3/newlib_syscalls_default/syscalls.o
 .debug_info    0x0000000000014299     0x1960 /senslab/users/iot2023oulu15/test-iot/bin/iotlab-m3/periph_common/init_leds.o
 .debug_info    0x0000000000015bf9     0x1407 /senslab/users/iot2023oulu15/test-iot/bin/iotlab-m3/periph_common/init.o
 .debug_info    0x0000000000017000     0x1f36 /senslab/users/iot2023oulu15/test-iot/bin/iotlab-m3/periph/gpio_f1.o
 .debug_info    0x0000000000018f36     0x10fd /senslab/users/iot2023oulu15/test-iot/bin/iotlab-m3/periph/pm.o
 .debug_info    0x000000000001a033     0x20bf /senslab/users/iot2023oulu15/test-iot/bin/iotlab-m3/periph/uart.o
 .debug_info    0x000000000001c0f2     0x1d1f /senslab/users/iot2023oulu15/test-iot/bin/iotlab-m3/pm_layered/pm.o
 .debug_info    0x000000000001de11     0x1b29 /senslab/users/iot2023oulu15/test-iot/bin/iotlab-m3/stdio_uart/stdio_uart.o
 .debug_info    0x000000000001f93a     0x156c /senslab/users/iot2023oulu15/test-iot/bin/iotlab-m3/stm32_clk/stmclk_common.o
 .debug_info    0x0000000000020ea6     0x170c /senslab/users/iot2023oulu15/test-iot/bin/iotlab-m3/stm32_clk/stmclk_f0f1f3.o
 .debug_info    0x00000000000225b2      0x335 /senslab/users/iot2023oulu15/test-iot/bin/iotlab-m3/stm32_vectors/STM32F103xE.o

.debug_abbrev   0x0000000000000000     0x585c
 .debug_abbrev  0x0000000000000000      0x1af /senslab/users/iot2023oulu15/test-iot/bin/iotlab-m3/application_example/main.o
 .debug_abbrev  0x00000000000001af      0x243 /senslab/users/iot2023oulu15/test-iot/bin/iotlab-m3/auto_init/auto_init.o
 .debug_abbrev  0x00000000000003f2      0x2b7 /senslab/users/iot2023oulu15/test-iot/bin/iotlab-m3/board_common_init/board_common.o
 .debug_abbrev  0x00000000000006a9      0x2f6 /senslab/users/iot2023oulu15/test-iot/bin/iotlab-m3/core_lib/assert.o
 .debug_abbrev  0x000000000000099f      0x390 /senslab/users/iot2023oulu15/test-iot/bin/iotlab-m3/core_lib/init.o
 .debug_abbrev  0x0000000000000d2f      0x349 /senslab/users/iot2023oulu15/test-iot/bin/iotlab-m3/core_lib/panic.o
 .debug_abbrev  0x0000000000001078      0x4ec /senslab/users/iot2023oulu15/test-iot/bin/iotlab-m3/core/sched.o
 .debug_abbrev  0x0000000000001564      0x532 /senslab/users/iot2023oulu15/test-iot/bin/iotlab-m3/core/thread.o
 .debug_abbrev  0x0000000000001a96      0x3b0 /senslab/users/iot2023oulu15/test-iot/bin/iotlab-m3/cortexm_common/cortexm_init.o
 .debug_abbrev  0x0000000000001e46      0x2e4 /senslab/users/iot2023oulu15/test-iot/bin/iotlab-m3/cortexm_common/panic.o
 .debug_abbrev  0x000000000000212a      0x49a /senslab/users/iot2023oulu15/test-iot/bin/iotlab-m3/cortexm_common/thread_arch.o
 .debug_abbrev  0x00000000000025c4      0x4e4 /senslab/users/iot2023oulu15/test-iot/bin/iotlab-m3/cortexm_common/vectors_cortexm.o
 .debug_abbrev  0x0000000000002aa8      0x350 /senslab/users/iot2023oulu15/test-iot/bin/iotlab-m3/cpu/cpu_common.o
 .debug_abbrev  0x0000000000002df8      0x3c4 /senslab/users/iot2023oulu15/test-iot/bin/iotlab-m3/cpu/cpu_init.o
 .debug_abbrev  0x00000000000031bc      0x4e8 /senslab/users/iot2023oulu15/test-iot/bin/iotlab-m3/newlib_syscalls_default/syscalls.o
 .debug_abbrev  0x00000000000036a4      0x2f0 /senslab/users/iot2023oulu15/test-iot/bin/iotlab-m3/periph_common/init_leds.o
 .debug_abbrev  0x0000000000003994      0x29f /senslab/users/iot2023oulu15/test-iot/bin/iotlab-m3/periph_common/init.o
 .debug_abbrev  0x0000000000003c33      0x41b /senslab/users/iot2023oulu15/test-iot/bin/iotlab-m3/periph/gpio_f1.o
 .debug_abbrev  0x000000000000404e      0x3b6 /senslab/users/iot2023oulu15/test-iot/bin/iotlab-m3/periph/pm.o
 .debug_abbrev  0x0000000000004404      0x534 /senslab/users/iot2023oulu15/test-iot/bin/iotlab-m3/periph/uart.o
 .debug_abbrev  0x0000000000004938      0x417 /senslab/users/iot2023oulu15/test-iot/bin/iotlab-m3/pm_layered/pm.o
 .debug_abbrev  0x0000000000004d4f      0x3ba /senslab/users/iot2023oulu15/test-iot/bin/iotlab-m3/stdio_uart/stdio_uart.o
 .debug_abbrev  0x0000000000005109      0x2d6 /senslab/users/iot2023oulu15/test-iot/bin/iotlab-m3/stm32_clk/stmclk_common.o
 .debug_abbrev  0x00000000000053df      0x376 /senslab/users/iot2023oulu15/test-iot/bin/iotlab-m3/stm32_clk/stmclk_f0f1f3.o
 .debug_abbrev  0x0000000000005755      0x107 /senslab/users/iot2023oulu15/test-iot/bin/iotlab-m3/stm32_vectors/STM32F103xE.o

.debug_aranges  0x0000000000000000      0x6b0
 .debug_aranges
                0x0000000000000000       0x20 /senslab/users/iot2023oulu15/test-iot/bin/iotlab-m3/application_example/main.o
 .debug_aranges
                0x0000000000000020       0x20 /senslab/users/iot2023oulu15/test-iot/bin/iotlab-m3/auto_init/auto_init.o
 .debug_aranges
                0x0000000000000040       0x28 /senslab/users/iot2023oulu15/test-iot/bin/iotlab-m3/board_common_init/board_common.o
 .debug_aranges
                0x0000000000000068       0x30 /senslab/users/iot2023oulu15/test-iot/bin/iotlab-m3/core_lib/assert.o
 .debug_aranges
                0x0000000000000098       0x38 /senslab/users/iot2023oulu15/test-iot/bin/iotlab-m3/core_lib/init.o
 .debug_aranges
                0x00000000000000d0       0x38 /senslab/users/iot2023oulu15/test-iot/bin/iotlab-m3/core_lib/panic.o
 .debug_aranges
                0x0000000000000108       0x50 /senslab/users/iot2023oulu15/test-iot/bin/iotlab-m3/core/sched.o
 .debug_aranges
                0x0000000000000158       0x78 /senslab/users/iot2023oulu15/test-iot/bin/iotlab-m3/core/thread.o
 .debug_aranges
                0x00000000000001d0       0x30 /senslab/users/iot2023oulu15/test-iot/bin/iotlab-m3/cortexm_common/cortexm_init.o
 .debug_aranges
                0x0000000000000200       0x28 /senslab/users/iot2023oulu15/test-iot/bin/iotlab-m3/cortexm_common/panic.o
 .debug_aranges
                0x0000000000000228       0x68 /senslab/users/iot2023oulu15/test-iot/bin/iotlab-m3/cortexm_common/thread_arch.o
 .debug_aranges
                0x0000000000000290       0x70 /senslab/users/iot2023oulu15/test-iot/bin/iotlab-m3/cortexm_common/vectors_cortexm.o
 .debug_aranges
                0x0000000000000300       0x40 /senslab/users/iot2023oulu15/test-iot/bin/iotlab-m3/cpu/cpu_common.o
 .debug_aranges
                0x0000000000000340       0x40 /senslab/users/iot2023oulu15/test-iot/bin/iotlab-m3/cpu/cpu_init.o
 .debug_aranges
                0x0000000000000380       0xc0 /senslab/users/iot2023oulu15/test-iot/bin/iotlab-m3/newlib_syscalls_default/syscalls.o
 .debug_aranges
                0x0000000000000440       0x28 /senslab/users/iot2023oulu15/test-iot/bin/iotlab-m3/periph_common/init_leds.o
 .debug_aranges
                0x0000000000000468       0x28 /senslab/users/iot2023oulu15/test-iot/bin/iotlab-m3/periph_common/init.o
 .debug_aranges
                0x0000000000000490       0x68 /senslab/users/iot2023oulu15/test-iot/bin/iotlab-m3/periph/gpio_f1.o
 .debug_aranges
                0x00000000000004f8       0x38 /senslab/users/iot2023oulu15/test-iot/bin/iotlab-m3/periph/pm.o
 .debug_aranges
                0x0000000000000530       0x60 /senslab/users/iot2023oulu15/test-iot/bin/iotlab-m3/periph/uart.o
 .debug_aranges
                0x0000000000000590       0x48 /senslab/users/iot2023oulu15/test-iot/bin/iotlab-m3/pm_layered/pm.o
 .debug_aranges
                0x00000000000005d8       0x38 /senslab/users/iot2023oulu15/test-iot/bin/iotlab-m3/stdio_uart/stdio_uart.o
 .debug_aranges
                0x0000000000000610       0x58 /senslab/users/iot2023oulu15/test-iot/bin/iotlab-m3/stm32_clk/stmclk_common.o
 .debug_aranges
                0x0000000000000668       0x28 /senslab/users/iot2023oulu15/test-iot/bin/iotlab-m3/stm32_clk/stmclk_f0f1f3.o
 .debug_aranges
                0x0000000000000690       0x20 /senslab/users/iot2023oulu15/test-iot/bin/iotlab-m3/stm32_vectors/STM32F103xE.o

.debug_ranges   0x0000000000000000      0xee8
 .debug_ranges  0x0000000000000000       0x10 /senslab/users/iot2023oulu15/test-iot/bin/iotlab-m3/application_example/main.o
 .debug_ranges  0x0000000000000010       0x30 /senslab/users/iot2023oulu15/test-iot/bin/iotlab-m3/auto_init/auto_init.o
 .debug_ranges  0x0000000000000040       0x18 /senslab/users/iot2023oulu15/test-iot/bin/iotlab-m3/board_common_init/board_common.o
 .debug_ranges  0x0000000000000058       0x38 /senslab/users/iot2023oulu15/test-iot/bin/iotlab-m3/core_lib/assert.o
 .debug_ranges  0x0000000000000090       0x70 /senslab/users/iot2023oulu15/test-iot/bin/iotlab-m3/core_lib/init.o
 .debug_ranges  0x0000000000000100       0x28 /senslab/users/iot2023oulu15/test-iot/bin/iotlab-m3/core_lib/panic.o
 .debug_ranges  0x0000000000000128      0x1b8 /senslab/users/iot2023oulu15/test-iot/bin/iotlab-m3/core/sched.o
 .debug_ranges  0x00000000000002e0      0x298 /senslab/users/iot2023oulu15/test-iot/bin/iotlab-m3/core/thread.o
 .debug_ranges  0x0000000000000578       0xb8 /senslab/users/iot2023oulu15/test-iot/bin/iotlab-m3/cortexm_common/cortexm_init.o
 .debug_ranges  0x0000000000000630       0x48 /senslab/users/iot2023oulu15/test-iot/bin/iotlab-m3/cortexm_common/panic.o
 .debug_ranges  0x0000000000000678       0x90 /senslab/users/iot2023oulu15/test-iot/bin/iotlab-m3/cortexm_common/thread_arch.o
 .debug_ranges  0x0000000000000708       0x78 /senslab/users/iot2023oulu15/test-iot/bin/iotlab-m3/cortexm_common/vectors_cortexm.o
 .debug_ranges  0x0000000000000780       0x30 /senslab/users/iot2023oulu15/test-iot/bin/iotlab-m3/cpu/cpu_common.o
 .debug_ranges  0x00000000000007b0       0x88 /senslab/users/iot2023oulu15/test-iot/bin/iotlab-m3/cpu/cpu_init.o
 .debug_ranges  0x0000000000000838      0x128 /senslab/users/iot2023oulu15/test-iot/bin/iotlab-m3/newlib_syscalls_default/syscalls.o
 .debug_ranges  0x0000000000000960       0x18 /senslab/users/iot2023oulu15/test-iot/bin/iotlab-m3/periph_common/init_leds.o
 .debug_ranges  0x0000000000000978       0x18 /senslab/users/iot2023oulu15/test-iot/bin/iotlab-m3/periph_common/init.o
 .debug_ranges  0x0000000000000990      0x148 /senslab/users/iot2023oulu15/test-iot/bin/iotlab-m3/periph/gpio_f1.o
 .debug_ranges  0x0000000000000ad8       0x70 /senslab/users/iot2023oulu15/test-iot/bin/iotlab-m3/periph/pm.o
 .debug_ranges  0x0000000000000b48      0x138 /senslab/users/iot2023oulu15/test-iot/bin/iotlab-m3/periph/uart.o
 .debug_ranges  0x0000000000000c80      0x188 /senslab/users/iot2023oulu15/test-iot/bin/iotlab-m3/pm_layered/pm.o
 .debug_ranges  0x0000000000000e08       0x28 /senslab/users/iot2023oulu15/test-iot/bin/iotlab-m3/stdio_uart/stdio_uart.o
 .debug_ranges  0x0000000000000e30       0x48 /senslab/users/iot2023oulu15/test-iot/bin/iotlab-m3/stm32_clk/stmclk_common.o
 .debug_ranges  0x0000000000000e78       0x60 /senslab/users/iot2023oulu15/test-iot/bin/iotlab-m3/stm32_clk/stmclk_f0f1f3.o
 .debug_ranges  0x0000000000000ed8       0x10 /senslab/users/iot2023oulu15/test-iot/bin/iotlab-m3/stm32_vectors/STM32F103xE.o

.debug_macro    0x0000000000000000    0x3cb67
 .debug_macro   0x0000000000000000      0x164 /senslab/users/iot2023oulu15/test-iot/bin/iotlab-m3/application_example/main.o
 .debug_macro   0x0000000000000164      0xb08 /senslab/users/iot2023oulu15/test-iot/bin/iotlab-m3/application_example/main.o
 .debug_macro   0x0000000000000c6c      0x18a /senslab/users/iot2023oulu15/test-iot/bin/iotlab-m3/application_example/main.o
 .debug_macro   0x0000000000000df6       0x22 /senslab/users/iot2023oulu15/test-iot/bin/iotlab-m3/application_example/main.o
 .debug_macro   0x0000000000000e18       0x4c /senslab/users/iot2023oulu15/test-iot/bin/iotlab-m3/application_example/main.o
 .debug_macro   0x0000000000000e64       0x18 /senslab/users/iot2023oulu15/test-iot/bin/iotlab-m3/application_example/main.o
 .debug_macro   0x0000000000000e7c       0x5c /senslab/users/iot2023oulu15/test-iot/bin/iotlab-m3/application_example/main.o
 .debug_macro   0x0000000000000ed8       0x3c /senslab/users/iot2023oulu15/test-iot/bin/iotlab-m3/application_example/main.o
 .debug_macro   0x0000000000000f14       0x34 /senslab/users/iot2023oulu15/test-iot/bin/iotlab-m3/application_example/main.o
 .debug_macro   0x0000000000000f48       0x16 /senslab/users/iot2023oulu15/test-iot/bin/iotlab-m3/application_example/main.o
 .debug_macro   0x0000000000000f5e       0x57 /senslab/users/iot2023oulu15/test-iot/bin/iotlab-m3/application_example/main.o
 .debug_macro   0x0000000000000fb5       0x97 /senslab/users/iot2023oulu15/test-iot/bin/iotlab-m3/application_example/main.o
 .debug_macro   0x000000000000104c      0x339 /senslab/users/iot2023oulu15/test-iot/bin/iotlab-m3/application_example/main.o
 .debug_macro   0x0000000000001385       0xfd /senslab/users/iot2023oulu15/test-iot/bin/iotlab-m3/application_example/main.o
 .debug_macro   0x0000000000001482       0x10 /senslab/users/iot2023oulu15/test-iot/bin/iotlab-m3/application_example/main.o
 .debug_macro   0x0000000000001492       0x16 /senslab/users/iot2023oulu15/test-iot/bin/iotlab-m3/application_example/main.o
 .debug_macro   0x00000000000014a8       0x43 /senslab/users/iot2023oulu15/test-iot/bin/iotlab-m3/application_example/main.o
 .debug_macro   0x00000000000014eb       0x34 /senslab/users/iot2023oulu15/test-iot/bin/iotlab-m3/application_example/main.o
 .debug_macro   0x000000000000151f       0x10 /senslab/users/iot2023oulu15/test-iot/bin/iotlab-m3/application_example/main.o
 .debug_macro   0x000000000000152f       0x58 /senslab/users/iot2023oulu15/test-iot/bin/iotlab-m3/application_example/main.o
 .debug_macro   0x0000000000001587       0x71 /senslab/users/iot2023oulu15/test-iot/bin/iotlab-m3/application_example/main.o
 .debug_macro   0x00000000000015f8      0x103 /senslab/users/iot2023oulu15/test-iot/bin/iotlab-m3/application_example/main.o
 .debug_macro   0x00000000000016fb       0x6a /senslab/users/iot2023oulu15/test-iot/bin/iotlab-m3/application_example/main.o
 .debug_macro   0x0000000000001765      0x1df /senslab/users/iot2023oulu15/test-iot/bin/iotlab-m3/application_example/main.o
 .debug_macro   0x0000000000001944       0x1e /senslab/users/iot2023oulu15/test-iot/bin/iotlab-m3/application_example/main.o
 .debug_macro   0x0000000000001962      0x12a /senslab/users/iot2023oulu15/test-iot/bin/iotlab-m3/application_example/main.o
 .debug_macro   0x0000000000001a8c       0xbe /senslab/users/iot2023oulu15/test-iot/bin/iotlab-m3/application_example/main.o
 .debug_macro   0x0000000000001b4a       0x16 /senslab/users/iot2023oulu15/test-iot/bin/iotlab-m3/application_example/main.o
 .debug_macro   0x0000000000001b60      0x114 /senslab/users/iot2023oulu15/test-iot/bin/iotlab-m3/application_example/main.o
 .debug_macro   0x0000000000001c74      0x33c /senslab/users/iot2023oulu15/test-iot/bin/iotlab-m3/auto_init/auto_init.o
 .debug_macro   0x0000000000001fb0      0xb08 /senslab/users/iot2023oulu15/test-iot/bin/iotlab-m3/auto_init/auto_init.o
 .debug_macro   0x0000000000002ab8       0x56 /senslab/users/iot2023oulu15/test-iot/bin/iotlab-m3/auto_init/auto_init.o
 .debug_macro   0x0000000000002b0e       0x51 /senslab/users/iot2023oulu15/test-iot/bin/iotlab-m3/auto_init/auto_init.o
 .debug_macro   0x0000000000002b5f       0x52 /senslab/users/iot2023oulu15/test-iot/bin/iotlab-m3/auto_init/auto_init.o
 .debug_macro   0x0000000000002bb1       0x24 /senslab/users/iot2023oulu15/test-iot/bin/iotlab-m3/auto_init/auto_init.o
 .debug_macro   0x0000000000002bd5       0x10 /senslab/users/iot2023oulu15/test-iot/bin/iotlab-m3/auto_init/auto_init.o
 .debug_macro   0x0000000000002be5       0x35 /senslab/users/iot2023oulu15/test-iot/bin/iotlab-m3/auto_init/auto_init.o
 .debug_macro   0x0000000000002c1a      0x460 /senslab/users/iot2023oulu15/test-iot/bin/iotlab-m3/auto_init/auto_init.o
 .debug_macro   0x000000000000307a       0x2e /senslab/users/iot2023oulu15/test-iot/bin/iotlab-m3/auto_init/auto_init.o
 .debug_macro   0x00000000000030a8       0x10 /senslab/users/iot2023oulu15/test-iot/bin/iotlab-m3/auto_init/auto_init.o
 .debug_macro   0x00000000000030b8       0x50 /senslab/users/iot2023oulu15/test-iot/bin/iotlab-m3/auto_init/auto_init.o
 .debug_macro   0x0000000000003108       0x16 /senslab/users/iot2023oulu15/test-iot/bin/iotlab-m3/auto_init/auto_init.o
 .debug_macro   0x000000000000311e       0x22 /senslab/users/iot2023oulu15/test-iot/bin/iotlab-m3/auto_init/auto_init.o
 .debug_macro   0x0000000000003140       0x3e /senslab/users/iot2023oulu15/test-iot/bin/iotlab-m3/auto_init/auto_init.o
 .debug_macro   0x000000000000317e       0x4b /senslab/users/iot2023oulu15/test-iot/bin/iotlab-m3/auto_init/auto_init.o
 .debug_macro   0x00000000000031c9       0x10 /senslab/users/iot2023oulu15/test-iot/bin/iotlab-m3/auto_init/auto_init.o
 .debug_macro   0x00000000000031d9    0x11111 /senslab/users/iot2023oulu15/test-iot/bin/iotlab-m3/auto_init/auto_init.o
 .debug_macro   0x00000000000142ea       0x16 /senslab/users/iot2023oulu15/test-iot/bin/iotlab-m3/auto_init/auto_init.o
 .debug_macro   0x0000000000014300      0x1ab /senslab/users/iot2023oulu15/test-iot/bin/iotlab-m3/auto_init/auto_init.o
 .debug_macro   0x00000000000144ab       0x49 /senslab/users/iot2023oulu15/test-iot/bin/iotlab-m3/auto_init/auto_init.o
 .debug_macro   0x00000000000144f4       0x2e /senslab/users/iot2023oulu15/test-iot/bin/iotlab-m3/auto_init/auto_init.o
 .debug_macro   0x0000000000014522       0x22 /senslab/users/iot2023oulu15/test-iot/bin/iotlab-m3/auto_init/auto_init.o
 .debug_macro   0x0000000000014544       0x1c /senslab/users/iot2023oulu15/test-iot/bin/iotlab-m3/auto_init/auto_init.o
 .debug_macro   0x0000000000014560       0x22 /senslab/users/iot2023oulu15/test-iot/bin/iotlab-m3/auto_init/auto_init.o
 .debug_macro   0x0000000000014582       0xdf /senslab/users/iot2023oulu15/test-iot/bin/iotlab-m3/auto_init/auto_init.o
 .debug_macro   0x0000000000014661      0xd15 /senslab/users/iot2023oulu15/test-iot/bin/iotlab-m3/auto_init/auto_init.o
 .debug_macro   0x0000000000015376     0xfd8c /senslab/users/iot2023oulu15/test-iot/bin/iotlab-m3/auto_init/auto_init.o
 .debug_macro   0x0000000000025102       0x6d /senslab/users/iot2023oulu15/test-iot/bin/iotlab-m3/auto_init/auto_init.o
 .debug_macro   0x000000000002516f       0x10 /senslab/users/iot2023oulu15/test-iot/bin/iotlab-m3/auto_init/auto_init.o
 .debug_macro   0x000000000002517f       0x32 /senslab/users/iot2023oulu15/test-iot/bin/iotlab-m3/auto_init/auto_init.o
 .debug_macro   0x00000000000251b1       0x3c /senslab/users/iot2023oulu15/test-iot/bin/iotlab-m3/auto_init/auto_init.o
 .debug_macro   0x00000000000251ed       0x10 /senslab/users/iot2023oulu15/test-iot/bin/iotlab-m3/auto_init/auto_init.o
 .debug_macro   0x00000000000251fd       0x2e /senslab/users/iot2023oulu15/test-iot/bin/iotlab-m3/auto_init/auto_init.o
 .debug_macro   0x000000000002522b       0x16 /senslab/users/iot2023oulu15/test-iot/bin/iotlab-m3/auto_init/auto_init.o
 .debug_macro   0x0000000000025241       0x40 /senslab/users/iot2023oulu15/test-iot/bin/iotlab-m3/auto_init/auto_init.o
 .debug_macro   0x0000000000025281       0x23 /senslab/users/iot2023oulu15/test-iot/bin/iotlab-m3/auto_init/auto_init.o
 .debug_macro   0x00000000000252a4      0x509 /senslab/users/iot2023oulu15/test-iot/bin/iotlab-m3/board_common_init/board_common.o
 .debug_macro   0x00000000000257ad      0xb08 /senslab/users/iot2023oulu15/test-iot/bin/iotlab-m3/board_common_init/board_common.o
 .debug_macro   0x00000000000262b5       0x10 /senslab/users/iot2023oulu15/test-iot/bin/iotlab-m3/board_common_init/board_common.o
 .debug_macro   0x00000000000262c5       0x42 /senslab/users/iot2023oulu15/test-iot/bin/iotlab-m3/board_common_init/board_common.o
 .debug_macro   0x0000000000026307       0x16 /senslab/users/iot2023oulu15/test-iot/bin/iotlab-m3/board_common_init/board_common.o
 .debug_macro   0x000000000002631d       0x7c /senslab/users/iot2023oulu15/test-iot/bin/iotlab-m3/board_common_init/board_common.o
 .debug_macro   0x0000000000026399       0x17 /senslab/users/iot2023oulu15/test-iot/bin/iotlab-m3/board_common_init/board_common.o
 .debug_macro   0x00000000000263b0       0xee /senslab/users/iot2023oulu15/test-iot/bin/iotlab-m3/board_common_init/board_common.o
 .debug_macro   0x000000000002649e       0x2e /senslab/users/iot2023oulu15/test-iot/bin/iotlab-m3/board_common_init/board_common.o
 .debug_macro   0x00000000000264cc       0x52 /senslab/users/iot2023oulu15/test-iot/bin/iotlab-m3/board_common_init/board_common.o
 .debug_macro   0x000000000002651e       0x10 /senslab/users/iot2023oulu15/test-iot/bin/iotlab-m3/board_common_init/board_common.o
 .debug_macro   0x000000000002652e       0x1c /senslab/users/iot2023oulu15/test-iot/bin/iotlab-m3/board_common_init/board_common.o
 .debug_macro   0x000000000002654a       0x34 /senslab/users/iot2023oulu15/test-iot/bin/iotlab-m3/board_common_init/board_common.o
 .debug_macro   0x000000000002657e       0x38 /senslab/users/iot2023oulu15/test-iot/bin/iotlab-m3/board_common_init/board_common.o
 .debug_macro   0x00000000000265b6       0x84 /senslab/users/iot2023oulu15/test-iot/bin/iotlab-m3/board_common_init/board_common.o
 .debug_macro   0x000000000002663a       0x1c /senslab/users/iot2023oulu15/test-iot/bin/iotlab-m3/board_common_init/board_common.o
 .debug_macro   0x0000000000026656       0x16 /senslab/users/iot2023oulu15/test-iot/bin/iotlab-m3/board_common_init/board_common.o
 .debug_macro   0x000000000002666c       0x28 /senslab/users/iot2023oulu15/test-iot/bin/iotlab-m3/board_common_init/board_common.o
 .debug_macro   0x0000000000026694       0x28 /senslab/users/iot2023oulu15/test-iot/bin/iotlab-m3/board_common_init/board_common.o
 .debug_macro   0x00000000000266bc       0x1c /senslab/users/iot2023oulu15/test-iot/bin/iotlab-m3/board_common_init/board_common.o
 .debug_macro   0x00000000000266d8       0x10 /senslab/users/iot2023oulu15/test-iot/bin/iotlab-m3/board_common_init/board_common.o
 .debug_macro   0x00000000000266e8       0x34 /senslab/users/iot2023oulu15/test-iot/bin/iotlab-m3/board_common_init/board_common.o
 .debug_macro   0x000000000002671c       0x28 /senslab/users/iot2023oulu15/test-iot/bin/iotlab-m3/board_common_init/board_common.o
 .debug_macro   0x0000000000026744       0x16 /senslab/users/iot2023oulu15/test-iot/bin/iotlab-m3/board_common_init/board_common.o
 .debug_macro   0x000000000002675a       0x70 /senslab/users/iot2023oulu15/test-iot/bin/iotlab-m3/board_common_init/board_common.o
 .debug_macro   0x00000000000267ca       0x1c /senslab/users/iot2023oulu15/test-iot/bin/iotlab-m3/board_common_init/board_common.o
 .debug_macro   0x00000000000267e6       0x24 /senslab/users/iot2023oulu15/test-iot/bin/iotlab-m3/board_common_init/board_common.o
 .debug_macro   0x000000000002680a       0x1c /senslab/users/iot2023oulu15/test-iot/bin/iotlab-m3/board_common_init/board_common.o
 .debug_macro   0x0000000000026826       0x16 /senslab/users/iot2023oulu15/test-iot/bin/iotlab-m3/board_common_init/board_common.o
 .debug_macro   0x000000000002683c       0x42 /senslab/users/iot2023oulu15/test-iot/bin/iotlab-m3/board_common_init/board_common.o
 .debug_macro   0x000000000002687e       0x58 /senslab/users/iot2023oulu15/test-iot/bin/iotlab-m3/board_common_init/board_common.o
 .debug_macro   0x00000000000268d6       0x5e /senslab/users/iot2023oulu15/test-iot/bin/iotlab-m3/board_common_init/board_common.o
 .debug_macro   0x0000000000026934       0x1f /senslab/users/iot2023oulu15/test-iot/bin/iotlab-m3/board_common_init/board_common.o
 .debug_macro   0x0000000000026953       0x10 /senslab/users/iot2023oulu15/test-iot/bin/iotlab-m3/board_common_init/board_common.o
 .debug_macro   0x0000000000026963       0x70 /senslab/users/iot2023oulu15/test-iot/bin/iotlab-m3/board_common_init/board_common.o
 .debug_macro   0x00000000000269d3       0x20 /senslab/users/iot2023oulu15/test-iot/bin/iotlab-m3/board_common_init/board_common.o
 .debug_macro   0x00000000000269f3       0x40 /senslab/users/iot2023oulu15/test-iot/bin/iotlab-m3/board_common_init/board_common.o
 .debug_macro   0x0000000000026a33      0x319 /senslab/users/iot2023oulu15/test-iot/bin/iotlab-m3/core_lib/assert.o
 .debug_macro   0x0000000000026d4c      0xb08 /senslab/users/iot2023oulu15/test-iot/bin/iotlab-m3/core_lib/assert.o
 .debug_macro   0x0000000000027854       0x35 /senslab/users/iot2023oulu15/test-iot/bin/iotlab-m3/core_lib/assert.o
 .debug_macro   0x0000000000027889      0x4eb /senslab/users/iot2023oulu15/test-iot/bin/iotlab-m3/core_lib/init.o
 .debug_macro   0x0000000000027d74      0xb08 /senslab/users/iot2023oulu15/test-iot/bin/iotlab-m3/core_lib/init.o
 .debug_macro   0x000000000002887c      0x23b /senslab/users/iot2023oulu15/test-iot/bin/iotlab-m3/core_lib/init.o
 .debug_macro   0x0000000000028ab7       0x2e /senslab/users/iot2023oulu15/test-iot/bin/iotlab-m3/core_lib/init.o
 .debug_macro   0x0000000000028ae5       0x16 /senslab/users/iot2023oulu15/test-iot/bin/iotlab-m3/core_lib/init.o
 .debug_macro   0x0000000000028afb      0x4fe /senslab/users/iot2023oulu15/test-iot/bin/iotlab-m3/core_lib/init.o
 .debug_macro   0x0000000000028ff9       0x10 /senslab/users/iot2023oulu15/test-iot/bin/iotlab-m3/core_lib/init.o
 .debug_macro   0x0000000000029009      0x481 /senslab/users/iot2023oulu15/test-iot/bin/iotlab-m3/core_lib/panic.o
 .debug_macro   0x000000000002948a      0xb08 /senslab/users/iot2023oulu15/test-iot/bin/iotlab-m3/core_lib/panic.o
 .debug_macro   0x0000000000029f92       0x34 /senslab/users/iot2023oulu15/test-iot/bin/iotlab-m3/core_lib/panic.o
 .debug_macro   0x0000000000029fc6      0x327 /senslab/users/iot2023oulu15/test-iot/bin/iotlab-m3/core/sched.o
 .debug_macro   0x000000000002a2ed      0xb08 /senslab/users/iot2023oulu15/test-iot/bin/iotlab-m3/core/sched.o
 .debug_macro   0x000000000002adf5      0x337 /senslab/users/iot2023oulu15/test-iot/bin/iotlab-m3/core/thread.o
 .debug_macro   0x000000000002b12c      0xb08 /senslab/users/iot2023oulu15/test-iot/bin/iotlab-m3/core/thread.o
 .debug_macro   0x000000000002bc34       0x22 /senslab/users/iot2023oulu15/test-iot/bin/iotlab-m3/core/thread.o
 .debug_macro   0x000000000002bc56       0xdc /senslab/users/iot2023oulu15/test-iot/bin/iotlab-m3/core/thread.o
 .debug_macro   0x000000000002bd32      0x2f0 /senslab/users/iot2023oulu15/test-iot/bin/iotlab-m3/cortexm_common/cortexm_init.o
 .debug_macro   0x000000000002c022      0xb08 /senslab/users/iot2023oulu15/test-iot/bin/iotlab-m3/cortexm_common/cortexm_init.o
 .debug_macro   0x000000000002cb2a      0x2f3 /senslab/users/iot2023oulu15/test-iot/bin/iotlab-m3/cortexm_common/panic.o
 .debug_macro   0x000000000002ce1d      0xb08 /senslab/users/iot2023oulu15/test-iot/bin/iotlab-m3/cortexm_common/panic.o
 .debug_macro   0x000000000002d925      0x329 /senslab/users/iot2023oulu15/test-iot/bin/iotlab-m3/cortexm_common/thread_arch.o
 .debug_macro   0x000000000002dc4e      0xb08 /senslab/users/iot2023oulu15/test-iot/bin/iotlab-m3/cortexm_common/thread_arch.o
 .debug_macro   0x000000000002e756       0x1c /senslab/users/iot2023oulu15/test-iot/bin/iotlab-m3/cortexm_common/thread_arch.o
 .debug_macro   0x000000000002e772      0x547 /senslab/users/iot2023oulu15/test-iot/bin/iotlab-m3/cortexm_common/vectors_cortexm.o
 .debug_macro   0x000000000002ecb9      0xb08 /senslab/users/iot2023oulu15/test-iot/bin/iotlab-m3/cortexm_common/vectors_cortexm.o
 .debug_macro   0x000000000002f7c1       0x1c /senslab/users/iot2023oulu15/test-iot/bin/iotlab-m3/cortexm_common/vectors_cortexm.o
 .debug_macro   0x000000000002f7dd      0x49d /senslab/users/iot2023oulu15/test-iot/bin/iotlab-m3/cpu/cpu_common.o
 .debug_macro   0x000000000002fc7a      0xb08 /senslab/users/iot2023oulu15/test-iot/bin/iotlab-m3/cpu/cpu_common.o
 .debug_macro   0x0000000000030782      0x5a0 /senslab/users/iot2023oulu15/test-iot/bin/iotlab-m3/cpu/cpu_init.o
 .debug_macro   0x0000000000030d22      0xb08 /senslab/users/iot2023oulu15/test-iot/bin/iotlab-m3/cpu/cpu_init.o
 .debug_macro   0x000000000003182a       0x25 /senslab/users/iot2023oulu15/test-iot/bin/iotlab-m3/cpu/cpu_init.o
 .debug_macro   0x000000000003184f      0x655 /senslab/users/iot2023oulu15/test-iot/bin/iotlab-m3/newlib_syscalls_default/syscalls.o
 .debug_macro   0x0000000000031ea4      0xb08 /senslab/users/iot2023oulu15/test-iot/bin/iotlab-m3/newlib_syscalls_default/syscalls.o
 .debug_macro   0x00000000000329ac       0x10 /senslab/users/iot2023oulu15/test-iot/bin/iotlab-m3/newlib_syscalls_default/syscalls.o
 .debug_macro   0x00000000000329bc       0xcf /senslab/users/iot2023oulu15/test-iot/bin/iotlab-m3/newlib_syscalls_default/syscalls.o
 .debug_macro   0x0000000000032a8b       0x10 /senslab/users/iot2023oulu15/test-iot/bin/iotlab-m3/newlib_syscalls_default/syscalls.o
 .debug_macro   0x0000000000032a9b       0x20 /senslab/users/iot2023oulu15/test-iot/bin/iotlab-m3/newlib_syscalls_default/syscalls.o
 .debug_macro   0x0000000000032abb       0xb2 /senslab/users/iot2023oulu15/test-iot/bin/iotlab-m3/newlib_syscalls_default/syscalls.o
 .debug_macro   0x0000000000032b6d       0xbe /senslab/users/iot2023oulu15/test-iot/bin/iotlab-m3/newlib_syscalls_default/syscalls.o
 .debug_macro   0x0000000000032c2b       0x10 /senslab/users/iot2023oulu15/test-iot/bin/iotlab-m3/newlib_syscalls_default/syscalls.o
 .debug_macro   0x0000000000032c3b       0x10 /senslab/users/iot2023oulu15/test-iot/bin/iotlab-m3/newlib_syscalls_default/syscalls.o
 .debug_macro   0x0000000000032c4b       0x3c /senslab/users/iot2023oulu15/test-iot/bin/iotlab-m3/newlib_syscalls_default/syscalls.o
 .debug_macro   0x0000000000032c87       0xff /senslab/users/iot2023oulu15/test-iot/bin/iotlab-m3/newlib_syscalls_default/syscalls.o
 .debug_macro   0x0000000000032d86       0x16 /senslab/users/iot2023oulu15/test-iot/bin/iotlab-m3/newlib_syscalls_default/syscalls.o
 .debug_macro   0x0000000000032d9c       0x10 /senslab/users/iot2023oulu15/test-iot/bin/iotlab-m3/newlib_syscalls_default/syscalls.o
 .debug_macro   0x0000000000032dac       0x10 /senslab/users/iot2023oulu15/test-iot/bin/iotlab-m3/newlib_syscalls_default/syscalls.o
 .debug_macro   0x0000000000032dbc       0x2e /senslab/users/iot2023oulu15/test-iot/bin/iotlab-m3/newlib_syscalls_default/syscalls.o
 .debug_macro   0x0000000000032dea      0x102 /senslab/users/iot2023oulu15/test-iot/bin/iotlab-m3/newlib_syscalls_default/syscalls.o
 .debug_macro   0x0000000000032eec      0x50f /senslab/users/iot2023oulu15/test-iot/bin/iotlab-m3/periph_common/init_leds.o
 .debug_macro   0x00000000000333fb      0xb08 /senslab/users/iot2023oulu15/test-iot/bin/iotlab-m3/periph_common/init_leds.o
 .debug_macro   0x0000000000033f03      0x478 /senslab/users/iot2023oulu15/test-iot/bin/iotlab-m3/periph_common/init.o
 .debug_macro   0x000000000003437b      0xb08 /senslab/users/iot2023oulu15/test-iot/bin/iotlab-m3/periph_common/init.o
 .debug_macro   0x0000000000034e83      0x52d /senslab/users/iot2023oulu15/test-iot/bin/iotlab-m3/periph/gpio_f1.o
 .debug_macro   0x00000000000353b0      0xb08 /senslab/users/iot2023oulu15/test-iot/bin/iotlab-m3/periph/gpio_f1.o
 .debug_macro   0x0000000000035eb8      0x4a1 /senslab/users/iot2023oulu15/test-iot/bin/iotlab-m3/periph/pm.o
 .debug_macro   0x0000000000036359      0xb08 /senslab/users/iot2023oulu15/test-iot/bin/iotlab-m3/periph/pm.o
 .debug_macro   0x0000000000036e61      0x4f4 /senslab/users/iot2023oulu15/test-iot/bin/iotlab-m3/periph/uart.o
 .debug_macro   0x0000000000037355      0xb08 /senslab/users/iot2023oulu15/test-iot/bin/iotlab-m3/periph/uart.o
 .debug_macro   0x0000000000037e5d       0x10 /senslab/users/iot2023oulu15/test-iot/bin/iotlab-m3/periph/uart.o
 .debug_macro   0x0000000000037e6d      0x53c /senslab/users/iot2023oulu15/test-iot/bin/iotlab-m3/pm_layered/pm.o
 .debug_macro   0x00000000000383a9      0xb08 /senslab/users/iot2023oulu15/test-iot/bin/iotlab-m3/pm_layered/pm.o
 .debug_macro   0x0000000000038eb1      0x5df /senslab/users/iot2023oulu15/test-iot/bin/iotlab-m3/stdio_uart/stdio_uart.o
 .debug_macro   0x0000000000039490      0xb08 /senslab/users/iot2023oulu15/test-iot/bin/iotlab-m3/stdio_uart/stdio_uart.o
 .debug_macro   0x0000000000039f98       0x10 /senslab/users/iot2023oulu15/test-iot/bin/iotlab-m3/stdio_uart/stdio_uart.o
 .debug_macro   0x0000000000039fa8      0x493 /senslab/users/iot2023oulu15/test-iot/bin/iotlab-m3/stm32_clk/stmclk_common.o
 .debug_macro   0x000000000003a43b      0xb08 /senslab/users/iot2023oulu15/test-iot/bin/iotlab-m3/stm32_clk/stmclk_common.o
 .debug_macro   0x000000000003af43      0x509 /senslab/users/iot2023oulu15/test-iot/bin/iotlab-m3/stm32_clk/stmclk_f0f1f3.o
 .debug_macro   0x000000000003b44c      0xb08 /senslab/users/iot2023oulu15/test-iot/bin/iotlab-m3/stm32_clk/stmclk_f0f1f3.o
 .debug_macro   0x000000000003bf54       0xf5 /senslab/users/iot2023oulu15/test-iot/bin/iotlab-m3/stm32_vectors/STM32F103xE.o
 .debug_macro   0x000000000003c049      0xb08 /senslab/users/iot2023oulu15/test-iot/bin/iotlab-m3/stm32_vectors/STM32F103xE.o
 .debug_macro   0x000000000003cb51       0x16 /senslab/users/iot2023oulu15/test-iot/bin/iotlab-m3/stm32_vectors/STM32F103xE.o

.debug_line     0x0000000000000000    0x12322
 .debug_line    0x0000000000000000      0x37b /senslab/users/iot2023oulu15/test-iot/bin/iotlab-m3/application_example/main.o
 .debug_line    0x000000000000037b      0x855 /senslab/users/iot2023oulu15/test-iot/bin/iotlab-m3/auto_init/auto_init.o
 .debug_line    0x0000000000000bd0      0xc39 /senslab/users/iot2023oulu15/test-iot/bin/iotlab-m3/board_common_init/board_common.o
 .debug_line    0x0000000000001809      0x797 /senslab/users/iot2023oulu15/test-iot/bin/iotlab-m3/core_lib/assert.o
 .debug_line    0x0000000000001fa0      0xb45 /senslab/users/iot2023oulu15/test-iot/bin/iotlab-m3/core_lib/init.o
 .debug_line    0x0000000000002ae5      0xb03 /senslab/users/iot2023oulu15/test-iot/bin/iotlab-m3/core_lib/panic.o
 .debug_line    0x00000000000035e8      0xd6e /senslab/users/iot2023oulu15/test-iot/bin/iotlab-m3/core/sched.o
 .debug_line    0x0000000000004356     0x1094 /senslab/users/iot2023oulu15/test-iot/bin/iotlab-m3/core/thread.o
 .debug_line    0x00000000000053ea      0x861 /senslab/users/iot2023oulu15/test-iot/bin/iotlab-m3/cortexm_common/cortexm_init.o
 .debug_line    0x0000000000005c4b      0x76f /senslab/users/iot2023oulu15/test-iot/bin/iotlab-m3/cortexm_common/panic.o
 .debug_line    0x00000000000063ba      0xa83 /senslab/users/iot2023oulu15/test-iot/bin/iotlab-m3/cortexm_common/thread_arch.o
 .debug_line    0x0000000000006e3d      0xf49 /senslab/users/iot2023oulu15/test-iot/bin/iotlab-m3/cortexm_common/vectors_cortexm.o
 .debug_line    0x0000000000007d86      0xbf5 /senslab/users/iot2023oulu15/test-iot/bin/iotlab-m3/cpu/cpu_common.o
 .debug_line    0x000000000000897b      0xdae /senslab/users/iot2023oulu15/test-iot/bin/iotlab-m3/cpu/cpu_init.o
 .debug_line    0x0000000000009729     0x10ea /senslab/users/iot2023oulu15/test-iot/bin/iotlab-m3/newlib_syscalls_default/syscalls.o
 .debug_line    0x000000000000a813      0xc60 /senslab/users/iot2023oulu15/test-iot/bin/iotlab-m3/periph_common/init_leds.o
 .debug_line    0x000000000000b473      0xb02 /senslab/users/iot2023oulu15/test-iot/bin/iotlab-m3/periph_common/init.o
 .debug_line    0x000000000000bf75      0xf81 /senslab/users/iot2023oulu15/test-iot/bin/iotlab-m3/periph/gpio_f1.o
 .debug_line    0x000000000000cef6      0xb5b /senslab/users/iot2023oulu15/test-iot/bin/iotlab-m3/periph/pm.o
 .debug_line    0x000000000000da51      0xf4d /senslab/users/iot2023oulu15/test-iot/bin/iotlab-m3/periph/uart.o
 .debug_line    0x000000000000e99e      0xf27 /senslab/users/iot2023oulu15/test-iot/bin/iotlab-m3/pm_layered/pm.o
 .debug_line    0x000000000000f8c5      0xd22 /senslab/users/iot2023oulu15/test-iot/bin/iotlab-m3/stdio_uart/stdio_uart.o
 .debug_line    0x00000000000105e7      0xc5b /senslab/users/iot2023oulu15/test-iot/bin/iotlab-m3/stm32_clk/stmclk_common.o
 .debug_line    0x0000000000011242      0xcb5 /senslab/users/iot2023oulu15/test-iot/bin/iotlab-m3/stm32_clk/stmclk_f0f1f3.o
 .debug_line    0x0000000000011ef7      0x42b /senslab/users/iot2023oulu15/test-iot/bin/iotlab-m3/stm32_vectors/STM32F103xE.o

.debug_str      0x0000000000000000    0xb1e32
 .debug_str     0x0000000000000000     0x7b6c /senslab/users/iot2023oulu15/test-iot/bin/iotlab-m3/application_example/main.o
                                       0x7e2d (size before relaxing)
 .debug_str     0x0000000000007b6c    0xa30e3 /senslab/users/iot2023oulu15/test-iot/bin/iotlab-m3/auto_init/auto_init.o
                                      0xab0e1 (size before relaxing)
 .debug_str     0x00000000000aac4f     0x2589 /senslab/users/iot2023oulu15/test-iot/bin/iotlab-m3/board_common_init/board_common.o
                                      0x68cbe (size before relaxing)
 .debug_str     0x00000000000ad1d8      0x1f9 /senslab/users/iot2023oulu15/test-iot/bin/iotlab-m3/core_lib/assert.o
                                      0x66730 (size before relaxing)
 .debug_str     0x00000000000ad3d1     0x177a /senslab/users/iot2023oulu15/test-iot/bin/iotlab-m3/core_lib/init.o
                                      0x68e8f (size before relaxing)
 .debug_str     0x00000000000aeb4b       0xb8 /senslab/users/iot2023oulu15/test-iot/bin/iotlab-m3/core_lib/panic.o
                                      0x678be (size before relaxing)
 .debug_str     0x00000000000aec03      0x61c /senslab/users/iot2023oulu15/test-iot/bin/iotlab-m3/core/sched.o
                                      0x66df1 (size before relaxing)
 .debug_str     0x00000000000af21f      0x27f /senslab/users/iot2023oulu15/test-iot/bin/iotlab-m3/core/thread.o
                                      0x66ffb (size before relaxing)
 .debug_str     0x00000000000af49e      0x4f4 /senslab/users/iot2023oulu15/test-iot/bin/iotlab-m3/cortexm_common/cortexm_init.o
                                      0x6674b (size before relaxing)
 .debug_str     0x00000000000af992       0x78 /senslab/users/iot2023oulu15/test-iot/bin/iotlab-m3/cortexm_common/panic.o
                                      0x66375 (size before relaxing)
 .debug_str     0x00000000000afa0a      0x1bc /senslab/users/iot2023oulu15/test-iot/bin/iotlab-m3/cortexm_common/thread_arch.o
                                      0x66861 (size before relaxing)
 .debug_str     0x00000000000afbc6      0x430 /senslab/users/iot2023oulu15/test-iot/bin/iotlab-m3/cortexm_common/vectors_cortexm.o
                                      0x69265 (size before relaxing)
 .debug_str     0x00000000000afff6      0x140 /senslab/users/iot2023oulu15/test-iot/bin/iotlab-m3/cpu/cpu_common.o
                                      0x67de8 (size before relaxing)
 .debug_str     0x00000000000b0136      0x24b /senslab/users/iot2023oulu15/test-iot/bin/iotlab-m3/cpu/cpu_init.o
                                      0x69ebd (size before relaxing)
 .debug_str     0x00000000000b0381      0x943 /senslab/users/iot2023oulu15/test-iot/bin/iotlab-m3/newlib_syscalls_default/syscalls.o
                                      0x6ac36 (size before relaxing)
 .debug_str     0x00000000000b0cc4      0x1b3 /senslab/users/iot2023oulu15/test-iot/bin/iotlab-m3/periph_common/init_leds.o
                                      0x68dc9 (size before relaxing)
 .debug_str     0x00000000000b0e77       0x9a /senslab/users/iot2023oulu15/test-iot/bin/iotlab-m3/periph_common/init.o
                                      0x67983 (size before relaxing)
 .debug_str     0x00000000000b0f11      0x1ab /senslab/users/iot2023oulu15/test-iot/bin/iotlab-m3/periph/gpio_f1.o
                                      0x692c3 (size before relaxing)
 .debug_str     0x00000000000b10bc      0x16b /senslab/users/iot2023oulu15/test-iot/bin/iotlab-m3/periph/pm.o
                                      0x67967 (size before relaxing)
 .debug_str     0x00000000000b1227      0x2ab /senslab/users/iot2023oulu15/test-iot/bin/iotlab-m3/periph/uart.o
                                      0x687f8 (size before relaxing)
 .debug_str     0x00000000000b14d2       0xdf /senslab/users/iot2023oulu15/test-iot/bin/iotlab-m3/pm_layered/pm.o
                                      0x68f92 (size before relaxing)
 .debug_str     0x00000000000b15b1      0x274 /senslab/users/iot2023oulu15/test-iot/bin/iotlab-m3/stdio_uart/stdio_uart.o
                                      0x6a55d (size before relaxing)
 .debug_str     0x00000000000b1825      0x1a7 /senslab/users/iot2023oulu15/test-iot/bin/iotlab-m3/stm32_clk/stmclk_common.o
                                      0x67a99 (size before relaxing)
 .debug_str     0x00000000000b19cc      0x381 /senslab/users/iot2023oulu15/test-iot/bin/iotlab-m3/stm32_clk/stmclk_f0f1f3.o
                                      0x67dad (size before relaxing)
 .debug_str     0x00000000000b1d4d       0xe5 /senslab/users/iot2023oulu15/test-iot/bin/iotlab-m3/stm32_vectors/STM32F103xE.o
                                      0x60cb1 (size before relaxing)

.comment        0x0000000000000000       0x4c
 .comment       0x0000000000000000       0x4c /senslab/users/iot2023oulu15/test-iot/bin/iotlab-m3/application_example/main.o
                                         0x4d (size before relaxing)
 .comment       0x000000000000004c       0x4d /senslab/users/iot2023oulu15/test-iot/bin/iotlab-m3/auto_init/auto_init.o
 .comment       0x000000000000004c       0x4d /senslab/users/iot2023oulu15/test-iot/bin/iotlab-m3/board_common_init/board_common.o
 .comment       0x000000000000004c       0x4d /senslab/users/iot2023oulu15/test-iot/bin/iotlab-m3/core_lib/assert.o
 .comment       0x000000000000004c       0x4d /senslab/users/iot2023oulu15/test-iot/bin/iotlab-m3/core_lib/init.o
 .comment       0x000000000000004c       0x4d /senslab/users/iot2023oulu15/test-iot/bin/iotlab-m3/core_lib/panic.o
 .comment       0x000000000000004c       0x4d /senslab/users/iot2023oulu15/test-iot/bin/iotlab-m3/core/sched.o
 .comment       0x000000000000004c       0x4d /senslab/users/iot2023oulu15/test-iot/bin/iotlab-m3/core/thread.o
 .comment       0x000000000000004c       0x4d /senslab/users/iot2023oulu15/test-iot/bin/iotlab-m3/cortexm_common/cortexm_init.o
 .comment       0x000000000000004c       0x4d /senslab/users/iot2023oulu15/test-iot/bin/iotlab-m3/cortexm_common/panic.o